[2026-08-12 22:44:46] 🚀 AI 飆股多因子量化評分引擎啟動...
[22:44:46] 🔥 AI 飆股引擎量化計算完成 (掃描 2305 檔，取前 50 名輸出):
  #1 2317.TW 鴻海       AI評分=90.9 題材=CoWoS AI伺服器 原因=🚀布林通道窄幅緊縮後帶量突破上軌(波動爆發)，📊均線呈現完美多頭排列，聚焦熱門題材【CoWoS AI伺服器】，基本面月營收高速成長(YoY+54.2%)，🔑量化目標區:265.4~271.9，停損防線:251.5。
  #2 2382.TW 廣達       AI評分=88.5 題材=電腦週邊 原因=📈帶量突破月均線(中期波段起漲)，MACD翻紅買訊，🐳千張大戶重度鎖碼(81.35%)，聚焦熱門題材【電腦週邊】，基本面月營收高速成長(YoY+131.3%)，🔑量化目標區:318.6~328.2，停損防線:298.0。
  #3 3653.TW 健策       AI評分=88.3 題材=AI水冷散熱 原因=📊均線呈現完美多頭排列，KD黃金交叉，聚焦熱門題材【AI水冷散熱】，基本面月營收高速成長(YoY+91.0%)，🔑量化目標區:4324.8~4528.1，停損防線:3889.3。
  #4 3017.TW 奇鋐       AI評分=85.6 題材=CoWoS AI伺服器 原因=📊均線呈現完美多頭排列，聚焦熱門題材【CoWoS AI伺服器】，基本面月營收高速成長(YoY+57.4%)，🔑量化目標區:2823.5~2944.6，停損防線:2564.2。
  #5 3443.TW 創意       AI評分=85.2 題材=先進封裝載板 原因=🚀布林通道窄幅緊縮後帶量突破上軌(波動爆發)，📊均線呈現完美多頭排列，RSI多頭增強，聚焦熱門題材【先進封裝載板】，基本面月營收高速成長(YoY+158.4%)，🔑量化目標區:4964.6~5196.2，停損防線:4468.4。
[22:45:16] 🔥 AI 飆股引擎量化計算完成 (掃描 2305 檔，取前 50 名輸出):
  #1 2317.TW 鴻海       AI評分=90.9 題材=CoWoS AI伺服器 原因=🚀布林通道窄幅緊縮後帶量突破上軌(波動爆發)，📊均線呈現完美多頭排列，聚焦熱門題材【CoWoS AI伺服器】，基本面月營收高速成長(YoY+54.2%)，🔑量化目標區:265.4~271.9，停損防線:251.5。
  #2 2382.TW 廣達       AI評分=88.5 題材=電腦週邊 原因=📈帶量突破月均線(中期波段起漲)，MACD翻紅買訊，🐳千張大戶重度鎖碼(81.35%)，聚焦熱門題材【電腦週邊】，基本面月營收高速成長(YoY+131.3%)，🔑量化目標區:318.6~328.2，停損防線:298.0。
  #3 3653.TW 健策       AI評分=88.3 題材=AI水冷散熱 原因=📊均線呈現完美多頭排列，KD黃金交叉，聚焦熱門題材【AI水冷散熱】，基本面月營收高速成長(YoY+91.0%)，🔑量化目標區:4324.8~4528.1，停損防線:3889.3。
  #4 3017.TW 奇鋐       AI評分=85.6 題材=CoWoS AI伺服器 原因=📊均線呈現完美多頭排列，聚焦熱門題材【CoWoS AI伺服器】，基本面月營收高速成長(YoY+57.4%)，🔑量化目標區:2823.5~2944.6，停損防線:2564.2。
  #5 3443.TW 創意       AI評分=85.2 題材=先進封裝載板 原因=🚀布林通道窄幅緊縮後帶量突破上軌(波動爆發)，📊均線呈現完美多頭排列，RSI多頭增強，聚焦熱門題材【先進封裝載板】，基本面月營收高速成長(YoY+158.4%)，🔑量化目標區:4964.6~5196.2，停損防線:4468.4。
[22:45:46] 🔥 AI 飆股引擎量化計算完成 (掃描 2305 檔，取前 50 名輸出):
  #1 2317.TW 鴻海       AI評分=90.9 題材=CoWoS AI伺服器 原因=🚀布林通道窄幅緊縮後帶量突破上軌(波動爆發)，📊均線呈現完美多頭排列，聚焦熱門題材【CoWoS AI伺服器】，基本面月營收高速成長(YoY+54.2%)，🔑量化目標區:265.4~271.9，停損防線:251.5。
  #2 2382.TW 廣達       AI評分=88.5 題材=電腦週邊 原因=📈帶量突破月均線(中期波段起漲)，MACD翻紅買訊，🐳千張大戶重度鎖碼(81.35%)，聚焦熱門題材【電腦週邊】，基本面月營收高速成長(YoY+131.3%)，🔑量化目標區:318.6~328.2，停損防線:298.0。
  #3 3653.TW 健策       AI評分=88.3 題材=AI水冷散熱 原因=📊均線呈現完美多頭排列，KD黃金交叉，聚焦熱門題材【AI水冷散熱】，基本面月營收高速成長(YoY+91.0%)，🔑量化目標區:4324.8~4528.1，停損防線:3889.3。
  #4 3017.TW 奇鋐       AI評分=85.6 題材=CoWoS AI伺服器 原因=📊均線呈現完美多頭排列，聚焦熱門題材【CoWoS AI伺服器】，基本面月營收高速成長(YoY+57.4%)，🔑量化目標區:2823.5~2944.6，停損防線:2564.2。
  #5 3443.TW 創意       AI評分=85.2 題材=先進封裝載板 原因=🚀布林通道窄幅緊縮後帶量突破上軌(波動爆發)，📊均線呈現完美多頭排列，RSI多頭增強，聚焦熱門題材【先進封裝載板】，基本面月營收高速成長(YoY+158.4%)，🔑量化目標區:4964.6~5196.2，停損防線:4468.4。
[22:46:17] 🔥 AI 飆股引擎量化計算完成 (掃描 2305 檔，取前 50 名輸出):
  #1 2317.TW 鴻海       AI評分=90.9 題材=CoWoS AI伺服器 原因=🚀布林通道窄幅緊縮後帶量突破上軌(波動爆發)，📊均線呈現完美多頭排列，聚焦熱門題材【CoWoS AI伺服器】，基本面月營收高速成長(YoY+54.2%)，🔑量化目標區:265.4~271.9，停損防線:251.5。
  #2 2382.TW 廣達       AI評分=88.5 題材=電腦週邊 原因=📈帶量突破月均線(中期波段起漲)，MACD翻紅買訊，🐳千張大戶重度鎖碼(81.35%)，聚焦熱門題材【電腦週邊】，基本面月營收高速成長(YoY+131.3%)，🔑量化目標區:318.6~328.2，停損防線:298.0。
  #3 3653.TW 健策       AI評分=88.3 題材=AI水冷散熱 原因=📊均線呈現完美多頭排列，KD黃金交叉，聚焦熱門題材【AI水冷散熱】，基本面月營收高速成長(YoY+91.0%)，🔑量化目標區:4324.8~4528.1，停損防線:3889.3。
  #4 3017.TW 奇鋐       AI評分=85.6 題材=CoWoS AI伺服器 原因=📊均線呈現完美多頭排列，聚焦熱門題材【CoWoS AI伺服器】，基本面月營收高速成長(YoY+57.4%)，🔑量化目標區:2823.5~2944.6，停損防線:2564.2。
  #5 3443.TW 創意       AI評分=85.2 題材=先進封裝載板 原因=🚀布林通道窄幅緊縮後帶量突破上軌(波動爆發)，📊均線呈現完美多頭排列，RSI多頭增強，聚焦熱門題材【先進封裝載板】，基本面月營收高速成長(YoY+158.4%)，🔑量化目標區:4964.6~5196.2，停損防線:4468.4。
[22:46:47] 🔥 AI 飆股引擎量化計算完成 (掃描 2305 檔，取前 50 名輸出):
  #1 2317.TW 鴻海       AI評分=90.9 題材=CoWoS AI伺服器 原因=🚀布林通道窄幅緊縮後帶量突破上軌(波動爆發)，📊均線呈現完美多頭排列，聚焦熱門題材【CoWoS AI伺服器】，基本面月營收高速成長(YoY+54.2%)，🔑量化目標區:265.4~271.9，停損防線:251.5。
  #2 2382.TW 廣達       AI評分=88.5 題材=電腦週邊 原因=📈帶量突破月均線(中期波段起漲)，MACD翻紅買訊，🐳千張大戶重度鎖碼(81.35%)，聚焦熱門題材【電腦週邊】，基本面月營收高速成長(YoY+131.3%)，🔑量化目標區:318.6~328.2，停損防線:298.0。
  #3 3653.TW 健策       AI評分=88.3 題材=AI水冷散熱 原因=📊均線呈現完美多頭排列，KD黃金交叉，聚焦熱門題材【AI水冷散熱】，基本面月營收高速成長(YoY+91.0%)，🔑量化目標區:4324.8~4528.1，停損防線:3889.3。
  #4 3017.TW 奇鋐       AI評分=85.6 題材=CoWoS AI伺服器 原因=📊均線呈現完美多頭排列，聚焦熱門題材【CoWoS AI伺服器】，基本面月營收高速成長(YoY+57.4%)，🔑量化目標區:2823.5~2944.6，停損防線:2564.2。
  #5 3443.TW 創意       AI評分=85.2 題材=先進封裝載板 原因=🚀布林通道窄幅緊縮後帶量突破上軌(波動爆發)，📊均線呈現完美多頭排列，RSI多頭增強，聚焦熱門題材【先進封裝載板】，基本面月營收高速成長(YoY+158.4%)，🔑量化目標區:4964.6~5196.2，停損防線:4468.4。
[22:47:17] 🔥 AI 飆股引擎量化計算完成 (掃描 1319 檔，取前 50 名輸出):
  #1 2317.TW 鴻海       AI評分=90.9 題材=CoWoS AI伺服器 原因=🚀布林通道窄幅緊縮後帶量突破上軌(波動爆發)，📊均線呈現完美多頭排列，聚焦熱門題材【CoWoS AI伺服器】，基本面月營收高速成長(YoY+54.2%)，🔑量化目標區:265.4~271.9，停損防線:251.5。
  #2 2382.TW 廣達       AI評分=88.5 題材=電腦週邊 原因=📈帶量突破月均線(中期波段起漲)，MACD翻紅買訊，🐳千張大戶重度鎖碼(81.35%)，聚焦熱門題材【電腦週邊】，基本面月營收高速成長(YoY+131.3%)，🔑量化目標區:318.6~328.2，停損防線:298.0。
  #3 3653.TW 健策       AI評分=88.3 題材=AI水冷散熱 原因=📊均線呈現完美多頭排列，KD黃金交叉，聚焦熱門題材【AI水冷散熱】，基本面月營收高速成長(YoY+91.0%)，🔑量化目標區:4324.8~4528.1，停損防線:3889.3。
  #4 3017.TW 奇鋐       AI評分=85.6 題材=CoWoS AI伺服器 原因=📊均線呈現完美多頭排列，聚焦熱門題材【CoWoS AI伺服器】，基本面月營收高速成長(YoY+57.4%)，🔑量化目標區:2823.5~2944.6，停損防線:2564.2。
  #5 3443.TW 創意       AI評分=85.2 題材=先進封裝載板 原因=🚀布林通道窄幅緊縮後帶量突破上軌(波動爆發)，📊均線呈現完美多頭排列，RSI多頭增強，聚焦熱門題材【先進封裝載板】，基本面月營收高速成長(YoY+158.4%)，🔑量化目標區:4964.6~5196.2，停損防線:4468.4。
[22:47:47] 🔥 AI 飆股引擎量化計算完成 (掃描 1319 檔，取前 50 名輸出):
  #1 2317.TW 鴻海       AI評分=90.9 題材=CoWoS AI伺服器 原因=🚀布林通道窄幅緊縮後帶量突破上軌(波動爆發)，📊均線呈現完美多頭排列，聚焦熱門題材【CoWoS AI伺服器】，基本面月營收高速成長(YoY+54.2%)，🔑量化目標區:265.4~271.9，停損防線:251.5。
  #2 2382.TW 廣達       AI評分=88.5 題材=電腦週邊 原因=📈帶量突破月均線(中期波段起漲)，MACD翻紅買訊，🐳千張大戶重度鎖碼(81.35%)，聚焦熱門題材【電腦週邊】，基本面月營收高速成長(YoY+131.3%)，🔑量化目標區:318.6~328.2，停損防線:298.0。
  #3 3653.TW 健策       AI評分=88.3 題材=AI水冷散熱 原因=📊均線呈現完美多頭排列，KD黃金交叉，聚焦熱門題材【AI水冷散熱】，基本面月營收高速成長(YoY+91.0%)，🔑量化目標區:4324.8~4528.1，停損防線:3889.3。
  #4 3017.TW 奇鋐       AI評分=85.6 題材=CoWoS AI伺服器 原因=📊均線呈現完美多頭排列，聚焦熱門題材【CoWoS AI伺服器】，基本面月營收高速成長(YoY+57.4%)，🔑量化目標區:2823.5~2944.6，停損防線:2564.2。
  #5 3443.TW 創意       AI評分=85.2 題材=先進封裝載板 原因=🚀布林通道窄幅緊縮後帶量突破上軌(波動爆發)，📊均線呈現完美多頭排列，RSI多頭增強，聚焦熱門題材【先進封裝載板】，基本面月營收高速成長(YoY+158.4%)，🔑量化目標區:4964.6~5196.2，停損防線:4468.4。
[22:48:17] 🔥 AI 飆股引擎量化計算完成 (掃描 1319 檔，取前 50 名輸出):
  #1 2317.TW 鴻海       AI評分=90.9 題材=CoWoS AI伺服器 原因=🚀布林通道窄幅緊縮後帶量突破上軌(波動爆發)，📊均線呈現完美多頭排列，聚焦熱門題材【CoWoS AI伺服器】，基本面月營收高速成長(YoY+54.2%)，🔑量化目標區:265.4~271.9，停損防線:251.5。
  #2 2382.TW 廣達       AI評分=88.5 題材=電腦週邊 原因=📈帶量突破月均線(中期波段起漲)，MACD翻紅買訊，🐳千張大戶重度鎖碼(81.35%)，聚焦熱門題材【電腦週邊】，基本面月營收高速成長(YoY+131.3%)，🔑量化目標區:318.6~328.2，停損防線:298.0。
  #3 3653.TW 健策       AI評分=88.3 題材=AI水冷散熱 原因=📊均線呈現完美多頭排列，KD黃金交叉，聚焦熱門題材【AI水冷散熱】，基本面月營收高速成長(YoY+91.0%)，🔑量化目標區:4324.8~4528.1，停損防線:3889.3。
  #4 3017.TW 奇鋐       AI評分=85.6 題材=CoWoS AI伺服器 原因=📊均線呈現完美多頭排列，聚焦熱門題材【CoWoS AI伺服器】，基本面月營收高速成長(YoY+57.4%)，🔑量化目標區:2823.5~2944.6，停損防線:2564.2。
  #5 3443.TW 創意       AI評分=85.2 題材=先進封裝載板 原因=🚀布林通道窄幅緊縮後帶量突破上軌(波動爆發)，📊均線呈現完美多頭排列，RSI多頭增強，聚焦熱門題材【先進封裝載板】，基本面月營收高速成長(YoY+158.4%)，🔑量化目標區:4964.6~5196.2，停損防線:4468.4。
[22:48:47] 🔥 AI 飆股引擎量化計算完成 (掃描 1319 檔，取前 50 名輸出):
  #1 2317.TW 鴻海       AI評分=90.9 題材=CoWoS AI伺服器 原因=🚀布林通道窄幅緊縮後帶量突破上軌(波動爆發)，📊均線呈現完美多頭排列，聚焦熱門題材【CoWoS AI伺服器】，基本面月營收高速成長(YoY+54.2%)，🔑量化目標區:265.4~271.9，停損防線:251.5。
  #2 2382.TW 廣達       AI評分=88.5 題材=電腦週邊 原因=📈帶量突破月均線(中期波段起漲)，MACD翻紅買訊，🐳千張大戶重度鎖碼(81.35%)，聚焦熱門題材【電腦週邊】，基本面月營收高速成長(YoY+131.3%)，🔑量化目標區:318.6~328.2，停損防線:298.0。
  #3 3653.TW 健策       AI評分=88.3 題材=AI水冷散熱 原因=📊均線呈現完美多頭排列，KD黃金交叉，聚焦熱門題材【AI水冷散熱】，基本面月營收高速成長(YoY+91.0%)，🔑量化目標區:4324.8~4528.1，停損防線:3889.3。
  #4 3017.TW 奇鋐       AI評分=85.6 題材=CoWoS AI伺服器 原因=📊均線呈現完美多頭排列，聚焦熱門題材【CoWoS AI伺服器】，基本面月營收高速成長(YoY+57.4%)，🔑量化目標區:2823.5~2944.6，停損防線:2564.2。
  #5 3443.TW 創意       AI評分=85.2 題材=先進封裝載板 原因=🚀布林通道窄幅緊縮後帶量突破上軌(波動爆發)，📊均線呈現完美多頭排列，RSI多頭增強，聚焦熱門題材【先進封裝載板】，基本面月營收高速成長(YoY+158.4%)，🔑量化目標區:4964.6~5196.2，停損防線:4468.4。
[22:49:17] 🔥 AI 飆股引擎量化計算完成 (掃描 1319 檔，取前 50 名輸出):
  #1 2317.TW 鴻海       AI評分=90.9 題材=CoWoS AI伺服器 原因=🚀布林通道窄幅緊縮後帶量突破上軌(波動爆發)，📊均線呈現完美多頭排列，聚焦熱門題材【CoWoS AI伺服器】，基本面月營收高速成長(YoY+54.2%)，🔑量化目標區:265.4~271.9，停損防線:251.5。
  #2 2382.TW 廣達       AI評分=88.5 題材=電腦週邊 原因=📈帶量突破月均線(中期波段起漲)，MACD翻紅買訊，🐳千張大戶重度鎖碼(81.35%)，聚焦熱門題材【電腦週邊】，基本面月營收高速成長(YoY+131.3%)，🔑量化目標區:318.6~328.2，停損防線:298.0。
  #3 3653.TW 健策       AI評分=88.3 題材=AI水冷散熱 原因=📊均線呈現完美多頭排列，KD黃金交叉，聚焦熱門題材【AI水冷散熱】，基本面月營收高速成長(YoY+91.0%)，🔑量化目標區:4324.8~4528.1，停損防線:3889.3。
  #4 3017.TW 奇鋐       AI評分=85.6 題材=CoWoS AI伺服器 原因=📊均線呈現完美多頭排列，聚焦熱門題材【CoWoS AI伺服器】，基本面月營收高速成長(YoY+57.4%)，🔑量化目標區:2823.5~2944.6，停損防線:2564.2。
  #5 3443.TW 創意       AI評分=85.2 題材=先進封裝載板 原因=🚀布林通道窄幅緊縮後帶量突破上軌(波動爆發)，📊均線呈現完美多頭排列，RSI多頭增強，聚焦熱門題材【先進封裝載板】，基本面月營收高速成長(YoY+158.4%)，🔑量化目標區:4964.6~5196.2，停損防線:4468.4。
[22:49:47] 🔥 AI 飆股引擎量化計算完成 (掃描 1319 檔，取前 50 名輸出):
  #1 2317.TW 鴻海       AI評分=90.9 題材=CoWoS AI伺服器 原因=🚀布林通道窄幅緊縮後帶量突破上軌(波動爆發)，📊均線呈現完美多頭排列，聚焦熱門題材【CoWoS AI伺服器】，基本面月營收高速成長(YoY+54.2%)，🔑量化目標區:265.4~271.9，停損防線:251.5。
  #2 2382.TW 廣達       AI評分=88.5 題材=電腦週邊 原因=📈帶量突破月均線(中期波段起漲)，MACD翻紅買訊，🐳千張大戶重度鎖碼(81.35%)，聚焦熱門題材【電腦週邊】，基本面月營收高速成長(YoY+131.3%)，🔑量化目標區:318.6~328.2，停損防線:298.0。
  #3 3653.TW 健策       AI評分=88.3 題材=AI水冷散熱 原因=📊均線呈現完美多頭排列，KD黃金交叉，聚焦熱門題材【AI水冷散熱】，基本面月營收高速成長(YoY+91.0%)，🔑量化目標區:4324.8~4528.1，停損防線:3889.3。
  #4 3017.TW 奇鋐       AI評分=85.6 題材=CoWoS AI伺服器 原因=📊均線呈現完美多頭排列，聚焦熱門題材【CoWoS AI伺服器】，基本面月營收高速成長(YoY+57.4%)，🔑量化目標區:2823.5~2944.6，停損防線:2564.2。
  #5 3443.TW 創意       AI評分=85.2 題材=先進封裝載板 原因=🚀布林通道窄幅緊縮後帶量突破上軌(波動爆發)，📊均線呈現完美多頭排列，RSI多頭增強，聚焦熱門題材【先進封裝載板】，基本面月營收高速成長(YoY+158.4%)，🔑量化目標區:4964.6~5196.2，停損防線:4468.4。
[22:50:17] 🔥 AI 飆股引擎量化計算完成 (掃描 1319 檔，取前 50 名輸出):
  #1 2317.TW 鴻海       AI評分=90.9 題材=CoWoS AI伺服器 原因=🚀布林通道窄幅緊縮後帶量突破上軌(波動爆發)，📊均線呈現完美多頭排列，聚焦熱門題材【CoWoS AI伺服器】，基本面月營收高速成長(YoY+54.2%)，🔑量化目標區:265.4~271.9，停損防線:251.5。
  #2 2382.TW 廣達       AI評分=88.5 題材=電腦週邊 原因=📈帶量突破月均線(中期波段起漲)，MACD翻紅買訊，🐳千張大戶重度鎖碼(81.35%)，聚焦熱門題材【電腦週邊】，基本面月營收高速成長(YoY+131.3%)，🔑量化目標區:318.6~328.2，停損防線:298.0。
  #3 3653.TW 健策       AI評分=88.3 題材=AI水冷散熱 原因=📊均線呈現完美多頭排列，KD黃金交叉，聚焦熱門題材【AI水冷散熱】，基本面月營收高速成長(YoY+91.0%)，🔑量化目標區:4324.8~4528.1，停損防線:3889.3。
  #4 3017.TW 奇鋐       AI評分=85.6 題材=CoWoS AI伺服器 原因=📊均線呈現完美多頭排列，聚焦熱門題材【CoWoS AI伺服器】，基本面月營收高速成長(YoY+57.4%)，🔑量化目標區:2823.5~2944.6，停損防線:2564.2。
  #5 3443.TW 創意       AI評分=85.2 題材=先進封裝載板 原因=🚀布林通道窄幅緊縮後帶量突破上軌(波動爆發)，📊均線呈現完美多頭排列，RSI多頭增強，聚焦熱門題材【先進封裝載板】，基本面月營收高速成長(YoY+158.4%)，🔑量化目標區:4964.6~5196.2，停損防線:4468.4。
[22:50:47] 🔥 AI 飆股引擎量化計算完成 (掃描 1319 檔，取前 50 名輸出):
  #1 2317.TW 鴻海       AI評分=90.9 題材=CoWoS AI伺服器 原因=🚀布林通道窄幅緊縮後帶量突破上軌(波動爆發)，📊均線呈現完美多頭排列，聚焦熱門題材【CoWoS AI伺服器】，基本面月營收高速成長(YoY+54.2%)，🔑量化目標區:265.4~271.9，停損防線:251.5。
  #2 2382.TW 廣達       AI評分=88.5 題材=電腦週邊 原因=📈帶量突破月均線(中期波段起漲)，MACD翻紅買訊，🐳千張大戶重度鎖碼(81.35%)，聚焦熱門題材【電腦週邊】，基本面月營收高速成長(YoY+131.3%)，🔑量化目標區:318.6~328.2，停損防線:298.0。
  #3 3653.TW 健策       AI評分=88.3 題材=AI水冷散熱 原因=📊均線呈現完美多頭排列，KD黃金交叉，聚焦熱門題材【AI水冷散熱】，基本面月營收高速成長(YoY+91.0%)，🔑量化目標區:4324.8~4528.1，停損防線:3889.3。
  #4 3017.TW 奇鋐       AI評分=85.6 題材=CoWoS AI伺服器 原因=📊均線呈現完美多頭排列，聚焦熱門題材【CoWoS AI伺服器】，基本面月營收高速成長(YoY+57.4%)，🔑量化目標區:2823.5~2944.6，停損防線:2564.2。
  #5 3443.TW 創意       AI評分=85.2 題材=先進封裝載板 原因=🚀布林通道窄幅緊縮後帶量突破上軌(波動爆發)，📊均線呈現完美多頭排列，RSI多頭增強，聚焦熱門題材【先進封裝載板】，基本面月營收高速成長(YoY+158.4%)，🔑量化目標區:4964.6~5196.2，停損防線:4468.4。
[22:51:17] 🔥 AI 飆股引擎量化計算完成 (掃描 1319 檔，取前 50 名輸出):
  #1 2317.TW 鴻海       AI評分=90.9 題材=CoWoS AI伺服器 原因=🚀布林通道窄幅緊縮後帶量突破上軌(波動爆發)，📊均線呈現完美多頭排列，聚焦熱門題材【CoWoS AI伺服器】，基本面月營收高速成長(YoY+54.2%)，🔑量化目標區:265.4~271.9，停損防線:251.5。
  #2 2382.TW 廣達       AI評分=88.5 題材=電腦週邊 原因=📈帶量突破月均線(中期波段起漲)，MACD翻紅買訊，🐳千張大戶重度鎖碼(81.35%)，聚焦熱門題材【電腦週邊】，基本面月營收高速成長(YoY+131.3%)，🔑量化目標區:318.6~328.2，停損防線:298.0。
  #3 3653.TW 健策       AI評分=88.3 題材=AI水冷散熱 原因=📊均線呈現完美多頭排列，KD黃金交叉，聚焦熱門題材【AI水冷散熱】，基本面月營收高速成長(YoY+91.0%)，🔑量化目標區:4324.8~4528.1，停損防線:3889.3。
  #4 3017.TW 奇鋐       AI評分=85.6 題材=CoWoS AI伺服器 原因=📊均線呈現完美多頭排列，聚焦熱門題材【CoWoS AI伺服器】，基本面月營收高速成長(YoY+57.4%)，🔑量化目標區:2823.5~2944.6，停損防線:2564.2。
  #5 3443.TW 創意       AI評分=85.2 題材=先進封裝載板 原因=🚀布林通道窄幅緊縮後帶量突破上軌(波動爆發)，📊均線呈現完美多頭排列，RSI多頭增強，聚焦熱門題材【先進封裝載板】，基本面月營收高速成長(YoY+158.4%)，🔑量化目標區:4964.6~5196.2，停損防線:4468.4。
[22:51:47] 🔥 AI 飆股引擎量化計算完成 (掃描 1319 檔，取前 50 名輸出):
  #1 2317.TW 鴻海       AI評分=90.9 題材=CoWoS AI伺服器 原因=🚀布林通道窄幅緊縮後帶量突破上軌(波動爆發)，📊均線呈現完美多頭排列，聚焦熱門題材【CoWoS AI伺服器】，基本面月營收高速成長(YoY+54.2%)，🔑量化目標區:265.4~271.9，停損防線:251.5。
  #2 2382.TW 廣達       AI評分=88.5 題材=電腦週邊 原因=📈帶量突破月均線(中期波段起漲)，MACD翻紅買訊，🐳千張大戶重度鎖碼(81.35%)，聚焦熱門題材【電腦週邊】，基本面月營收高速成長(YoY+131.3%)，🔑量化目標區:318.6~328.2，停損防線:298.0。
  #3 3653.TW 健策       AI評分=88.3 題材=AI水冷散熱 原因=📊均線呈現完美多頭排列，KD黃金交叉，聚焦熱門題材【AI水冷散熱】，基本面月營收高速成長(YoY+91.0%)，🔑量化目標區:4324.8~4528.1，停損防線:3889.3。
  #4 3017.TW 奇鋐       AI評分=85.6 題材=CoWoS AI伺服器 原因=📊均線呈現完美多頭排列，聚焦熱門題材【CoWoS AI伺服器】，基本面月營收高速成長(YoY+57.4%)，🔑量化目標區:2823.5~2944.6，停損防線:2564.2。
  #5 3443.TW 創意       AI評分=85.2 題材=先進封裝載板 原因=🚀布林通道窄幅緊縮後帶量突破上軌(波動爆發)，📊均線呈現完美多頭排列，RSI多頭增強，聚焦熱門題材【先進封裝載板】，基本面月營收高速成長(YoY+158.4%)，🔑量化目標區:4964.6~5196.2，停損防線:4468.4。
[22:52:17] 🔥 AI 飆股引擎量化計算完成 (掃描 1319 檔，取前 50 名輸出):
  #1 2317.TW 鴻海       AI評分=90.9 題材=CoWoS AI伺服器 原因=🚀布林通道窄幅緊縮後帶量突破上軌(波動爆發)，📊均線呈現完美多頭排列，聚焦熱門題材【CoWoS AI伺服器】，基本面月營收高速成長(YoY+54.2%)，🔑量化目標區:265.4~271.9，停損防線:251.5。
  #2 2382.TW 廣達       AI評分=88.5 題材=電腦週邊 原因=📈帶量突破月均線(中期波段起漲)，MACD翻紅買訊，🐳千張大戶重度鎖碼(81.35%)，聚焦熱門題材【電腦週邊】，基本面月營收高速成長(YoY+131.3%)，🔑量化目標區:318.6~328.2，停損防線:298.0。
  #3 3653.TW 健策       AI評分=88.3 題材=AI水冷散熱 原因=📊均線呈現完美多頭排列，KD黃金交叉，聚焦熱門題材【AI水冷散熱】，基本面月營收高速成長(YoY+91.0%)，🔑量化目標區:4324.8~4528.1，停損防線:3889.3。
  #4 3017.TW 奇鋐       AI評分=85.6 題材=CoWoS AI伺服器 原因=📊均線呈現完美多頭排列，聚焦熱門題材【CoWoS AI伺服器】，基本面月營收高速成長(YoY+57.4%)，🔑量化目標區:2823.5~2944.6，停損防線:2564.2。
  #5 3443.TW 創意       AI評分=85.2 題材=先進封裝載板 原因=🚀布林通道窄幅緊縮後帶量突破上軌(波動爆發)，📊均線呈現完美多頭排列，RSI多頭增強，聚焦熱門題材【先進封裝載板】，基本面月營收高速成長(YoY+158.4%)，🔑量化目標區:4964.6~5196.2，停損防線:4468.4。
[22:52:47] 🔥 AI 飆股引擎量化計算完成 (掃描 2306 檔，取前 50 名輸出):
  #1 2317.TW 鴻海       AI評分=90.9 題材=CoWoS AI伺服器 原因=🚀布林通道窄幅緊縮後帶量突破上軌(波動爆發)，📊均線呈現完美多頭排列，聚焦熱門題材【CoWoS AI伺服器】，基本面月營收高速成長(YoY+54.2%)，🔑量化目標區:265.4~271.9，停損防線:251.5。
  #2 2382.TW 廣達       AI評分=88.5 題材=電腦週邊 原因=📈帶量突破月均線(中期波段起漲)，MACD翻紅買訊，🐳千張大戶重度鎖碼(81.35%)，聚焦熱門題材【電腦週邊】，基本面月營收高速成長(YoY+131.3%)，🔑量化目標區:318.6~328.2，停損防線:298.0。
  #3 3653.TW 健策       AI評分=88.3 題材=AI水冷散熱 原因=📊均線呈現完美多頭排列，KD黃金交叉，聚焦熱門題材【AI水冷散熱】，基本面月營收高速成長(YoY+91.0%)，🔑量化目標區:4324.8~4528.1，停損防線:3889.3。
  #4 3017.TW 奇鋐       AI評分=85.6 題材=CoWoS AI伺服器 原因=📊均線呈現完美多頭排列，聚焦熱門題材【CoWoS AI伺服器】，基本面月營收高速成長(YoY+57.4%)，🔑量化目標區:2823.5~2944.6，停損防線:2564.2。
  #5 3443.TW 創意       AI評分=85.2 題材=先進封裝載板 原因=🚀布林通道窄幅緊縮後帶量突破上軌(波動爆發)，📊均線呈現完美多頭排列，RSI多頭增強，聚焦熱門題材【先進封裝載板】，基本面月營收高速成長(YoY+158.4%)，🔑量化目標區:4964.6~5196.2，停損防線:4468.4。
[22:53:18] 🔥 AI 飆股引擎量化計算完成 (掃描 2306 檔，取前 50 名輸出):
  #1 2317.TW 鴻海       AI評分=90.9 題材=CoWoS AI伺服器 原因=🚀布林通道窄幅緊縮後帶量突破上軌(波動爆發)，📊均線呈現完美多頭排列，聚焦熱門題材【CoWoS AI伺服器】，基本面月營收高速成長(YoY+54.2%)，🔑量化目標區:265.4~271.9，停損防線:251.5。
  #2 2382.TW 廣達       AI評分=88.5 題材=電腦週邊 原因=📈帶量突破月均線(中期波段起漲)，MACD翻紅買訊，🐳千張大戶重度鎖碼(81.35%)，聚焦熱門題材【電腦週邊】，基本面月營收高速成長(YoY+131.3%)，🔑量化目標區:318.6~328.2，停損防線:298.0。
  #3 3653.TW 健策       AI評分=88.3 題材=AI水冷散熱 原因=📊均線呈現完美多頭排列，KD黃金交叉，聚焦熱門題材【AI水冷散熱】，基本面月營收高速成長(YoY+91.0%)，🔑量化目標區:4324.8~4528.1，停損防線:3889.3。
  #4 3017.TW 奇鋐       AI評分=85.6 題材=CoWoS AI伺服器 原因=📊均線呈現完美多頭排列，聚焦熱門題材【CoWoS AI伺服器】，基本面月營收高速成長(YoY+57.4%)，🔑量化目標區:2823.5~2944.6，停損防線:2564.2。
  #5 3443.TW 創意       AI評分=85.2 題材=先進封裝載板 原因=🚀布林通道窄幅緊縮後帶量突破上軌(波動爆發)，📊均線呈現完美多頭排列，RSI多頭增強，聚焦熱門題材【先進封裝載板】，基本面月營收高速成長(YoY+158.4%)，🔑量化目標區:4964.6~5196.2，停損防線:4468.4。
[22:53:48] 🔥 AI 飆股引擎量化計算完成 (掃描 2306 檔，取前 50 名輸出):
  #1 2317.TW 鴻海       AI評分=90.9 題材=CoWoS AI伺服器 原因=🚀布林通道窄幅緊縮後帶量突破上軌(波動爆發)，📊均線呈現完美多頭排列，聚焦熱門題材【CoWoS AI伺服器】，基本面月營收高速成長(YoY+54.2%)，🔑量化目標區:265.4~271.9，停損防線:251.5。
  #2 2382.TW 廣達       AI評分=88.5 題材=電腦週邊 原因=📈帶量突破月均線(中期波段起漲)，MACD翻紅買訊，🐳千張大戶重度鎖碼(81.35%)，聚焦熱門題材【電腦週邊】，基本面月營收高速成長(YoY+131.3%)，🔑量化目標區:318.6~328.2，停損防線:298.0。
  #3 3653.TW 健策       AI評分=88.3 題材=AI水冷散熱 原因=📊均線呈現完美多頭排列，KD黃金交叉，聚焦熱門題材【AI水冷散熱】，基本面月營收高速成長(YoY+91.0%)，🔑量化目標區:4324.8~4528.1，停損防線:3889.3。
  #4 3017.TW 奇鋐       AI評分=85.6 題材=CoWoS AI伺服器 原因=📊均線呈現完美多頭排列，聚焦熱門題材【CoWoS AI伺服器】，基本面月營收高速成長(YoY+57.4%)，🔑量化目標區:2823.5~2944.6，停損防線:2564.2。
  #5 3443.TW 創意       AI評分=85.2 題材=先進封裝載板 原因=🚀布林通道窄幅緊縮後帶量突破上軌(波動爆發)，📊均線呈現完美多頭排列，RSI多頭增強，聚焦熱門題材【先進封裝載板】，基本面月營收高速成長(YoY+158.4%)，🔑量化目標區:4964.6~5196.2，停損防線:4468.4。
[22:54:18] 🔥 AI 飆股引擎量化計算完成 (掃描 2306 檔，取前 50 名輸出):
  #1 2317.TW 鴻海       AI評分=90.9 題材=CoWoS AI伺服器 原因=🚀布林通道窄幅緊縮後帶量突破上軌(波動爆發)，📊均線呈現完美多頭排列，聚焦熱門題材【CoWoS AI伺服器】，基本面月營收高速成長(YoY+54.2%)，🔑量化目標區:265.4~271.9，停損防線:251.5。
  #2 2382.TW 廣達       AI評分=88.5 題材=電腦週邊 原因=📈帶量突破月均線(中期波段起漲)，MACD翻紅買訊，🐳千張大戶重度鎖碼(81.35%)，聚焦熱門題材【電腦週邊】，基本面月營收高速成長(YoY+131.3%)，🔑量化目標區:318.6~328.2，停損防線:298.0。
  #3 3653.TW 健策       AI評分=88.3 題材=AI水冷散熱 原因=📊均線呈現完美多頭排列，KD黃金交叉，聚焦熱門題材【AI水冷散熱】，基本面月營收高速成長(YoY+91.0%)，🔑量化目標區:4324.8~4528.1，停損防線:3889.3。
  #4 3017.TW 奇鋐       AI評分=85.6 題材=CoWoS AI伺服器 原因=📊均線呈現完美多頭排列，聚焦熱門題材【CoWoS AI伺服器】，基本面月營收高速成長(YoY+57.4%)，🔑量化目標區:2823.5~2944.6，停損防線:2564.2。
  #5 3443.TW 創意       AI評分=85.2 題材=先進封裝載板 原因=🚀布林通道窄幅緊縮後帶量突破上軌(波動爆發)，📊均線呈現完美多頭排列，RSI多頭增強，聚焦熱門題材【先進封裝載板】，基本面月營收高速成長(YoY+158.4%)，🔑量化目標區:4964.6~5196.2，停損防線:4468.4。
[22:54:48] 🔥 AI 飆股引擎量化計算完成 (掃描 2306 檔，取前 50 名輸出):
  #1 2317.TW 鴻海       AI評分=90.9 題材=CoWoS AI伺服器 原因=🚀布林通道窄幅緊縮後帶量突破上軌(波動爆發)，📊均線呈現完美多頭排列，聚焦熱門題材【CoWoS AI伺服器】，基本面月營收高速成長(YoY+54.2%)，🔑量化目標區:265.4~271.9，停損防線:251.5。
  #2 2382.TW 廣達       AI評分=88.5 題材=電腦週邊 原因=📈帶量突破月均線(中期波段起漲)，MACD翻紅買訊，🐳千張大戶重度鎖碼(81.35%)，聚焦熱門題材【電腦週邊】，基本面月營收高速成長(YoY+131.3%)，🔑量化目標區:318.6~328.2，停損防線:298.0。
  #3 3653.TW 健策       AI評分=88.3 題材=AI水冷散熱 原因=📊均線呈現完美多頭排列，KD黃金交叉，聚焦熱門題材【AI水冷散熱】，基本面月營收高速成長(YoY+91.0%)，🔑量化目標區:4324.8~4528.1，停損防線:3889.3。
  #4 3017.TW 奇鋐       AI評分=85.6 題材=CoWoS AI伺服器 原因=📊均線呈現完美多頭排列，聚焦熱門題材【CoWoS AI伺服器】，基本面月營收高速成長(YoY+57.4%)，🔑量化目標區:2823.5~2944.6，停損防線:2564.2。
  #5 3443.TW 創意       AI評分=85.2 題材=先進封裝載板 原因=🚀布林通道窄幅緊縮後帶量突破上軌(波動爆發)，📊均線呈現完美多頭排列，RSI多頭增強，聚焦熱門題材【先進封裝載板】，基本面月營收高速成長(YoY+158.4%)，🔑量化目標區:4964.6~5196.2，停損防線:4468.4。
[22:55:18] 🔥 AI 飆股引擎量化計算完成 (掃描 2306 檔，取前 50 名輸出):
  #1 2317.TW 鴻海       AI評分=90.9 題材=CoWoS AI伺服器 原因=🚀布林通道窄幅緊縮後帶量突破上軌(波動爆發)，📊均線呈現完美多頭排列，聚焦熱門題材【CoWoS AI伺服器】，基本面月營收高速成長(YoY+54.2%)，🔑量化目標區:265.4~271.9，停損防線:251.5。
  #2 2382.TW 廣達       AI評分=88.5 題材=電腦週邊 原因=📈帶量突破月均線(中期波段起漲)，MACD翻紅買訊，🐳千張大戶重度鎖碼(81.35%)，聚焦熱門題材【電腦週邊】，基本面月營收高速成長(YoY+131.3%)，🔑量化目標區:318.6~328.2，停損防線:298.0。
  #3 3653.TW 健策       AI評分=88.3 題材=AI水冷散熱 原因=📊均線呈現完美多頭排列，KD黃金交叉，聚焦熱門題材【AI水冷散熱】，基本面月營收高速成長(YoY+91.0%)，🔑量化目標區:4324.8~4528.1，停損防線:3889.3。
  #4 3017.TW 奇鋐       AI評分=85.6 題材=CoWoS AI伺服器 原因=📊均線呈現完美多頭排列，聚焦熱門題材【CoWoS AI伺服器】，基本面月營收高速成長(YoY+57.4%)，🔑量化目標區:2823.5~2944.6，停損防線:2564.2。
  #5 3443.TW 創意       AI評分=85.2 題材=先進封裝載板 原因=🚀布林通道窄幅緊縮後帶量突破上軌(波動爆發)，📊均線呈現完美多頭排列，RSI多頭增強，聚焦熱門題材【先進封裝載板】，基本面月營收高速成長(YoY+158.4%)，🔑量化目標區:4964.6~5196.2，停損防線:4468.4。
[22:55:48] 🔥 AI 飆股引擎量化計算完成 (掃描 2306 檔，取前 50 名輸出):
  #1 2317.TW 鴻海       AI評分=90.9 題材=CoWoS AI伺服器 原因=🚀布林通道窄幅緊縮後帶量突破上軌(波動爆發)，📊均線呈現完美多頭排列，聚焦熱門題材【CoWoS AI伺服器】，基本面月營收高速成長(YoY+54.2%)，🔑量化目標區:265.4~271.9，停損防線:251.5。
  #2 2382.TW 廣達       AI評分=88.5 題材=電腦週邊 原因=📈帶量突破月均線(中期波段起漲)，MACD翻紅買訊，🐳千張大戶重度鎖碼(81.35%)，聚焦熱門題材【電腦週邊】，基本面月營收高速成長(YoY+131.3%)，🔑量化目標區:318.6~328.2，停損防線:298.0。
  #3 3653.TW 健策       AI評分=88.3 題材=AI水冷散熱 原因=📊均線呈現完美多頭排列，KD黃金交叉，聚焦熱門題材【AI水冷散熱】，基本面月營收高速成長(YoY+91.0%)，🔑量化目標區:4324.8~4528.1，停損防線:3889.3。
  #4 3017.TW 奇鋐       AI評分=85.6 題材=CoWoS AI伺服器 原因=📊均線呈現完美多頭排列，聚焦熱門題材【CoWoS AI伺服器】，基本面月營收高速成長(YoY+57.4%)，🔑量化目標區:2823.5~2944.6，停損防線:2564.2。
  #5 3443.TW 創意       AI評分=85.2 題材=先進封裝載板 原因=🚀布林通道窄幅緊縮後帶量突破上軌(波動爆發)，📊均線呈現完美多頭排列，RSI多頭增強，聚焦熱門題材【先進封裝載板】，基本面月營收高速成長(YoY+158.4%)，🔑量化目標區:4964.6~5196.2，停損防線:4468.4。
[22:56:18] 🔥 AI 飆股引擎量化計算完成 (掃描 2306 檔，取前 50 名輸出):
  #1 2317.TW 鴻海       AI評分=90.9 題材=CoWoS AI伺服器 原因=🚀布林通道窄幅緊縮後帶量突破上軌(波動爆發)，📊均線呈現完美多頭排列，聚焦熱門題材【CoWoS AI伺服器】，基本面月營收高速成長(YoY+54.2%)，🔑量化目標區:265.4~271.9，停損防線:251.5。
  #2 2382.TW 廣達       AI評分=88.5 題材=電腦週邊 原因=📈帶量突破月均線(中期波段起漲)，MACD翻紅買訊，🐳千張大戶重度鎖碼(81.35%)，聚焦熱門題材【電腦週邊】，基本面月營收高速成長(YoY+131.3%)，🔑量化目標區:318.6~328.2，停損防線:298.0。
  #3 3653.TW 健策       AI評分=88.3 題材=AI水冷散熱 原因=📊均線呈現完美多頭排列，KD黃金交叉，聚焦熱門題材【AI水冷散熱】，基本面月營收高速成長(YoY+91.0%)，🔑量化目標區:4324.8~4528.1，停損防線:3889.3。
  #4 3017.TW 奇鋐       AI評分=85.6 題材=CoWoS AI伺服器 原因=📊均線呈現完美多頭排列，聚焦熱門題材【CoWoS AI伺服器】，基本面月營收高速成長(YoY+57.4%)，🔑量化目標區:2823.5~2944.6，停損防線:2564.2。
  #5 3443.TW 創意       AI評分=85.2 題材=先進封裝載板 原因=🚀布林通道窄幅緊縮後帶量突破上軌(波動爆發)，📊均線呈現完美多頭排列，RSI多頭增強，聚焦熱門題材【先進封裝載板】，基本面月營收高速成長(YoY+158.4%)，🔑量化目標區:4964.6~5196.2，停損防線:4468.4。
[22:56:48] 🔥 AI 飆股引擎量化計算完成 (掃描 2306 檔，取前 50 名輸出):
  #1 2317.TW 鴻海       AI評分=90.9 題材=CoWoS AI伺服器 原因=🚀布林通道窄幅緊縮後帶量突破上軌(波動爆發)，📊均線呈現完美多頭排列，聚焦熱門題材【CoWoS AI伺服器】，基本面月營收高速成長(YoY+54.2%)，🔑量化目標區:265.4~271.9，停損防線:251.5。
  #2 2382.TW 廣達       AI評分=88.5 題材=電腦週邊 原因=📈帶量突破月均線(中期波段起漲)，MACD翻紅買訊，🐳千張大戶重度鎖碼(81.35%)，聚焦熱門題材【電腦週邊】，基本面月營收高速成長(YoY+131.3%)，🔑量化目標區:318.6~328.2，停損防線:298.0。
  #3 3653.TW 健策       AI評分=88.3 題材=AI水冷散熱 原因=📊均線呈現完美多頭排列，KD黃金交叉，聚焦熱門題材【AI水冷散熱】，基本面月營收高速成長(YoY+91.0%)，🔑量化目標區:4324.8~4528.1，停損防線:3889.3。
  #4 3017.TW 奇鋐       AI評分=85.6 題材=CoWoS AI伺服器 原因=📊均線呈現完美多頭排列，聚焦熱門題材【CoWoS AI伺服器】，基本面月營收高速成長(YoY+57.4%)，🔑量化目標區:2823.5~2944.6，停損防線:2564.2。
  #5 3443.TW 創意       AI評分=85.2 題材=先進封裝載板 原因=🚀布林通道窄幅緊縮後帶量突破上軌(波動爆發)，📊均線呈現完美多頭排列，RSI多頭增強，聚焦熱門題材【先進封裝載板】，基本面月營收高速成長(YoY+158.4%)，🔑量化目標區:4964.6~5196.2，停損防線:4468.4。
[22:57:18] 🔥 AI 飆股引擎量化計算完成 (掃描 2306 檔，取前 50 名輸出):
  #1 2317.TW 鴻海       AI評分=90.9 題材=CoWoS AI伺服器 原因=🚀布林通道窄幅緊縮後帶量突破上軌(波動爆發)，📊均線呈現完美多頭排列，聚焦熱門題材【CoWoS AI伺服器】，基本面月營收高速成長(YoY+54.2%)，🔑量化目標區:265.4~271.9，停損防線:251.5。
  #2 2382.TW 廣達       AI評分=88.5 題材=電腦週邊 原因=📈帶量突破月均線(中期波段起漲)，MACD翻紅買訊，🐳千張大戶重度鎖碼(81.35%)，聚焦熱門題材【電腦週邊】，基本面月營收高速成長(YoY+131.3%)，🔑量化目標區:318.6~328.2，停損防線:298.0。
  #3 3653.TW 健策       AI評分=88.3 題材=AI水冷散熱 原因=📊均線呈現完美多頭排列，KD黃金交叉，聚焦熱門題材【AI水冷散熱】，基本面月營收高速成長(YoY+91.0%)，🔑量化目標區:4324.8~4528.1，停損防線:3889.3。
  #4 3017.TW 奇鋐       AI評分=85.6 題材=CoWoS AI伺服器 原因=📊均線呈現完美多頭排列，聚焦熱門題材【CoWoS AI伺服器】，基本面月營收高速成長(YoY+57.4%)，🔑量化目標區:2823.5~2944.6，停損防線:2564.2。
  #5 3443.TW 創意       AI評分=85.2 題材=先進封裝載板 原因=🚀布林通道窄幅緊縮後帶量突破上軌(波動爆發)，📊均線呈現完美多頭排列，RSI多頭增強，聚焦熱門題材【先進封裝載板】，基本面月營收高速成長(YoY+158.4%)，🔑量化目標區:4964.6~5196.2，停損防線:4468.4。
[22:57:48] 🔥 AI 飆股引擎量化計算完成 (掃描 2306 檔，取前 50 名輸出):
  #1 2317.TW 鴻海       AI評分=90.9 題材=CoWoS AI伺服器 原因=🚀布林通道窄幅緊縮後帶量突破上軌(波動爆發)，📊均線呈現完美多頭排列，聚焦熱門題材【CoWoS AI伺服器】，基本面月營收高速成長(YoY+54.2%)，🔑量化目標區:265.4~271.9，停損防線:251.5。
  #2 2382.TW 廣達       AI評分=88.5 題材=電腦週邊 原因=📈帶量突破月均線(中期波段起漲)，MACD翻紅買訊，🐳千張大戶重度鎖碼(81.35%)，聚焦熱門題材【電腦週邊】，基本面月營收高速成長(YoY+131.3%)，🔑量化目標區:318.6~328.2，停損防線:298.0。
  #3 3653.TW 健策       AI評分=88.3 題材=AI水冷散熱 原因=📊均線呈現完美多頭排列，KD黃金交叉，聚焦熱門題材【AI水冷散熱】，基本面月營收高速成長(YoY+91.0%)，🔑量化目標區:4324.8~4528.1，停損防線:3889.3。
  #4 3017.TW 奇鋐       AI評分=85.6 題材=CoWoS AI伺服器 原因=📊均線呈現完美多頭排列，聚焦熱門題材【CoWoS AI伺服器】，基本面月營收高速成長(YoY+57.4%)，🔑量化目標區:2823.5~2944.6，停損防線:2564.2。
  #5 3443.TW 創意       AI評分=85.2 題材=先進封裝載板 原因=🚀布林通道窄幅緊縮後帶量突破上軌(波動爆發)，📊均線呈現完美多頭排列，RSI多頭增強，聚焦熱門題材【先進封裝載板】，基本面月營收高速成長(YoY+158.4%)，🔑量化目標區:4964.6~5196.2，停損防線:4468.4。
[22:58:18] 🔥 AI 飆股引擎量化計算完成 (掃描 2306 檔，取前 50 名輸出):
  #1 2317.TW 鴻海       AI評分=90.9 題材=CoWoS AI伺服器 原因=🚀布林通道窄幅緊縮後帶量突破上軌(波動爆發)，📊均線呈現完美多頭排列，聚焦熱門題材【CoWoS AI伺服器】，基本面月營收高速成長(YoY+54.2%)，🔑量化目標區:265.4~271.9，停損防線:251.5。
  #2 2382.TW 廣達       AI評分=88.5 題材=電腦週邊 原因=📈帶量突破月均線(中期波段起漲)，MACD翻紅買訊，🐳千張大戶重度鎖碼(81.35%)，聚焦熱門題材【電腦週邊】，基本面月營收高速成長(YoY+131.3%)，🔑量化目標區:318.6~328.2，停損防線:298.0。
  #3 3653.TW 健策       AI評分=88.3 題材=AI水冷散熱 原因=📊均線呈現完美多頭排列，KD黃金交叉，聚焦熱門題材【AI水冷散熱】，基本面月營收高速成長(YoY+91.0%)，🔑量化目標區:4324.8~4528.1，停損防線:3889.3。
  #4 3017.TW 奇鋐       AI評分=85.6 題材=CoWoS AI伺服器 原因=📊均線呈現完美多頭排列，聚焦熱門題材【CoWoS AI伺服器】，基本面月營收高速成長(YoY+57.4%)，🔑量化目標區:2823.5~2944.6，停損防線:2564.2。
  #5 3443.TW 創意       AI評分=85.2 題材=先進封裝載板 原因=🚀布林通道窄幅緊縮後帶量突破上軌(波動爆發)，📊均線呈現完美多頭排列，RSI多頭增強，聚焦熱門題材【先進封裝載板】，基本面月營收高速成長(YoY+158.4%)，🔑量化目標區:4964.6~5196.2，停損防線:4468.4。
[22:58:49] 🔥 AI 飆股引擎量化計算完成 (掃描 2306 檔，取前 50 名輸出):
  #1 2317.TW 鴻海       AI評分=90.9 題材=CoWoS AI伺服器 原因=🚀布林通道窄幅緊縮後帶量突破上軌(波動爆發)，📊均線呈現完美多頭排列，聚焦熱門題材【CoWoS AI伺服器】，基本面月營收高速成長(YoY+54.2%)，🔑量化目標區:265.4~271.9，停損防線:251.5。
  #2 2382.TW 廣達       AI評分=88.5 題材=電腦週邊 原因=📈帶量突破月均線(中期波段起漲)，MACD翻紅買訊，🐳千張大戶重度鎖碼(81.35%)，聚焦熱門題材【電腦週邊】，基本面月營收高速成長(YoY+131.3%)，🔑量化目標區:318.6~328.2，停損防線:298.0。
  #3 3653.TW 健策       AI評分=88.3 題材=AI水冷散熱 原因=📊均線呈現完美多頭排列，KD黃金交叉，聚焦熱門題材【AI水冷散熱】，基本面月營收高速成長(YoY+91.0%)，🔑量化目標區:4324.8~4528.1，停損防線:3889.3。
  #4 3017.TW 奇鋐       AI評分=85.6 題材=CoWoS AI伺服器 原因=📊均線呈現完美多頭排列，聚焦熱門題材【CoWoS AI伺服器】，基本面月營收高速成長(YoY+57.4%)，🔑量化目標區:2823.5~2944.6，停損防線:2564.2。
  #5 3443.TW 創意       AI評分=85.2 題材=先進封裝載板 原因=🚀布林通道窄幅緊縮後帶量突破上軌(波動爆發)，📊均線呈現完美多頭排列，RSI多頭增強，聚焦熱門題材【先進封裝載板】，基本面月營收高速成長(YoY+158.4%)，🔑量化目標區:4964.6~5196.2，停損防線:4468.4。
[22:59:19] 🔥 AI 飆股引擎量化計算完成 (掃描 2306 檔，取前 50 名輸出):
  #1 2317.TW 鴻海       AI評分=90.9 題材=CoWoS AI伺服器 原因=🚀布林通道窄幅緊縮後帶量突破上軌(波動爆發)，📊均線呈現完美多頭排列，聚焦熱門題材【CoWoS AI伺服器】，基本面月營收高速成長(YoY+54.2%)，🔑量化目標區:265.4~271.9，停損防線:251.5。
  #2 2382.TW 廣達       AI評分=88.5 題材=電腦週邊 原因=📈帶量突破月均線(中期波段起漲)，MACD翻紅買訊，🐳千張大戶重度鎖碼(81.35%)，聚焦熱門題材【電腦週邊】，基本面月營收高速成長(YoY+131.3%)，🔑量化目標區:318.6~328.2，停損防線:298.0。
  #3 3653.TW 健策       AI評分=88.3 題材=AI水冷散熱 原因=📊均線呈現完美多頭排列，KD黃金交叉，聚焦熱門題材【AI水冷散熱】，基本面月營收高速成長(YoY+91.0%)，🔑量化目標區:4324.8~4528.1，停損防線:3889.3。
  #4 3017.TW 奇鋐       AI評分=85.6 題材=CoWoS AI伺服器 原因=📊均線呈現完美多頭排列，聚焦熱門題材【CoWoS AI伺服器】，基本面月營收高速成長(YoY+57.4%)，🔑量化目標區:2823.5~2944.6，停損防線:2564.2。
  #5 3443.TW 創意       AI評分=85.2 題材=先進封裝載板 原因=🚀布林通道窄幅緊縮後帶量突破上軌(波動爆發)，📊均線呈現完美多頭排列，RSI多頭增強，聚焦熱門題材【先進封裝載板】，基本面月營收高速成長(YoY+158.4%)，🔑量化目標區:4964.6~5196.2，停損防線:4468.4。
[22:59:49] 🔥 AI 飆股引擎量化計算完成 (掃描 2306 檔，取前 50 名輸出):
  #1 2317.TW 鴻海       AI評分=90.9 題材=CoWoS AI伺服器 原因=🚀布林通道窄幅緊縮後帶量突破上軌(波動爆發)，📊均線呈現完美多頭排列，聚焦熱門題材【CoWoS AI伺服器】，基本面月營收高速成長(YoY+54.2%)，🔑量化目標區:265.4~271.9，停損防線:251.5。
  #2 2382.TW 廣達       AI評分=88.5 題材=電腦週邊 原因=📈帶量突破月均線(中期波段起漲)，MACD翻紅買訊，🐳千張大戶重度鎖碼(81.35%)，聚焦熱門題材【電腦週邊】，基本面月營收高速成長(YoY+131.3%)，🔑量化目標區:318.6~328.2，停損防線:298.0。
  #3 3653.TW 健策       AI評分=88.3 題材=AI水冷散熱 原因=📊均線呈現完美多頭排列，KD黃金交叉，聚焦熱門題材【AI水冷散熱】，基本面月營收高速成長(YoY+91.0%)，🔑量化目標區:4324.8~4528.1，停損防線:3889.3。
  #4 3017.TW 奇鋐       AI評分=85.6 題材=CoWoS AI伺服器 原因=📊均線呈現完美多頭排列，聚焦熱門題材【CoWoS AI伺服器】，基本面月營收高速成長(YoY+57.4%)，🔑量化目標區:2823.5~2944.6，停損防線:2564.2。
  #5 3443.TW 創意       AI評分=85.2 題材=先進封裝載板 原因=🚀布林通道窄幅緊縮後帶量突破上軌(波動爆發)，📊均線呈現完美多頭排列，RSI多頭增強，聚焦熱門題材【先進封裝載板】，基本面月營收高速成長(YoY+158.4%)，🔑量化目標區:4964.6~5196.2，停損防線:4468.4。
[23:00:19] 🔥 AI 飆股引擎量化計算完成 (掃描 2306 檔，取前 50 名輸出):
  #1 2317.TW 鴻海       AI評分=90.9 題材=CoWoS AI伺服器 原因=🚀布林通道窄幅緊縮後帶量突破上軌(波動爆發)，📊均線呈現完美多頭排列，聚焦熱門題材【CoWoS AI伺服器】，基本面月營收高速成長(YoY+54.2%)，🔑量化目標區:265.4~271.9，停損防線:251.5。
  #2 2382.TW 廣達       AI評分=88.5 題材=電腦週邊 原因=📈帶量突破月均線(中期波段起漲)，MACD翻紅買訊，🐳千張大戶重度鎖碼(81.35%)，聚焦熱門題材【電腦週邊】，基本面月營收高速成長(YoY+131.3%)，🔑量化目標區:318.6~328.2，停損防線:298.0。
  #3 3653.TW 健策       AI評分=88.3 題材=AI水冷散熱 原因=📊均線呈現完美多頭排列，KD黃金交叉，聚焦熱門題材【AI水冷散熱】，基本面月營收高速成長(YoY+91.0%)，🔑量化目標區:4324.8~4528.1，停損防線:3889.3。
  #4 3017.TW 奇鋐       AI評分=85.6 題材=CoWoS AI伺服器 原因=📊均線呈現完美多頭排列，聚焦熱門題材【CoWoS AI伺服器】，基本面月營收高速成長(YoY+57.4%)，🔑量化目標區:2823.5~2944.6，停損防線:2564.2。
  #5 3443.TW 創意       AI評分=85.2 題材=先進封裝載板 原因=🚀布林通道窄幅緊縮後帶量突破上軌(波動爆發)，📊均線呈現完美多頭排列，RSI多頭增強，聚焦熱門題材【先進封裝載板】，基本面月營收高速成長(YoY+158.4%)，🔑量化目標區:4964.6~5196.2，停損防線:4468.4。
[23:00:49] 🔥 AI 飆股引擎量化計算完成 (掃描 2306 檔，取前 50 名輸出):
  #1 2317.TW 鴻海       AI評分=90.9 題材=CoWoS AI伺服器 原因=🚀布林通道窄幅緊縮後帶量突破上軌(波動爆發)，📊均線呈現完美多頭排列，聚焦熱門題材【CoWoS AI伺服器】，基本面月營收高速成長(YoY+54.2%)，🔑量化目標區:265.4~271.9，停損防線:251.5。
  #2 2382.TW 廣達       AI評分=88.5 題材=電腦週邊 原因=📈帶量突破月均線(中期波段起漲)，MACD翻紅買訊，🐳千張大戶重度鎖碼(81.35%)，聚焦熱門題材【電腦週邊】，基本面月營收高速成長(YoY+131.3%)，🔑量化目標區:318.6~328.2，停損防線:298.0。
  #3 3653.TW 健策       AI評分=88.3 題材=AI水冷散熱 原因=📊均線呈現完美多頭排列，KD黃金交叉，聚焦熱門題材【AI水冷散熱】，基本面月營收高速成長(YoY+91.0%)，🔑量化目標區:4324.8~4528.1，停損防線:3889.3。
  #4 3017.TW 奇鋐       AI評分=85.6 題材=CoWoS AI伺服器 原因=📊均線呈現完美多頭排列，聚焦熱門題材【CoWoS AI伺服器】，基本面月營收高速成長(YoY+57.4%)，🔑量化目標區:2823.5~2944.6，停損防線:2564.2。
  #5 3443.TW 創意       AI評分=85.2 題材=先進封裝載板 原因=🚀布林通道窄幅緊縮後帶量突破上軌(波動爆發)，📊均線呈現完美多頭排列，RSI多頭增強，聚焦熱門題材【先進封裝載板】，基本面月營收高速成長(YoY+158.4%)，🔑量化目標區:4964.6~5196.2，停損防線:4468.4。
[23:01:19] 🔥 AI 飆股引擎量化計算完成 (掃描 2306 檔，取前 50 名輸出):
  #1 2317.TW 鴻海       AI評分=90.9 題材=CoWoS AI伺服器 原因=🚀布林通道窄幅緊縮後帶量突破上軌(波動爆發)，📊均線呈現完美多頭排列，聚焦熱門題材【CoWoS AI伺服器】，基本面月營收高速成長(YoY+54.2%)，🔑量化目標區:265.4~271.9，停損防線:251.5。
  #2 2382.TW 廣達       AI評分=88.5 題材=電腦週邊 原因=📈帶量突破月均線(中期波段起漲)，MACD翻紅買訊，🐳千張大戶重度鎖碼(81.35%)，聚焦熱門題材【電腦週邊】，基本面月營收高速成長(YoY+131.3%)，🔑量化目標區:318.6~328.2，停損防線:298.0。
  #3 3653.TW 健策       AI評分=88.3 題材=AI水冷散熱 原因=📊均線呈現完美多頭排列，KD黃金交叉，聚焦熱門題材【AI水冷散熱】，基本面月營收高速成長(YoY+91.0%)，🔑量化目標區:4324.8~4528.1，停損防線:3889.3。
  #4 3017.TW 奇鋐       AI評分=85.6 題材=CoWoS AI伺服器 原因=📊均線呈現完美多頭排列，聚焦熱門題材【CoWoS AI伺服器】，基本面月營收高速成長(YoY+57.4%)，🔑量化目標區:2823.5~2944.6，停損防線:2564.2。
  #5 3443.TW 創意       AI評分=85.2 題材=先進封裝載板 原因=🚀布林通道窄幅緊縮後帶量突破上軌(波動爆發)，📊均線呈現完美多頭排列，RSI多頭增強，聚焦熱門題材【先進封裝載板】，基本面月營收高速成長(YoY+158.4%)，🔑量化目標區:4964.6~5196.2，停損防線:4468.4。
[23:01:49] 🔥 AI 飆股引擎量化計算完成 (掃描 2306 檔，取前 50 名輸出):
  #1 2317.TW 鴻海       AI評分=90.9 題材=CoWoS AI伺服器 原因=🚀布林通道窄幅緊縮後帶量突破上軌(波動爆發)，📊均線呈現完美多頭排列，聚焦熱門題材【CoWoS AI伺服器】，基本面月營收高速成長(YoY+54.2%)，🔑量化目標區:265.4~271.9，停損防線:251.5。
  #2 2382.TW 廣達       AI評分=88.5 題材=電腦週邊 原因=📈帶量突破月均線(中期波段起漲)，MACD翻紅買訊，🐳千張大戶重度鎖碼(81.35%)，聚焦熱門題材【電腦週邊】，基本面月營收高速成長(YoY+131.3%)，🔑量化目標區:318.6~328.2，停損防線:298.0。
  #3 3653.TW 健策       AI評分=88.3 題材=AI水冷散熱 原因=📊均線呈現完美多頭排列，KD黃金交叉，聚焦熱門題材【AI水冷散熱】，基本面月營收高速成長(YoY+91.0%)，🔑量化目標區:4324.8~4528.1，停損防線:3889.3。
  #4 3017.TW 奇鋐       AI評分=85.6 題材=CoWoS AI伺服器 原因=📊均線呈現完美多頭排列，聚焦熱門題材【CoWoS AI伺服器】，基本面月營收高速成長(YoY+57.4%)，🔑量化目標區:2823.5~2944.6，停損防線:2564.2。
  #5 3443.TW 創意       AI評分=85.2 題材=先進封裝載板 原因=🚀布林通道窄幅緊縮後帶量突破上軌(波動爆發)，📊均線呈現完美多頭排列，RSI多頭增強，聚焦熱門題材【先進封裝載板】，基本面月營收高速成長(YoY+158.4%)，🔑量化目標區:4964.6~5196.2，停損防線:4468.4。
[23:02:19] 🔥 AI 飆股引擎量化計算完成 (掃描 2306 檔，取前 50 名輸出):
  #1 2317.TW 鴻海       AI評分=90.9 題材=CoWoS AI伺服器 原因=🚀布林通道窄幅緊縮後帶量突破上軌(波動爆發)，📊均線呈現完美多頭排列，聚焦熱門題材【CoWoS AI伺服器】，基本面月營收高速成長(YoY+54.2%)，🔑量化目標區:265.4~271.9，停損防線:251.5。
  #2 2382.TW 廣達       AI評分=88.5 題材=電腦週邊 原因=📈帶量突破月均線(中期波段起漲)，MACD翻紅買訊，🐳千張大戶重度鎖碼(81.35%)，聚焦熱門題材【電腦週邊】，基本面月營收高速成長(YoY+131.3%)，🔑量化目標區:318.6~328.2，停損防線:298.0。
  #3 3653.TW 健策       AI評分=88.3 題材=AI水冷散熱 原因=📊均線呈現完美多頭排列，KD黃金交叉，聚焦熱門題材【AI水冷散熱】，基本面月營收高速成長(YoY+91.0%)，🔑量化目標區:4324.8~4528.1，停損防線:3889.3。
  #4 3017.TW 奇鋐       AI評分=85.6 題材=CoWoS AI伺服器 原因=📊均線呈現完美多頭排列，聚焦熱門題材【CoWoS AI伺服器】，基本面月營收高速成長(YoY+57.4%)，🔑量化目標區:2823.5~2944.6，停損防線:2564.2。
  #5 3443.TW 創意       AI評分=85.2 題材=先進封裝載板 原因=🚀布林通道窄幅緊縮後帶量突破上軌(波動爆發)，📊均線呈現完美多頭排列，RSI多頭增強，聚焦熱門題材【先進封裝載板】，基本面月營收高速成長(YoY+158.4%)，🔑量化目標區:4964.6~5196.2，停損防線:4468.4。
[23:02:49] 🔥 AI 飆股引擎量化計算完成 (掃描 2306 檔，取前 50 名輸出):
  #1 2317.TW 鴻海       AI評分=90.9 題材=CoWoS AI伺服器 原因=🚀布林通道窄幅緊縮後帶量突破上軌(波動爆發)，📊均線呈現完美多頭排列，聚焦熱門題材【CoWoS AI伺服器】，基本面月營收高速成長(YoY+54.2%)，🔑量化目標區:265.4~271.9，停損防線:251.5。
  #2 2382.TW 廣達       AI評分=88.5 題材=電腦週邊 原因=📈帶量突破月均線(中期波段起漲)，MACD翻紅買訊，🐳千張大戶重度鎖碼(81.35%)，聚焦熱門題材【電腦週邊】，基本面月營收高速成長(YoY+131.3%)，🔑量化目標區:318.6~328.2，停損防線:298.0。
  #3 3653.TW 健策       AI評分=88.3 題材=AI水冷散熱 原因=📊均線呈現完美多頭排列，KD黃金交叉，聚焦熱門題材【AI水冷散熱】，基本面月營收高速成長(YoY+91.0%)，🔑量化目標區:4324.8~4528.1，停損防線:3889.3。
  #4 3017.TW 奇鋐       AI評分=85.6 題材=CoWoS AI伺服器 原因=📊均線呈現完美多頭排列，聚焦熱門題材【CoWoS AI伺服器】，基本面月營收高速成長(YoY+57.4%)，🔑量化目標區:2823.5~2944.6，停損防線:2564.2。
  #5 3443.TW 創意       AI評分=85.2 題材=先進封裝載板 原因=🚀布林通道窄幅緊縮後帶量突破上軌(波動爆發)，📊均線呈現完美多頭排列，RSI多頭增強，聚焦熱門題材【先進封裝載板】，基本面月營收高速成長(YoY+158.4%)，🔑量化目標區:4964.6~5196.2，停損防線:4468.4。
[23:03:19] 🔥 AI 飆股引擎量化計算完成 (掃描 2306 檔，取前 50 名輸出):
  #1 2317.TW 鴻海       AI評分=90.9 題材=CoWoS AI伺服器 原因=🚀布林通道窄幅緊縮後帶量突破上軌(波動爆發)，📊均線呈現完美多頭排列，聚焦熱門題材【CoWoS AI伺服器】，基本面月營收高速成長(YoY+54.2%)，🔑量化目標區:265.4~271.9，停損防線:251.5。
  #2 2382.TW 廣達       AI評分=88.5 題材=電腦週邊 原因=📈帶量突破月均線(中期波段起漲)，MACD翻紅買訊，🐳千張大戶重度鎖碼(81.35%)，聚焦熱門題材【電腦週邊】，基本面月營收高速成長(YoY+131.3%)，🔑量化目標區:318.6~328.2，停損防線:298.0。
  #3 3653.TW 健策       AI評分=88.3 題材=AI水冷散熱 原因=📊均線呈現完美多頭排列，KD黃金交叉，聚焦熱門題材【AI水冷散熱】，基本面月營收高速成長(YoY+91.0%)，🔑量化目標區:4324.8~4528.1，停損防線:3889.3。
  #4 3017.TW 奇鋐       AI評分=85.6 題材=CoWoS AI伺服器 原因=📊均線呈現完美多頭排列，聚焦熱門題材【CoWoS AI伺服器】，基本面月營收高速成長(YoY+57.4%)，🔑量化目標區:2823.5~2944.6，停損防線:2564.2。
  #5 3443.TW 創意       AI評分=85.2 題材=先進封裝載板 原因=🚀布林通道窄幅緊縮後帶量突破上軌(波動爆發)，📊均線呈現完美多頭排列，RSI多頭增強，聚焦熱門題材【先進封裝載板】，基本面月營收高速成長(YoY+158.4%)，🔑量化目標區:4964.6~5196.2，停損防線:4468.4。
[23:03:50] 🔥 AI 飆股引擎量化計算完成 (掃描 2305 檔，取前 50 名輸出):
  #1 2317.TW 鴻海       AI評分=90.9 題材=CoWoS AI伺服器 原因=🚀布林通道窄幅緊縮後帶量突破上軌(波動爆發)，📊均線呈現完美多頭排列，聚焦熱門題材【CoWoS AI伺服器】，基本面月營收高速成長(YoY+54.2%)，🔑量化目標區:265.4~271.9，停損防線:251.5。
  #2 2382.TW 廣達       AI評分=88.5 題材=電腦週邊 原因=📈帶量突破月均線(中期波段起漲)，MACD翻紅買訊，🐳千張大戶重度鎖碼(81.35%)，聚焦熱門題材【電腦週邊】，基本面月營收高速成長(YoY+131.3%)，🔑量化目標區:318.6~328.2，停損防線:298.0。
  #3 3653.TW 健策       AI評分=88.3 題材=AI水冷散熱 原因=📊均線呈現完美多頭排列，KD黃金交叉，聚焦熱門題材【AI水冷散熱】，基本面月營收高速成長(YoY+91.0%)，🔑量化目標區:4324.8~4528.1，停損防線:3889.3。
  #4 3017.TW 奇鋐       AI評分=85.6 題材=CoWoS AI伺服器 原因=📊均線呈現完美多頭排列，聚焦熱門題材【CoWoS AI伺服器】，基本面月營收高速成長(YoY+57.4%)，🔑量化目標區:2823.5~2944.6，停損防線:2564.2。
  #5 3443.TW 創意       AI評分=85.2 題材=先進封裝載板 原因=🚀布林通道窄幅緊縮後帶量突破上軌(波動爆發)，📊均線呈現完美多頭排列，RSI多頭增強，聚焦熱門題材【先進封裝載板】，基本面月營收高速成長(YoY+158.4%)，🔑量化目標區:4964.6~5196.2，停損防線:4468.4。
[23:04:20] 🔥 AI 飆股引擎量化計算完成 (掃描 2305 檔，取前 50 名輸出):
  #1 2317.TW 鴻海       AI評分=90.9 題材=CoWoS AI伺服器 原因=🚀布林通道窄幅緊縮後帶量突破上軌(波動爆發)，📊均線呈現完美多頭排列，聚焦熱門題材【CoWoS AI伺服器】，基本面月營收高速成長(YoY+54.2%)，🔑量化目標區:265.4~271.9，停損防線:251.5。
  #2 2382.TW 廣達       AI評分=88.5 題材=電腦週邊 原因=📈帶量突破月均線(中期波段起漲)，MACD翻紅買訊，🐳千張大戶重度鎖碼(81.35%)，聚焦熱門題材【電腦週邊】，基本面月營收高速成長(YoY+131.3%)，🔑量化目標區:318.6~328.2，停損防線:298.0。
  #3 3653.TW 健策       AI評分=88.3 題材=AI水冷散熱 原因=📊均線呈現完美多頭排列，KD黃金交叉，聚焦熱門題材【AI水冷散熱】，基本面月營收高速成長(YoY+91.0%)，🔑量化目標區:4324.8~4528.1，停損防線:3889.3。
  #4 3017.TW 奇鋐       AI評分=85.6 題材=CoWoS AI伺服器 原因=📊均線呈現完美多頭排列，聚焦熱門題材【CoWoS AI伺服器】，基本面月營收高速成長(YoY+57.4%)，🔑量化目標區:2823.5~2944.6，停損防線:2564.2。
  #5 3443.TW 創意       AI評分=85.2 題材=先進封裝載板 原因=🚀布林通道窄幅緊縮後帶量突破上軌(波動爆發)，📊均線呈現完美多頭排列，RSI多頭增強，聚焦熱門題材【先進封裝載板】，基本面月營收高速成長(YoY+158.4%)，🔑量化目標區:4964.6~5196.2，停損防線:4468.4。
[23:04:50] 🔥 AI 飆股引擎量化計算完成 (掃描 2305 檔，取前 50 名輸出):
  #1 2317.TW 鴻海       AI評分=90.9 題材=CoWoS AI伺服器 原因=🚀布林通道窄幅緊縮後帶量突破上軌(波動爆發)，📊均線呈現完美多頭排列，聚焦熱門題材【CoWoS AI伺服器】，基本面月營收高速成長(YoY+54.2%)，🔑量化目標區:265.4~271.9，停損防線:251.5。
  #2 2382.TW 廣達       AI評分=88.5 題材=電腦週邊 原因=📈帶量突破月均線(中期波段起漲)，MACD翻紅買訊，🐳千張大戶重度鎖碼(81.35%)，聚焦熱門題材【電腦週邊】，基本面月營收高速成長(YoY+131.3%)，🔑量化目標區:318.6~328.2，停損防線:298.0。
  #3 3653.TW 健策       AI評分=88.3 題材=AI水冷散熱 原因=📊均線呈現完美多頭排列，KD黃金交叉，聚焦熱門題材【AI水冷散熱】，基本面月營收高速成長(YoY+91.0%)，🔑量化目標區:4324.8~4528.1，停損防線:3889.3。
  #4 3017.TW 奇鋐       AI評分=85.6 題材=CoWoS AI伺服器 原因=📊均線呈現完美多頭排列，聚焦熱門題材【CoWoS AI伺服器】，基本面月營收高速成長(YoY+57.4%)，🔑量化目標區:2823.5~2944.6，停損防線:2564.2。
  #5 3443.TW 創意       AI評分=85.2 題材=先進封裝載板 原因=🚀布林通道窄幅緊縮後帶量突破上軌(波動爆發)，📊均線呈現完美多頭排列，RSI多頭增強，聚焦熱門題材【先進封裝載板】，基本面月營收高速成長(YoY+158.4%)，🔑量化目標區:4964.6~5196.2，停損防線:4468.4。
[23:05:20] 🔥 AI 飆股引擎量化計算完成 (掃描 2305 檔，取前 50 名輸出):
  #1 2317.TW 鴻海       AI評分=90.9 題材=CoWoS AI伺服器 原因=🚀布林通道窄幅緊縮後帶量突破上軌(波動爆發)，📊均線呈現完美多頭排列，聚焦熱門題材【CoWoS AI伺服器】，基本面月營收高速成長(YoY+54.2%)，🔑量化目標區:265.4~271.9，停損防線:251.5。
  #2 2382.TW 廣達       AI評分=88.5 題材=電腦週邊 原因=📈帶量突破月均線(中期波段起漲)，MACD翻紅買訊，🐳千張大戶重度鎖碼(81.35%)，聚焦熱門題材【電腦週邊】，基本面月營收高速成長(YoY+131.3%)，🔑量化目標區:318.6~328.2，停損防線:298.0。
  #3 3653.TW 健策       AI評分=88.3 題材=AI水冷散熱 原因=📊均線呈現完美多頭排列，KD黃金交叉，聚焦熱門題材【AI水冷散熱】，基本面月營收高速成長(YoY+91.0%)，🔑量化目標區:4324.8~4528.1，停損防線:3889.3。
  #4 3017.TW 奇鋐       AI評分=85.6 題材=CoWoS AI伺服器 原因=📊均線呈現完美多頭排列，聚焦熱門題材【CoWoS AI伺服器】，基本面月營收高速成長(YoY+57.4%)，🔑量化目標區:2823.5~2944.6，停損防線:2564.2。
  #5 3443.TW 創意       AI評分=85.2 題材=先進封裝載板 原因=🚀布林通道窄幅緊縮後帶量突破上軌(波動爆發)，📊均線呈現完美多頭排列，RSI多頭增強，聚焦熱門題材【先進封裝載板】，基本面月營收高速成長(YoY+158.4%)，🔑量化目標區:4964.6~5196.2，停損防線:4468.4。
[23:05:50] 🔥 AI 飆股引擎量化計算完成 (掃描 2305 檔，取前 50 名輸出):
  #1 2317.TW 鴻海       AI評分=90.9 題材=CoWoS AI伺服器 原因=🚀布林通道窄幅緊縮後帶量突破上軌(波動爆發)，📊均線呈現完美多頭排列，聚焦熱門題材【CoWoS AI伺服器】，基本面月營收高速成長(YoY+54.2%)，🔑量化目標區:265.4~271.9，停損防線:251.5。
  #2 2382.TW 廣達       AI評分=88.5 題材=電腦週邊 原因=📈帶量突破月均線(中期波段起漲)，MACD翻紅買訊，🐳千張大戶重度鎖碼(81.35%)，聚焦熱門題材【電腦週邊】，基本面月營收高速成長(YoY+131.3%)，🔑量化目標區:318.6~328.2，停損防線:298.0。
  #3 3653.TW 健策       AI評分=88.3 題材=AI水冷散熱 原因=📊均線呈現完美多頭排列，KD黃金交叉，聚焦熱門題材【AI水冷散熱】，基本面月營收高速成長(YoY+91.0%)，🔑量化目標區:4324.8~4528.1，停損防線:3889.3。
  #4 3017.TW 奇鋐       AI評分=85.6 題材=CoWoS AI伺服器 原因=📊均線呈現完美多頭排列，聚焦熱門題材【CoWoS AI伺服器】，基本面月營收高速成長(YoY+57.4%)，🔑量化目標區:2823.5~2944.6，停損防線:2564.2。
  #5 3443.TW 創意       AI評分=85.2 題材=先進封裝載板 原因=🚀布林通道窄幅緊縮後帶量突破上軌(波動爆發)，📊均線呈現完美多頭排列，RSI多頭增強，聚焦熱門題材【先進封裝載板】，基本面月營收高速成長(YoY+158.4%)，🔑量化目標區:4964.6~5196.2，停損防線:4468.4。
[23:06:20] 🔥 AI 飆股引擎量化計算完成 (掃描 2305 檔，取前 50 名輸出):
  #1 2317.TW 鴻海       AI評分=90.9 題材=CoWoS AI伺服器 原因=🚀布林通道窄幅緊縮後帶量突破上軌(波動爆發)，📊均線呈現完美多頭排列，聚焦熱門題材【CoWoS AI伺服器】，基本面月營收高速成長(YoY+54.2%)，🔑量化目標區:265.4~271.9，停損防線:251.5。
  #2 2382.TW 廣達       AI評分=88.5 題材=電腦週邊 原因=📈帶量突破月均線(中期波段起漲)，MACD翻紅買訊，🐳千張大戶重度鎖碼(81.35%)，聚焦熱門題材【電腦週邊】，基本面月營收高速成長(YoY+131.3%)，🔑量化目標區:318.6~328.2，停損防線:298.0。
  #3 3653.TW 健策       AI評分=88.3 題材=AI水冷散熱 原因=📊均線呈現完美多頭排列，KD黃金交叉，聚焦熱門題材【AI水冷散熱】，基本面月營收高速成長(YoY+91.0%)，🔑量化目標區:4324.8~4528.1，停損防線:3889.3。
  #4 3017.TW 奇鋐       AI評分=85.6 題材=CoWoS AI伺服器 原因=📊均線呈現完美多頭排列，聚焦熱門題材【CoWoS AI伺服器】，基本面月營收高速成長(YoY+57.4%)，🔑量化目標區:2823.5~2944.6，停損防線:2564.2。
  #5 3443.TW 創意       AI評分=85.2 題材=先進封裝載板 原因=🚀布林通道窄幅緊縮後帶量突破上軌(波動爆發)，📊均線呈現完美多頭排列，RSI多頭增強，聚焦熱門題材【先進封裝載板】，基本面月營收高速成長(YoY+158.4%)，🔑量化目標區:4964.6~5196.2，停損防線:4468.4。
[23:06:50] 🔥 AI 飆股引擎量化計算完成 (掃描 2305 檔，取前 50 名輸出):
  #1 2317.TW 鴻海       AI評分=90.9 題材=CoWoS AI伺服器 原因=🚀布林通道窄幅緊縮後帶量突破上軌(波動爆發)，📊均線呈現完美多頭排列，聚焦熱門題材【CoWoS AI伺服器】，基本面月營收高速成長(YoY+54.2%)，🔑量化目標區:265.4~271.9，停損防線:251.5。
  #2 2382.TW 廣達       AI評分=88.5 題材=電腦週邊 原因=📈帶量突破月均線(中期波段起漲)，MACD翻紅買訊，🐳千張大戶重度鎖碼(81.35%)，聚焦熱門題材【電腦週邊】，基本面月營收高速成長(YoY+131.3%)，🔑量化目標區:318.6~328.2，停損防線:298.0。
  #3 3653.TW 健策       AI評分=88.3 題材=AI水冷散熱 原因=📊均線呈現完美多頭排列，KD黃金交叉，聚焦熱門題材【AI水冷散熱】，基本面月營收高速成長(YoY+91.0%)，🔑量化目標區:4324.8~4528.1，停損防線:3889.3。
  #4 3017.TW 奇鋐       AI評分=85.6 題材=CoWoS AI伺服器 原因=📊均線呈現完美多頭排列，聚焦熱門題材【CoWoS AI伺服器】，基本面月營收高速成長(YoY+57.4%)，🔑量化目標區:2823.5~2944.6，停損防線:2564.2。
  #5 3443.TW 創意       AI評分=85.2 題材=先進封裝載板 原因=🚀布林通道窄幅緊縮後帶量突破上軌(波動爆發)，📊均線呈現完美多頭排列，RSI多頭增強，聚焦熱門題材【先進封裝載板】，基本面月營收高速成長(YoY+158.4%)，🔑量化目標區:4964.6~5196.2，停損防線:4468.4。
[23:07:20] 🔥 AI 飆股引擎量化計算完成 (掃描 2305 檔，取前 50 名輸出):
  #1 2317.TW 鴻海       AI評分=90.9 題材=CoWoS AI伺服器 原因=🚀布林通道窄幅緊縮後帶量突破上軌(波動爆發)，📊均線呈現完美多頭排列，聚焦熱門題材【CoWoS AI伺服器】，基本面月營收高速成長(YoY+54.2%)，🔑量化目標區:265.4~271.9，停損防線:251.5。
  #2 2382.TW 廣達       AI評分=88.5 題材=電腦週邊 原因=📈帶量突破月均線(中期波段起漲)，MACD翻紅買訊，🐳千張大戶重度鎖碼(81.35%)，聚焦熱門題材【電腦週邊】，基本面月營收高速成長(YoY+131.3%)，🔑量化目標區:318.6~328.2，停損防線:298.0。
  #3 3653.TW 健策       AI評分=88.3 題材=AI水冷散熱 原因=📊均線呈現完美多頭排列，KD黃金交叉，聚焦熱門題材【AI水冷散熱】，基本面月營收高速成長(YoY+91.0%)，🔑量化目標區:4324.8~4528.1，停損防線:3889.3。
  #4 3017.TW 奇鋐       AI評分=85.6 題材=CoWoS AI伺服器 原因=📊均線呈現完美多頭排列，聚焦熱門題材【CoWoS AI伺服器】，基本面月營收高速成長(YoY+57.4%)，🔑量化目標區:2823.5~2944.6，停損防線:2564.2。
  #5 3443.TW 創意       AI評分=85.2 題材=先進封裝載板 原因=🚀布林通道窄幅緊縮後帶量突破上軌(波動爆發)，📊均線呈現完美多頭排列，RSI多頭增強，聚焦熱門題材【先進封裝載板】，基本面月營收高速成長(YoY+158.4%)，🔑量化目標區:4964.6~5196.2，停損防線:4468.4。
[23:07:50] 🔥 AI 飆股引擎量化計算完成 (掃描 2305 檔，取前 50 名輸出):
  #1 2317.TW 鴻海       AI評分=90.9 題材=CoWoS AI伺服器 原因=🚀布林通道窄幅緊縮後帶量突破上軌(波動爆發)，📊均線呈現完美多頭排列，聚焦熱門題材【CoWoS AI伺服器】，基本面月營收高速成長(YoY+54.2%)，🔑量化目標區:265.4~271.9，停損防線:251.5。
  #2 2382.TW 廣達       AI評分=88.5 題材=電腦週邊 原因=📈帶量突破月均線(中期波段起漲)，MACD翻紅買訊，🐳千張大戶重度鎖碼(81.35%)，聚焦熱門題材【電腦週邊】，基本面月營收高速成長(YoY+131.3%)，🔑量化目標區:318.6~328.2，停損防線:298.0。
  #3 3653.TW 健策       AI評分=88.3 題材=AI水冷散熱 原因=📊均線呈現完美多頭排列，KD黃金交叉，聚焦熱門題材【AI水冷散熱】，基本面月營收高速成長(YoY+91.0%)，🔑量化目標區:4324.8~4528.1，停損防線:3889.3。
  #4 3017.TW 奇鋐       AI評分=85.6 題材=CoWoS AI伺服器 原因=📊均線呈現完美多頭排列，聚焦熱門題材【CoWoS AI伺服器】，基本面月營收高速成長(YoY+57.4%)，🔑量化目標區:2823.5~2944.6，停損防線:2564.2。
  #5 3443.TW 創意       AI評分=85.2 題材=先進封裝載板 原因=🚀布林通道窄幅緊縮後帶量突破上軌(波動爆發)，📊均線呈現完美多頭排列，RSI多頭增強，聚焦熱門題材【先進封裝載板】，基本面月營收高速成長(YoY+158.4%)，🔑量化目標區:4964.6~5196.2，停損防線:4468.4。
[23:08:20] 🔥 AI 飆股引擎量化計算完成 (掃描 2305 檔，取前 50 名輸出):
  #1 2317.TW 鴻海       AI評分=90.9 題材=CoWoS AI伺服器 原因=🚀布林通道窄幅緊縮後帶量突破上軌(波動爆發)，📊均線呈現完美多頭排列，聚焦熱門題材【CoWoS AI伺服器】，基本面月營收高速成長(YoY+54.2%)，🔑量化目標區:265.4~271.9，停損防線:251.5。
  #2 2382.TW 廣達       AI評分=88.5 題材=電腦週邊 原因=📈帶量突破月均線(中期波段起漲)，MACD翻紅買訊，🐳千張大戶重度鎖碼(81.35%)，聚焦熱門題材【電腦週邊】，基本面月營收高速成長(YoY+131.3%)，🔑量化目標區:318.6~328.2，停損防線:298.0。
  #3 3653.TW 健策       AI評分=88.3 題材=AI水冷散熱 原因=📊均線呈現完美多頭排列，KD黃金交叉，聚焦熱門題材【AI水冷散熱】，基本面月營收高速成長(YoY+91.0%)，🔑量化目標區:4324.8~4528.1，停損防線:3889.3。
  #4 3017.TW 奇鋐       AI評分=85.6 題材=CoWoS AI伺服器 原因=📊均線呈現完美多頭排列，聚焦熱門題材【CoWoS AI伺服器】，基本面月營收高速成長(YoY+57.4%)，🔑量化目標區:2823.5~2944.6，停損防線:2564.2。
  #5 3443.TW 創意       AI評分=85.2 題材=先進封裝載板 原因=🚀布林通道窄幅緊縮後帶量突破上軌(波動爆發)，📊均線呈現完美多頭排列，RSI多頭增強，聚焦熱門題材【先進封裝載板】，基本面月營收高速成長(YoY+158.4%)，🔑量化目標區:4964.6~5196.2，停損防線:4468.4。
[23:08:50] 🔥 AI 飆股引擎量化計算完成 (掃描 2305 檔，取前 50 名輸出):
  #1 2317.TW 鴻海       AI評分=90.9 題材=CoWoS AI伺服器 原因=🚀布林通道窄幅緊縮後帶量突破上軌(波動爆發)，📊均線呈現完美多頭排列，聚焦熱門題材【CoWoS AI伺服器】，基本面月營收高速成長(YoY+54.2%)，🔑量化目標區:265.4~271.9，停損防線:251.5。
  #2 2382.TW 廣達       AI評分=88.5 題材=電腦週邊 原因=📈帶量突破月均線(中期波段起漲)，MACD翻紅買訊，🐳千張大戶重度鎖碼(81.35%)，聚焦熱門題材【電腦週邊】，基本面月營收高速成長(YoY+131.3%)，🔑量化目標區:318.6~328.2，停損防線:298.0。
  #3 3653.TW 健策       AI評分=88.3 題材=AI水冷散熱 原因=📊均線呈現完美多頭排列，KD黃金交叉，聚焦熱門題材【AI水冷散熱】，基本面月營收高速成長(YoY+91.0%)，🔑量化目標區:4324.8~4528.1，停損防線:3889.3。
  #4 3017.TW 奇鋐       AI評分=85.6 題材=CoWoS AI伺服器 原因=📊均線呈現完美多頭排列，聚焦熱門題材【CoWoS AI伺服器】，基本面月營收高速成長(YoY+57.4%)，🔑量化目標區:2823.5~2944.6，停損防線:2564.2。
  #5 3443.TW 創意       AI評分=85.2 題材=先進封裝載板 原因=🚀布林通道窄幅緊縮後帶量突破上軌(波動爆發)，📊均線呈現完美多頭排列，RSI多頭增強，聚焦熱門題材【先進封裝載板】，基本面月營收高速成長(YoY+158.4%)，🔑量化目標區:4964.6~5196.2，停損防線:4468.4。
[23:09:21] 🔥 AI 飆股引擎量化計算完成 (掃描 2306 檔，取前 50 名輸出):
  #1 2317.TW 鴻海       AI評分=90.9 題材=CoWoS AI伺服器 原因=🚀布林通道窄幅緊縮後帶量突破上軌(波動爆發)，📊均線呈現完美多頭排列，聚焦熱門題材【CoWoS AI伺服器】，基本面月營收高速成長(YoY+54.2%)，🔑量化目標區:265.4~271.9，停損防線:251.5。
  #2 2382.TW 廣達       AI評分=88.5 題材=電腦週邊 原因=📈帶量突破月均線(中期波段起漲)，MACD翻紅買訊，🐳千張大戶重度鎖碼(81.35%)，聚焦熱門題材【電腦週邊】，基本面月營收高速成長(YoY+131.3%)，🔑量化目標區:318.6~328.2，停損防線:298.0。
  #3 3653.TW 健策       AI評分=88.3 題材=AI水冷散熱 原因=📊均線呈現完美多頭排列，KD黃金交叉，聚焦熱門題材【AI水冷散熱】，基本面月營收高速成長(YoY+91.0%)，🔑量化目標區:4324.8~4528.1，停損防線:3889.3。
  #4 3017.TW 奇鋐       AI評分=85.6 題材=CoWoS AI伺服器 原因=📊均線呈現完美多頭排列，聚焦熱門題材【CoWoS AI伺服器】，基本面月營收高速成長(YoY+57.4%)，🔑量化目標區:2823.5~2944.6，停損防線:2564.2。
  #5 3443.TW 創意       AI評分=85.2 題材=先進封裝載板 原因=🚀布林通道窄幅緊縮後帶量突破上軌(波動爆發)，📊均線呈現完美多頭排列，RSI多頭增強，聚焦熱門題材【先進封裝載板】，基本面月營收高速成長(YoY+158.4%)，🔑量化目標區:4964.6~5196.2，停損防線:4468.4。
[23:09:51] 🔥 AI 飆股引擎量化計算完成 (掃描 2306 檔，取前 50 名輸出):
  #1 2317.TW 鴻海       AI評分=90.9 題材=CoWoS AI伺服器 原因=🚀布林通道窄幅緊縮後帶量突破上軌(波動爆發)，📊均線呈現完美多頭排列，聚焦熱門題材【CoWoS AI伺服器】，基本面月營收高速成長(YoY+54.2%)，🔑量化目標區:265.4~271.9，停損防線:251.5。
  #2 2382.TW 廣達       AI評分=88.5 題材=電腦週邊 原因=📈帶量突破月均線(中期波段起漲)，MACD翻紅買訊，🐳千張大戶重度鎖碼(81.35%)，聚焦熱門題材【電腦週邊】，基本面月營收高速成長(YoY+131.3%)，🔑量化目標區:318.6~328.2，停損防線:298.0。
  #3 3653.TW 健策       AI評分=88.3 題材=AI水冷散熱 原因=📊均線呈現完美多頭排列，KD黃金交叉，聚焦熱門題材【AI水冷散熱】，基本面月營收高速成長(YoY+91.0%)，🔑量化目標區:4324.8~4528.1，停損防線:3889.3。
  #4 3017.TW 奇鋐       AI評分=85.6 題材=CoWoS AI伺服器 原因=📊均線呈現完美多頭排列，聚焦熱門題材【CoWoS AI伺服器】，基本面月營收高速成長(YoY+57.4%)，🔑量化目標區:2823.5~2944.6，停損防線:2564.2。
  #5 3443.TW 創意       AI評分=85.2 題材=先進封裝載板 原因=🚀布林通道窄幅緊縮後帶量突破上軌(波動爆發)，📊均線呈現完美多頭排列，RSI多頭增強，聚焦熱門題材【先進封裝載板】，基本面月營收高速成長(YoY+158.4%)，🔑量化目標區:4964.6~5196.2，停損防線:4468.4。
[23:10:21] 🔥 AI 飆股引擎量化計算完成 (掃描 2306 檔，取前 50 名輸出):
  #1 2317.TW 鴻海       AI評分=90.9 題材=CoWoS AI伺服器 原因=🚀布林通道窄幅緊縮後帶量突破上軌(波動爆發)，📊均線呈現完美多頭排列，聚焦熱門題材【CoWoS AI伺服器】，基本面月營收高速成長(YoY+54.2%)，🔑量化目標區:265.4~271.9，停損防線:251.5。
  #2 2382.TW 廣達       AI評分=88.5 題材=電腦週邊 原因=📈帶量突破月均線(中期波段起漲)，MACD翻紅買訊，🐳千張大戶重度鎖碼(81.35%)，聚焦熱門題材【電腦週邊】，基本面月營收高速成長(YoY+131.3%)，🔑量化目標區:318.6~328.2，停損防線:298.0。
  #3 3653.TW 健策       AI評分=88.3 題材=AI水冷散熱 原因=📊均線呈現完美多頭排列，KD黃金交叉，聚焦熱門題材【AI水冷散熱】，基本面月營收高速成長(YoY+91.0%)，🔑量化目標區:4324.8~4528.1，停損防線:3889.3。
  #4 3017.TW 奇鋐       AI評分=85.6 題材=CoWoS AI伺服器 原因=📊均線呈現完美多頭排列，聚焦熱門題材【CoWoS AI伺服器】，基本面月營收高速成長(YoY+57.4%)，🔑量化目標區:2823.5~2944.6，停損防線:2564.2。
  #5 3443.TW 創意       AI評分=85.2 題材=先進封裝載板 原因=🚀布林通道窄幅緊縮後帶量突破上軌(波動爆發)，📊均線呈現完美多頭排列，RSI多頭增強，聚焦熱門題材【先進封裝載板】，基本面月營收高速成長(YoY+158.4%)，🔑量化目標區:4964.6~5196.2，停損防線:4468.4。
[23:10:51] 🔥 AI 飆股引擎量化計算完成 (掃描 2306 檔，取前 50 名輸出):
  #1 2317.TW 鴻海       AI評分=90.9 題材=CoWoS AI伺服器 原因=🚀布林通道窄幅緊縮後帶量突破上軌(波動爆發)，📊均線呈現完美多頭排列，聚焦熱門題材【CoWoS AI伺服器】，基本面月營收高速成長(YoY+54.2%)，🔑量化目標區:265.4~271.9，停損防線:251.5。
  #2 2382.TW 廣達       AI評分=88.5 題材=電腦週邊 原因=📈帶量突破月均線(中期波段起漲)，MACD翻紅買訊，🐳千張大戶重度鎖碼(81.35%)，聚焦熱門題材【電腦週邊】，基本面月營收高速成長(YoY+131.3%)，🔑量化目標區:318.6~328.2，停損防線:298.0。
  #3 3653.TW 健策       AI評分=88.3 題材=AI水冷散熱 原因=📊均線呈現完美多頭排列，KD黃金交叉，聚焦熱門題材【AI水冷散熱】，基本面月營收高速成長(YoY+91.0%)，🔑量化目標區:4324.8~4528.1，停損防線:3889.3。
  #4 3017.TW 奇鋐       AI評分=85.6 題材=CoWoS AI伺服器 原因=📊均線呈現完美多頭排列，聚焦熱門題材【CoWoS AI伺服器】，基本面月營收高速成長(YoY+57.4%)，🔑量化目標區:2823.5~2944.6，停損防線:2564.2。
  #5 3443.TW 創意       AI評分=85.2 題材=先進封裝載板 原因=🚀布林通道窄幅緊縮後帶量突破上軌(波動爆發)，📊均線呈現完美多頭排列，RSI多頭增強，聚焦熱門題材【先進封裝載板】，基本面月營收高速成長(YoY+158.4%)，🔑量化目標區:4964.6~5196.2，停損防線:4468.4。
[23:11:21] 🔥 AI 飆股引擎量化計算完成 (掃描 2306 檔，取前 50 名輸出):
  #1 2317.TW 鴻海       AI評分=90.9 題材=CoWoS AI伺服器 原因=🚀布林通道窄幅緊縮後帶量突破上軌(波動爆發)，📊均線呈現完美多頭排列，聚焦熱門題材【CoWoS AI伺服器】，基本面月營收高速成長(YoY+54.2%)，🔑量化目標區:265.4~271.9，停損防線:251.5。
  #2 2382.TW 廣達       AI評分=88.5 題材=電腦週邊 原因=📈帶量突破月均線(中期波段起漲)，MACD翻紅買訊，🐳千張大戶重度鎖碼(81.35%)，聚焦熱門題材【電腦週邊】，基本面月營收高速成長(YoY+131.3%)，🔑量化目標區:318.6~328.2，停損防線:298.0。
  #3 3653.TW 健策       AI評分=88.3 題材=AI水冷散熱 原因=📊均線呈現完美多頭排列，KD黃金交叉，聚焦熱門題材【AI水冷散熱】，基本面月營收高速成長(YoY+91.0%)，🔑量化目標區:4324.8~4528.1，停損防線:3889.3。
  #4 3017.TW 奇鋐       AI評分=85.6 題材=CoWoS AI伺服器 原因=📊均線呈現完美多頭排列，聚焦熱門題材【CoWoS AI伺服器】，基本面月營收高速成長(YoY+57.4%)，🔑量化目標區:2823.5~2944.6，停損防線:2564.2。
  #5 3443.TW 創意       AI評分=85.2 題材=先進封裝載板 原因=🚀布林通道窄幅緊縮後帶量突破上軌(波動爆發)，📊均線呈現完美多頭排列，RSI多頭增強，聚焦熱門題材【先進封裝載板】，基本面月營收高速成長(YoY+158.4%)，🔑量化目標區:4964.6~5196.2，停損防線:4468.4。
[23:11:51] 🔥 AI 飆股引擎量化計算完成 (掃描 2306 檔，取前 50 名輸出):
  #1 2317.TW 鴻海       AI評分=90.9 題材=CoWoS AI伺服器 原因=🚀布林通道窄幅緊縮後帶量突破上軌(波動爆發)，📊均線呈現完美多頭排列，聚焦熱門題材【CoWoS AI伺服器】，基本面月營收高速成長(YoY+54.2%)，🔑量化目標區:265.4~271.9，停損防線:251.5。
  #2 2382.TW 廣達       AI評分=88.5 題材=電腦週邊 原因=📈帶量突破月均線(中期波段起漲)，MACD翻紅買訊，🐳千張大戶重度鎖碼(81.35%)，聚焦熱門題材【電腦週邊】，基本面月營收高速成長(YoY+131.3%)，🔑量化目標區:318.6~328.2，停損防線:298.0。
  #3 3653.TW 健策       AI評分=88.3 題材=AI水冷散熱 原因=📊均線呈現完美多頭排列，KD黃金交叉，聚焦熱門題材【AI水冷散熱】，基本面月營收高速成長(YoY+91.0%)，🔑量化目標區:4324.8~4528.1，停損防線:3889.3。
  #4 3017.TW 奇鋐       AI評分=85.6 題材=CoWoS AI伺服器 原因=📊均線呈現完美多頭排列，聚焦熱門題材【CoWoS AI伺服器】，基本面月營收高速成長(YoY+57.4%)，🔑量化目標區:2823.5~2944.6，停損防線:2564.2。
  #5 3443.TW 創意       AI評分=85.2 題材=先進封裝載板 原因=🚀布林通道窄幅緊縮後帶量突破上軌(波動爆發)，📊均線呈現完美多頭排列，RSI多頭增強，聚焦熱門題材【先進封裝載板】，基本面月營收高速成長(YoY+158.4%)，🔑量化目標區:4964.6~5196.2，停損防線:4468.4。
[23:12:21] 🔥 AI 飆股引擎量化計算完成 (掃描 2306 檔，取前 50 名輸出):
  #1 2317.TW 鴻海       AI評分=90.9 題材=CoWoS AI伺服器 原因=🚀布林通道窄幅緊縮後帶量突破上軌(波動爆發)，📊均線呈現完美多頭排列，聚焦熱門題材【CoWoS AI伺服器】，基本面月營收高速成長(YoY+54.2%)，🔑量化目標區:265.4~271.9，停損防線:251.5。
  #2 2382.TW 廣達       AI評分=88.5 題材=電腦週邊 原因=📈帶量突破月均線(中期波段起漲)，MACD翻紅買訊，🐳千張大戶重度鎖碼(81.35%)，聚焦熱門題材【電腦週邊】，基本面月營收高速成長(YoY+131.3%)，🔑量化目標區:318.6~328.2，停損防線:298.0。
  #3 3653.TW 健策       AI評分=88.3 題材=AI水冷散熱 原因=📊均線呈現完美多頭排列，KD黃金交叉，聚焦熱門題材【AI水冷散熱】，基本面月營收高速成長(YoY+91.0%)，🔑量化目標區:4324.8~4528.1，停損防線:3889.3。
  #4 3017.TW 奇鋐       AI評分=85.6 題材=CoWoS AI伺服器 原因=📊均線呈現完美多頭排列，聚焦熱門題材【CoWoS AI伺服器】，基本面月營收高速成長(YoY+57.4%)，🔑量化目標區:2823.5~2944.6，停損防線:2564.2。
  #5 3443.TW 創意       AI評分=85.2 題材=先進封裝載板 原因=🚀布林通道窄幅緊縮後帶量突破上軌(波動爆發)，📊均線呈現完美多頭排列，RSI多頭增強，聚焦熱門題材【先進封裝載板】，基本面月營收高速成長(YoY+158.4%)，🔑量化目標區:4964.6~5196.2，停損防線:4468.4。
[23:12:51] 🔥 AI 飆股引擎量化計算完成 (掃描 2306 檔，取前 50 名輸出):
  #1 2317.TW 鴻海       AI評分=90.9 題材=CoWoS AI伺服器 原因=🚀布林通道窄幅緊縮後帶量突破上軌(波動爆發)，📊均線呈現完美多頭排列，聚焦熱門題材【CoWoS AI伺服器】，基本面月營收高速成長(YoY+54.2%)，🔑量化目標區:265.4~271.9，停損防線:251.5。
  #2 2382.TW 廣達       AI評分=88.5 題材=電腦週邊 原因=📈帶量突破月均線(中期波段起漲)，MACD翻紅買訊，🐳千張大戶重度鎖碼(81.35%)，聚焦熱門題材【電腦週邊】，基本面月營收高速成長(YoY+131.3%)，🔑量化目標區:318.6~328.2，停損防線:298.0。
  #3 3653.TW 健策       AI評分=88.3 題材=AI水冷散熱 原因=📊均線呈現完美多頭排列，KD黃金交叉，聚焦熱門題材【AI水冷散熱】，基本面月營收高速成長(YoY+91.0%)，🔑量化目標區:4324.8~4528.1，停損防線:3889.3。
  #4 3017.TW 奇鋐       AI評分=85.6 題材=CoWoS AI伺服器 原因=📊均線呈現完美多頭排列，聚焦熱門題材【CoWoS AI伺服器】，基本面月營收高速成長(YoY+57.4%)，🔑量化目標區:2823.5~2944.6，停損防線:2564.2。
  #5 3443.TW 創意       AI評分=85.2 題材=先進封裝載板 原因=🚀布林通道窄幅緊縮後帶量突破上軌(波動爆發)，📊均線呈現完美多頭排列，RSI多頭增強，聚焦熱門題材【先進封裝載板】，基本面月營收高速成長(YoY+158.4%)，🔑量化目標區:4964.6~5196.2，停損防線:4468.4。
[23:13:22] 🔥 AI 飆股引擎量化計算完成 (掃描 2306 檔，取前 50 名輸出):
  #1 2317.TW 鴻海       AI評分=90.9 題材=CoWoS AI伺服器 原因=🚀布林通道窄幅緊縮後帶量突破上軌(波動爆發)，📊均線呈現完美多頭排列，聚焦熱門題材【CoWoS AI伺服器】，基本面月營收高速成長(YoY+54.2%)，🔑量化目標區:265.4~271.9，停損防線:251.5。
  #2 2382.TW 廣達       AI評分=88.5 題材=電腦週邊 原因=📈帶量突破月均線(中期波段起漲)，MACD翻紅買訊，🐳千張大戶重度鎖碼(81.35%)，聚焦熱門題材【電腦週邊】，基本面月營收高速成長(YoY+131.3%)，🔑量化目標區:318.6~328.2，停損防線:298.0。
  #3 3653.TW 健策       AI評分=88.3 題材=AI水冷散熱 原因=📊均線呈現完美多頭排列，KD黃金交叉，聚焦熱門題材【AI水冷散熱】，基本面月營收高速成長(YoY+91.0%)，🔑量化目標區:4324.8~4528.1，停損防線:3889.3。
  #4 3017.TW 奇鋐       AI評分=85.6 題材=CoWoS AI伺服器 原因=📊均線呈現完美多頭排列，聚焦熱門題材【CoWoS AI伺服器】，基本面月營收高速成長(YoY+57.4%)，🔑量化目標區:2823.5~2944.6，停損防線:2564.2。
  #5 3443.TW 創意       AI評分=85.2 題材=先進封裝載板 原因=🚀布林通道窄幅緊縮後帶量突破上軌(波動爆發)，📊均線呈現完美多頭排列，RSI多頭增強，聚焦熱門題材【先進封裝載板】，基本面月營收高速成長(YoY+158.4%)，🔑量化目標區:4964.6~5196.2，停損防線:4468.4。
[23:13:52] 🔥 AI 飆股引擎量化計算完成 (掃描 2306 檔，取前 50 名輸出):
  #1 2317.TW 鴻海       AI評分=90.9 題材=CoWoS AI伺服器 原因=🚀布林通道窄幅緊縮後帶量突破上軌(波動爆發)，📊均線呈現完美多頭排列，聚焦熱門題材【CoWoS AI伺服器】，基本面月營收高速成長(YoY+54.2%)，🔑量化目標區:265.4~271.9，停損防線:251.5。
  #2 2382.TW 廣達       AI評分=88.5 題材=電腦週邊 原因=📈帶量突破月均線(中期波段起漲)，MACD翻紅買訊，🐳千張大戶重度鎖碼(81.35%)，聚焦熱門題材【電腦週邊】，基本面月營收高速成長(YoY+131.3%)，🔑量化目標區:318.6~328.2，停損防線:298.0。
  #3 3653.TW 健策       AI評分=88.3 題材=AI水冷散熱 原因=📊均線呈現完美多頭排列，KD黃金交叉，聚焦熱門題材【AI水冷散熱】，基本面月營收高速成長(YoY+91.0%)，🔑量化目標區:4324.8~4528.1，停損防線:3889.3。
  #4 3017.TW 奇鋐       AI評分=85.6 題材=CoWoS AI伺服器 原因=📊均線呈現完美多頭排列，聚焦熱門題材【CoWoS AI伺服器】，基本面月營收高速成長(YoY+57.4%)，🔑量化目標區:2823.5~2944.6，停損防線:2564.2。
  #5 3443.TW 創意       AI評分=85.2 題材=先進封裝載板 原因=🚀布林通道窄幅緊縮後帶量突破上軌(波動爆發)，📊均線呈現完美多頭排列，RSI多頭增強，聚焦熱門題材【先進封裝載板】，基本面月營收高速成長(YoY+158.4%)，🔑量化目標區:4964.6~5196.2，停損防線:4468.4。
[23:14:22] 🔥 AI 飆股引擎量化計算完成 (掃描 2306 檔，取前 50 名輸出):
  #1 2317.TW 鴻海       AI評分=90.9 題材=CoWoS AI伺服器 原因=🚀布林通道窄幅緊縮後帶量突破上軌(波動爆發)，📊均線呈現完美多頭排列，聚焦熱門題材【CoWoS AI伺服器】，基本面月營收高速成長(YoY+54.2%)，🔑量化目標區:265.4~271.9，停損防線:251.5。
  #2 2382.TW 廣達       AI評分=88.5 題材=電腦週邊 原因=📈帶量突破月均線(中期波段起漲)，MACD翻紅買訊，🐳千張大戶重度鎖碼(81.35%)，聚焦熱門題材【電腦週邊】，基本面月營收高速成長(YoY+131.3%)，🔑量化目標區:318.6~328.2，停損防線:298.0。
  #3 3653.TW 健策       AI評分=88.3 題材=AI水冷散熱 原因=📊均線呈現完美多頭排列，KD黃金交叉，聚焦熱門題材【AI水冷散熱】，基本面月營收高速成長(YoY+91.0%)，🔑量化目標區:4324.8~4528.1，停損防線:3889.3。
  #4 3017.TW 奇鋐       AI評分=85.6 題材=CoWoS AI伺服器 原因=📊均線呈現完美多頭排列，聚焦熱門題材【CoWoS AI伺服器】，基本面月營收高速成長(YoY+57.4%)，🔑量化目標區:2823.5~2944.6，停損防線:2564.2。
  #5 3443.TW 創意       AI評分=85.2 題材=先進封裝載板 原因=🚀布林通道窄幅緊縮後帶量突破上軌(波動爆發)，📊均線呈現完美多頭排列，RSI多頭增強，聚焦熱門題材【先進封裝載板】，基本面月營收高速成長(YoY+158.4%)，🔑量化目標區:4964.6~5196.2，停損防線:4468.4。
[23:14:52] 🔥 AI 飆股引擎量化計算完成 (掃描 2306 檔，取前 50 名輸出):
  #1 2317.TW 鴻海       AI評分=90.9 題材=CoWoS AI伺服器 原因=🚀布林通道窄幅緊縮後帶量突破上軌(波動爆發)，📊均線呈現完美多頭排列，聚焦熱門題材【CoWoS AI伺服器】，基本面月營收高速成長(YoY+54.2%)，🔑量化目標區:265.4~271.9，停損防線:251.5。
  #2 2382.TW 廣達       AI評分=88.5 題材=電腦週邊 原因=📈帶量突破月均線(中期波段起漲)，MACD翻紅買訊，🐳千張大戶重度鎖碼(81.35%)，聚焦熱門題材【電腦週邊】，基本面月營收高速成長(YoY+131.3%)，🔑量化目標區:318.6~328.2，停損防線:298.0。
  #3 3653.TW 健策       AI評分=88.3 題材=AI水冷散熱 原因=📊均線呈現完美多頭排列，KD黃金交叉，聚焦熱門題材【AI水冷散熱】，基本面月營收高速成長(YoY+91.0%)，🔑量化目標區:4324.8~4528.1，停損防線:3889.3。
  #4 3017.TW 奇鋐       AI評分=85.6 題材=CoWoS AI伺服器 原因=📊均線呈現完美多頭排列，聚焦熱門題材【CoWoS AI伺服器】，基本面月營收高速成長(YoY+57.4%)，🔑量化目標區:2823.5~2944.6，停損防線:2564.2。
  #5 3443.TW 創意       AI評分=85.2 題材=先進封裝載板 原因=🚀布林通道窄幅緊縮後帶量突破上軌(波動爆發)，📊均線呈現完美多頭排列，RSI多頭增強，聚焦熱門題材【先進封裝載板】，基本面月營收高速成長(YoY+158.4%)，🔑量化目標區:4964.6~5196.2，停損防線:4468.4。
[23:15:22] 🔥 AI 飆股引擎量化計算完成 (掃描 2306 檔，取前 50 名輸出):
  #1 2317.TW 鴻海       AI評分=90.9 題材=CoWoS AI伺服器 原因=🚀布林通道窄幅緊縮後帶量突破上軌(波動爆發)，📊均線呈現完美多頭排列，聚焦熱門題材【CoWoS AI伺服器】，基本面月營收高速成長(YoY+54.2%)，🔑量化目標區:265.4~271.9，停損防線:251.5。
  #2 2382.TW 廣達       AI評分=88.5 題材=電腦週邊 原因=📈帶量突破月均線(中期波段起漲)，MACD翻紅買訊，🐳千張大戶重度鎖碼(81.35%)，聚焦熱門題材【電腦週邊】，基本面月營收高速成長(YoY+131.3%)，🔑量化目標區:318.6~328.2，停損防線:298.0。
  #3 3653.TW 健策       AI評分=88.3 題材=AI水冷散熱 原因=📊均線呈現完美多頭排列，KD黃金交叉，聚焦熱門題材【AI水冷散熱】，基本面月營收高速成長(YoY+91.0%)，🔑量化目標區:4324.8~4528.1，停損防線:3889.3。
  #4 3017.TW 奇鋐       AI評分=85.6 題材=CoWoS AI伺服器 原因=📊均線呈現完美多頭排列，聚焦熱門題材【CoWoS AI伺服器】，基本面月營收高速成長(YoY+57.4%)，🔑量化目標區:2823.5~2944.6，停損防線:2564.2。
  #5 3443.TW 創意       AI評分=85.2 題材=先進封裝載板 原因=🚀布林通道窄幅緊縮後帶量突破上軌(波動爆發)，📊均線呈現完美多頭排列，RSI多頭增強，聚焦熱門題材【先進封裝載板】，基本面月營收高速成長(YoY+158.4%)，🔑量化目標區:4964.6~5196.2，停損防線:4468.4。
[23:15:52] 🔥 AI 飆股引擎量化計算完成 (掃描 2306 檔，取前 50 名輸出):
  #1 2317.TW 鴻海       AI評分=90.9 題材=CoWoS AI伺服器 原因=🚀布林通道窄幅緊縮後帶量突破上軌(波動爆發)，📊均線呈現完美多頭排列，聚焦熱門題材【CoWoS AI伺服器】，基本面月營收高速成長(YoY+54.2%)，🔑量化目標區:265.4~271.9，停損防線:251.5。
  #2 2382.TW 廣達       AI評分=88.5 題材=電腦週邊 原因=📈帶量突破月均線(中期波段起漲)，MACD翻紅買訊，🐳千張大戶重度鎖碼(81.35%)，聚焦熱門題材【電腦週邊】，基本面月營收高速成長(YoY+131.3%)，🔑量化目標區:318.6~328.2，停損防線:298.0。
  #3 3653.TW 健策       AI評分=88.3 題材=AI水冷散熱 原因=📊均線呈現完美多頭排列，KD黃金交叉，聚焦熱門題材【AI水冷散熱】，基本面月營收高速成長(YoY+91.0%)，🔑量化目標區:4324.8~4528.1，停損防線:3889.3。
  #4 3017.TW 奇鋐       AI評分=85.6 題材=CoWoS AI伺服器 原因=📊均線呈現完美多頭排列，聚焦熱門題材【CoWoS AI伺服器】，基本面月營收高速成長(YoY+57.4%)，🔑量化目標區:2823.5~2944.6，停損防線:2564.2。
  #5 3443.TW 創意       AI評分=85.2 題材=先進封裝載板 原因=🚀布林通道窄幅緊縮後帶量突破上軌(波動爆發)，📊均線呈現完美多頭排列，RSI多頭增強，聚焦熱門題材【先進封裝載板】，基本面月營收高速成長(YoY+158.4%)，🔑量化目標區:4964.6~5196.2，停損防線:4468.4。
[23:16:22] 🔥 AI 飆股引擎量化計算完成 (掃描 2306 檔，取前 50 名輸出):
  #1 2317.TW 鴻海       AI評分=90.9 題材=CoWoS AI伺服器 原因=🚀布林通道窄幅緊縮後帶量突破上軌(波動爆發)，📊均線呈現完美多頭排列，聚焦熱門題材【CoWoS AI伺服器】，基本面月營收高速成長(YoY+54.2%)，🔑量化目標區:265.4~271.9，停損防線:251.5。
  #2 2382.TW 廣達       AI評分=88.5 題材=電腦週邊 原因=📈帶量突破月均線(中期波段起漲)，MACD翻紅買訊，🐳千張大戶重度鎖碼(81.35%)，聚焦熱門題材【電腦週邊】，基本面月營收高速成長(YoY+131.3%)，🔑量化目標區:318.6~328.2，停損防線:298.0。
  #3 3653.TW 健策       AI評分=88.3 題材=AI水冷散熱 原因=📊均線呈現完美多頭排列，KD黃金交叉，聚焦熱門題材【AI水冷散熱】，基本面月營收高速成長(YoY+91.0%)，🔑量化目標區:4324.8~4528.1，停損防線:3889.3。
  #4 3017.TW 奇鋐       AI評分=85.6 題材=CoWoS AI伺服器 原因=📊均線呈現完美多頭排列，聚焦熱門題材【CoWoS AI伺服器】，基本面月營收高速成長(YoY+57.4%)，🔑量化目標區:2823.5~2944.6，停損防線:2564.2。
  #5 3443.TW 創意       AI評分=85.2 題材=先進封裝載板 原因=🚀布林通道窄幅緊縮後帶量突破上軌(波動爆發)，📊均線呈現完美多頭排列，RSI多頭增強，聚焦熱門題材【先進封裝載板】，基本面月營收高速成長(YoY+158.4%)，🔑量化目標區:4964.6~5196.2，停損防線:4468.4。
[23:16:52] 🔥 AI 飆股引擎量化計算完成 (掃描 2306 檔，取前 50 名輸出):
  #1 2317.TW 鴻海       AI評分=90.9 題材=CoWoS AI伺服器 原因=🚀布林通道窄幅緊縮後帶量突破上軌(波動爆發)，📊均線呈現完美多頭排列，聚焦熱門題材【CoWoS AI伺服器】，基本面月營收高速成長(YoY+54.2%)，🔑量化目標區:265.4~271.9，停損防線:251.5。
  #2 2382.TW 廣達       AI評分=88.5 題材=電腦週邊 原因=📈帶量突破月均線(中期波段起漲)，MACD翻紅買訊，🐳千張大戶重度鎖碼(81.35%)，聚焦熱門題材【電腦週邊】，基本面月營收高速成長(YoY+131.3%)，🔑量化目標區:318.6~328.2，停損防線:298.0。
  #3 3653.TW 健策       AI評分=88.3 題材=AI水冷散熱 原因=📊均線呈現完美多頭排列，KD黃金交叉，聚焦熱門題材【AI水冷散熱】，基本面月營收高速成長(YoY+91.0%)，🔑量化目標區:4324.8~4528.1，停損防線:3889.3。
  #4 3017.TW 奇鋐       AI評分=85.6 題材=CoWoS AI伺服器 原因=📊均線呈現完美多頭排列，聚焦熱門題材【CoWoS AI伺服器】，基本面月營收高速成長(YoY+57.4%)，🔑量化目標區:2823.5~2944.6，停損防線:2564.2。
  #5 3443.TW 創意       AI評分=85.2 題材=先進封裝載板 原因=🚀布林通道窄幅緊縮後帶量突破上軌(波動爆發)，📊均線呈現完美多頭排列，RSI多頭增強，聚焦熱門題材【先進封裝載板】，基本面月營收高速成長(YoY+158.4%)，🔑量化目標區:4964.6~5196.2，停損防線:4468.4。
[23:17:23] 🔥 AI 飆股引擎量化計算完成 (掃描 2306 檔，取前 50 名輸出):
  #1 2317.TW 鴻海       AI評分=90.9 題材=CoWoS AI伺服器 原因=🚀布林通道窄幅緊縮後帶量突破上軌(波動爆發)，📊均線呈現完美多頭排列，聚焦熱門題材【CoWoS AI伺服器】，基本面月營收高速成長(YoY+54.2%)，🔑量化目標區:265.4~271.9，停損防線:251.5。
  #2 2382.TW 廣達       AI評分=88.5 題材=電腦週邊 原因=📈帶量突破月均線(中期波段起漲)，MACD翻紅買訊，🐳千張大戶重度鎖碼(81.35%)，聚焦熱門題材【電腦週邊】，基本面月營收高速成長(YoY+131.3%)，🔑量化目標區:318.6~328.2，停損防線:298.0。
  #3 3653.TW 健策       AI評分=88.3 題材=AI水冷散熱 原因=📊均線呈現完美多頭排列，KD黃金交叉，聚焦熱門題材【AI水冷散熱】，基本面月營收高速成長(YoY+91.0%)，🔑量化目標區:4324.8~4528.1，停損防線:3889.3。
  #4 3017.TW 奇鋐       AI評分=85.6 題材=CoWoS AI伺服器 原因=📊均線呈現完美多頭排列，聚焦熱門題材【CoWoS AI伺服器】，基本面月營收高速成長(YoY+57.4%)，🔑量化目標區:2823.5~2944.6，停損防線:2564.2。
  #5 3443.TW 創意       AI評分=85.2 題材=先進封裝載板 原因=🚀布林通道窄幅緊縮後帶量突破上軌(波動爆發)，📊均線呈現完美多頭排列，RSI多頭增強，聚焦熱門題材【先進封裝載板】，基本面月營收高速成長(YoY+158.4%)，🔑量化目標區:4964.6~5196.2，停損防線:4468.4。
[23:17:53] 🔥 AI 飆股引擎量化計算完成 (掃描 2306 檔，取前 50 名輸出):
  #1 2317.TW 鴻海       AI評分=90.9 題材=CoWoS AI伺服器 原因=🚀布林通道窄幅緊縮後帶量突破上軌(波動爆發)，📊均線呈現完美多頭排列，聚焦熱門題材【CoWoS AI伺服器】，基本面月營收高速成長(YoY+54.2%)，🔑量化目標區:265.4~271.9，停損防線:251.5。
  #2 2382.TW 廣達       AI評分=88.5 題材=電腦週邊 原因=📈帶量突破月均線(中期波段起漲)，MACD翻紅買訊，🐳千張大戶重度鎖碼(81.35%)，聚焦熱門題材【電腦週邊】，基本面月營收高速成長(YoY+131.3%)，🔑量化目標區:318.6~328.2，停損防線:298.0。
  #3 3653.TW 健策       AI評分=88.3 題材=AI水冷散熱 原因=📊均線呈現完美多頭排列，KD黃金交叉，聚焦熱門題材【AI水冷散熱】，基本面月營收高速成長(YoY+91.0%)，🔑量化目標區:4324.8~4528.1，停損防線:3889.3。
  #4 3017.TW 奇鋐       AI評分=85.6 題材=CoWoS AI伺服器 原因=📊均線呈現完美多頭排列，聚焦熱門題材【CoWoS AI伺服器】，基本面月營收高速成長(YoY+57.4%)，🔑量化目標區:2823.5~2944.6，停損防線:2564.2。
  #5 3443.TW 創意       AI評分=85.2 題材=先進封裝載板 原因=🚀布林通道窄幅緊縮後帶量突破上軌(波動爆發)，📊均線呈現完美多頭排列，RSI多頭增強，聚焦熱門題材【先進封裝載板】，基本面月營收高速成長(YoY+158.4%)，🔑量化目標區:4964.6~5196.2，停損防線:4468.4。
[23:18:23] 🔥 AI 飆股引擎量化計算完成 (掃描 2306 檔，取前 50 名輸出):
  #1 2317.TW 鴻海       AI評分=90.9 題材=CoWoS AI伺服器 原因=🚀布林通道窄幅緊縮後帶量突破上軌(波動爆發)，📊均線呈現完美多頭排列，聚焦熱門題材【CoWoS AI伺服器】，基本面月營收高速成長(YoY+54.2%)，🔑量化目標區:265.4~271.9，停損防線:251.5。
  #2 2382.TW 廣達       AI評分=88.5 題材=電腦週邊 原因=📈帶量突破月均線(中期波段起漲)，MACD翻紅買訊，🐳千張大戶重度鎖碼(81.35%)，聚焦熱門題材【電腦週邊】，基本面月營收高速成長(YoY+131.3%)，🔑量化目標區:318.6~328.2，停損防線:298.0。
  #3 3653.TW 健策       AI評分=88.3 題材=AI水冷散熱 原因=📊均線呈現完美多頭排列，KD黃金交叉，聚焦熱門題材【AI水冷散熱】，基本面月營收高速成長(YoY+91.0%)，🔑量化目標區:4324.8~4528.1，停損防線:3889.3。
  #4 3017.TW 奇鋐       AI評分=85.6 題材=CoWoS AI伺服器 原因=📊均線呈現完美多頭排列，聚焦熱門題材【CoWoS AI伺服器】，基本面月營收高速成長(YoY+57.4%)，🔑量化目標區:2823.5~2944.6，停損防線:2564.2。
  #5 3443.TW 創意       AI評分=85.2 題材=先進封裝載板 原因=🚀布林通道窄幅緊縮後帶量突破上軌(波動爆發)，📊均線呈現完美多頭排列，RSI多頭增強，聚焦熱門題材【先進封裝載板】，基本面月營收高速成長(YoY+158.4%)，🔑量化目標區:4964.6~5196.2，停損防線:4468.4。
[23:18:53] 🔥 AI 飆股引擎量化計算完成 (掃描 2306 檔，取前 50 名輸出):
  #1 2317.TW 鴻海       AI評分=90.9 題材=CoWoS AI伺服器 原因=🚀布林通道窄幅緊縮後帶量突破上軌(波動爆發)，📊均線呈現完美多頭排列，聚焦熱門題材【CoWoS AI伺服器】，基本面月營收高速成長(YoY+54.2%)，🔑量化目標區:265.4~271.9，停損防線:251.5。
  #2 2382.TW 廣達       AI評分=88.5 題材=電腦週邊 原因=📈帶量突破月均線(中期波段起漲)，MACD翻紅買訊，🐳千張大戶重度鎖碼(81.35%)，聚焦熱門題材【電腦週邊】，基本面月營收高速成長(YoY+131.3%)，🔑量化目標區:318.6~328.2，停損防線:298.0。
  #3 3653.TW 健策       AI評分=88.3 題材=AI水冷散熱 原因=📊均線呈現完美多頭排列，KD黃金交叉，聚焦熱門題材【AI水冷散熱】，基本面月營收高速成長(YoY+91.0%)，🔑量化目標區:4324.8~4528.1，停損防線:3889.3。
  #4 3017.TW 奇鋐       AI評分=85.6 題材=CoWoS AI伺服器 原因=📊均線呈現完美多頭排列，聚焦熱門題材【CoWoS AI伺服器】，基本面月營收高速成長(YoY+57.4%)，🔑量化目標區:2823.5~2944.6，停損防線:2564.2。
  #5 3443.TW 創意       AI評分=85.2 題材=先進封裝載板 原因=🚀布林通道窄幅緊縮後帶量突破上軌(波動爆發)，📊均線呈現完美多頭排列，RSI多頭增強，聚焦熱門題材【先進封裝載板】，基本面月營收高速成長(YoY+158.4%)，🔑量化目標區:4964.6~5196.2，停損防線:4468.4。
[23:19:23] 🔥 AI 飆股引擎量化計算完成 (掃描 2306 檔，取前 50 名輸出):
  #1 2317.TW 鴻海       AI評分=90.9 題材=CoWoS AI伺服器 原因=🚀布林通道窄幅緊縮後帶量突破上軌(波動爆發)，📊均線呈現完美多頭排列，聚焦熱門題材【CoWoS AI伺服器】，基本面月營收高速成長(YoY+54.2%)，🔑量化目標區:265.4~271.9，停損防線:251.5。
  #2 2382.TW 廣達       AI評分=88.5 題材=電腦週邊 原因=📈帶量突破月均線(中期波段起漲)，MACD翻紅買訊，🐳千張大戶重度鎖碼(81.35%)，聚焦熱門題材【電腦週邊】，基本面月營收高速成長(YoY+131.3%)，🔑量化目標區:318.6~328.2，停損防線:298.0。
  #3 3653.TW 健策       AI評分=88.3 題材=AI水冷散熱 原因=📊均線呈現完美多頭排列，KD黃金交叉，聚焦熱門題材【AI水冷散熱】，基本面月營收高速成長(YoY+91.0%)，🔑量化目標區:4324.8~4528.1，停損防線:3889.3。
  #4 3017.TW 奇鋐       AI評分=85.6 題材=CoWoS AI伺服器 原因=📊均線呈現完美多頭排列，聚焦熱門題材【CoWoS AI伺服器】，基本面月營收高速成長(YoY+57.4%)，🔑量化目標區:2823.5~2944.6，停損防線:2564.2。
  #5 3443.TW 創意       AI評分=85.2 題材=先進封裝載板 原因=🚀布林通道窄幅緊縮後帶量突破上軌(波動爆發)，📊均線呈現完美多頭排列，RSI多頭增強，聚焦熱門題材【先進封裝載板】，基本面月營收高速成長(YoY+158.4%)，🔑量化目標區:4964.6~5196.2，停損防線:4468.4。
[23:19:53] 🔥 AI 飆股引擎量化計算完成 (掃描 2306 檔，取前 50 名輸出):
  #1 2317.TW 鴻海       AI評分=90.9 題材=CoWoS AI伺服器 原因=🚀布林通道窄幅緊縮後帶量突破上軌(波動爆發)，📊均線呈現完美多頭排列，聚焦熱門題材【CoWoS AI伺服器】，基本面月營收高速成長(YoY+54.2%)，🔑量化目標區:265.4~271.9，停損防線:251.5。
  #2 2382.TW 廣達       AI評分=88.5 題材=電腦週邊 原因=📈帶量突破月均線(中期波段起漲)，MACD翻紅買訊，🐳千張大戶重度鎖碼(81.35%)，聚焦熱門題材【電腦週邊】，基本面月營收高速成長(YoY+131.3%)，🔑量化目標區:318.6~328.2，停損防線:298.0。
  #3 3653.TW 健策       AI評分=88.3 題材=AI水冷散熱 原因=📊均線呈現完美多頭排列，KD黃金交叉，聚焦熱門題材【AI水冷散熱】，基本面月營收高速成長(YoY+91.0%)，🔑量化目標區:4324.8~4528.1，停損防線:3889.3。
  #4 3017.TW 奇鋐       AI評分=85.6 題材=CoWoS AI伺服器 原因=📊均線呈現完美多頭排列，聚焦熱門題材【CoWoS AI伺服器】，基本面月營收高速成長(YoY+57.4%)，🔑量化目標區:2823.5~2944.6，停損防線:2564.2。
  #5 3443.TW 創意       AI評分=85.2 題材=先進封裝載板 原因=🚀布林通道窄幅緊縮後帶量突破上軌(波動爆發)，📊均線呈現完美多頭排列，RSI多頭增強，聚焦熱門題材【先進封裝載板】，基本面月營收高速成長(YoY+158.4%)，🔑量化目標區:4964.6~5196.2，停損防線:4468.4。
[23:20:23] 🔥 AI 飆股引擎量化計算完成 (掃描 2306 檔，取前 50 名輸出):
  #1 2317.TW 鴻海       AI評分=90.9 題材=CoWoS AI伺服器 原因=🚀布林通道窄幅緊縮後帶量突破上軌(波動爆發)，📊均線呈現完美多頭排列，聚焦熱門題材【CoWoS AI伺服器】，基本面月營收高速成長(YoY+54.2%)，🔑量化目標區:265.4~271.9，停損防線:251.5。
  #2 2382.TW 廣達       AI評分=88.5 題材=電腦週邊 原因=📈帶量突破月均線(中期波段起漲)，MACD翻紅買訊，🐳千張大戶重度鎖碼(81.35%)，聚焦熱門題材【電腦週邊】，基本面月營收高速成長(YoY+131.3%)，🔑量化目標區:318.6~328.2，停損防線:298.0。
  #3 3653.TW 健策       AI評分=88.3 題材=AI水冷散熱 原因=📊均線呈現完美多頭排列，KD黃金交叉，聚焦熱門題材【AI水冷散熱】，基本面月營收高速成長(YoY+91.0%)，🔑量化目標區:4324.8~4528.1，停損防線:3889.3。
  #4 3017.TW 奇鋐       AI評分=85.6 題材=CoWoS AI伺服器 原因=📊均線呈現完美多頭排列，聚焦熱門題材【CoWoS AI伺服器】，基本面月營收高速成長(YoY+57.4%)，🔑量化目標區:2823.5~2944.6，停損防線:2564.2。
  #5 3443.TW 創意       AI評分=85.2 題材=先進封裝載板 原因=🚀布林通道窄幅緊縮後帶量突破上軌(波動爆發)，📊均線呈現完美多頭排列，RSI多頭增強，聚焦熱門題材【先進封裝載板】，基本面月營收高速成長(YoY+158.4%)，🔑量化目標區:4964.6~5196.2，停損防線:4468.4。
[23:20:53] 🔥 AI 飆股引擎量化計算完成 (掃描 2306 檔，取前 50 名輸出):
  #1 2317.TW 鴻海       AI評分=90.9 題材=CoWoS AI伺服器 原因=🚀布林通道窄幅緊縮後帶量突破上軌(波動爆發)，📊均線呈現完美多頭排列，聚焦熱門題材【CoWoS AI伺服器】，基本面月營收高速成長(YoY+54.2%)，🔑量化目標區:265.4~271.9，停損防線:251.5。
  #2 2382.TW 廣達       AI評分=88.5 題材=電腦週邊 原因=📈帶量突破月均線(中期波段起漲)，MACD翻紅買訊，🐳千張大戶重度鎖碼(81.35%)，聚焦熱門題材【電腦週邊】，基本面月營收高速成長(YoY+131.3%)，🔑量化目標區:318.6~328.2，停損防線:298.0。
  #3 3653.TW 健策       AI評分=88.3 題材=AI水冷散熱 原因=📊均線呈現完美多頭排列，KD黃金交叉，聚焦熱門題材【AI水冷散熱】，基本面月營收高速成長(YoY+91.0%)，🔑量化目標區:4324.8~4528.1，停損防線:3889.3。
  #4 3017.TW 奇鋐       AI評分=85.6 題材=CoWoS AI伺服器 原因=📊均線呈現完美多頭排列，聚焦熱門題材【CoWoS AI伺服器】，基本面月營收高速成長(YoY+57.4%)，🔑量化目標區:2823.5~2944.6，停損防線:2564.2。
  #5 3443.TW 創意       AI評分=85.2 題材=先進封裝載板 原因=🚀布林通道窄幅緊縮後帶量突破上軌(波動爆發)，📊均線呈現完美多頭排列，RSI多頭增強，聚焦熱門題材【先進封裝載板】，基本面月營收高速成長(YoY+158.4%)，🔑量化目標區:4964.6~5196.2，停損防線:4468.4。
[23:21:23] 🔥 AI 飆股引擎量化計算完成 (掃描 2306 檔，取前 50 名輸出):
  #1 2317.TW 鴻海       AI評分=90.9 題材=CoWoS AI伺服器 原因=🚀布林通道窄幅緊縮後帶量突破上軌(波動爆發)，📊均線呈現完美多頭排列，聚焦熱門題材【CoWoS AI伺服器】，基本面月營收高速成長(YoY+54.2%)，🔑量化目標區:265.4~271.9，停損防線:251.5。
  #2 2382.TW 廣達       AI評分=88.5 題材=電腦週邊 原因=📈帶量突破月均線(中期波段起漲)，MACD翻紅買訊，🐳千張大戶重度鎖碼(81.35%)，聚焦熱門題材【電腦週邊】，基本面月營收高速成長(YoY+131.3%)，🔑量化目標區:318.6~328.2，停損防線:298.0。
  #3 3653.TW 健策       AI評分=88.3 題材=AI水冷散熱 原因=📊均線呈現完美多頭排列，KD黃金交叉，聚焦熱門題材【AI水冷散熱】，基本面月營收高速成長(YoY+91.0%)，🔑量化目標區:4324.8~4528.1，停損防線:3889.3。
  #4 3017.TW 奇鋐       AI評分=85.6 題材=CoWoS AI伺服器 原因=📊均線呈現完美多頭排列，聚焦熱門題材【CoWoS AI伺服器】，基本面月營收高速成長(YoY+57.4%)，🔑量化目標區:2823.5~2944.6，停損防線:2564.2。
  #5 3443.TW 創意       AI評分=85.2 題材=先進封裝載板 原因=🚀布林通道窄幅緊縮後帶量突破上軌(波動爆發)，📊均線呈現完美多頭排列，RSI多頭增強，聚焦熱門題材【先進封裝載板】，基本面月營收高速成長(YoY+158.4%)，🔑量化目標區:4964.6~5196.2，停損防線:4468.4。
[23:21:53] 🔥 AI 飆股引擎量化計算完成 (掃描 2306 檔，取前 50 名輸出):
  #1 2317.TW 鴻海       AI評分=90.9 題材=CoWoS AI伺服器 原因=🚀布林通道窄幅緊縮後帶量突破上軌(波動爆發)，📊均線呈現完美多頭排列，聚焦熱門題材【CoWoS AI伺服器】，基本面月營收高速成長(YoY+54.2%)，🔑量化目標區:265.4~271.9，停損防線:251.5。
  #2 2382.TW 廣達       AI評分=88.5 題材=電腦週邊 原因=📈帶量突破月均線(中期波段起漲)，MACD翻紅買訊，🐳千張大戶重度鎖碼(81.35%)，聚焦熱門題材【電腦週邊】，基本面月營收高速成長(YoY+131.3%)，🔑量化目標區:318.6~328.2，停損防線:298.0。
  #3 3653.TW 健策       AI評分=88.3 題材=AI水冷散熱 原因=📊均線呈現完美多頭排列，KD黃金交叉，聚焦熱門題材【AI水冷散熱】，基本面月營收高速成長(YoY+91.0%)，🔑量化目標區:4324.8~4528.1，停損防線:3889.3。
  #4 3017.TW 奇鋐       AI評分=85.6 題材=CoWoS AI伺服器 原因=📊均線呈現完美多頭排列，聚焦熱門題材【CoWoS AI伺服器】，基本面月營收高速成長(YoY+57.4%)，🔑量化目標區:2823.5~2944.6，停損防線:2564.2。
  #5 3443.TW 創意       AI評分=85.2 題材=先進封裝載板 原因=🚀布林通道窄幅緊縮後帶量突破上軌(波動爆發)，📊均線呈現完美多頭排列，RSI多頭增強，聚焦熱門題材【先進封裝載板】，基本面月營收高速成長(YoY+158.4%)，🔑量化目標區:4964.6~5196.2，停損防線:4468.4。
[23:22:23] 🔥 AI 飆股引擎量化計算完成 (掃描 2306 檔，取前 50 名輸出):
  #1 2317.TW 鴻海       AI評分=90.9 題材=CoWoS AI伺服器 原因=🚀布林通道窄幅緊縮後帶量突破上軌(波動爆發)，📊均線呈現完美多頭排列，聚焦熱門題材【CoWoS AI伺服器】，基本面月營收高速成長(YoY+54.2%)，🔑量化目標區:265.4~271.9，停損防線:251.5。
  #2 2382.TW 廣達       AI評分=88.5 題材=電腦週邊 原因=📈帶量突破月均線(中期波段起漲)，MACD翻紅買訊，🐳千張大戶重度鎖碼(81.35%)，聚焦熱門題材【電腦週邊】，基本面月營收高速成長(YoY+131.3%)，🔑量化目標區:318.6~328.2，停損防線:298.0。
  #3 3653.TW 健策       AI評分=88.3 題材=AI水冷散熱 原因=📊均線呈現完美多頭排列，KD黃金交叉，聚焦熱門題材【AI水冷散熱】，基本面月營收高速成長(YoY+91.0%)，🔑量化目標區:4324.8~4528.1，停損防線:3889.3。
  #4 3017.TW 奇鋐       AI評分=85.6 題材=CoWoS AI伺服器 原因=📊均線呈現完美多頭排列，聚焦熱門題材【CoWoS AI伺服器】，基本面月營收高速成長(YoY+57.4%)，🔑量化目標區:2823.5~2944.6，停損防線:2564.2。
  #5 3443.TW 創意       AI評分=85.2 題材=先進封裝載板 原因=🚀布林通道窄幅緊縮後帶量突破上軌(波動爆發)，📊均線呈現完美多頭排列，RSI多頭增強，聚焦熱門題材【先進封裝載板】，基本面月營收高速成長(YoY+158.4%)，🔑量化目標區:4964.6~5196.2，停損防線:4468.4。
[23:22:54] 🔥 AI 飆股引擎量化計算完成 (掃描 2306 檔，取前 50 名輸出):
  #1 2317.TW 鴻海       AI評分=90.9 題材=CoWoS AI伺服器 原因=🚀布林通道窄幅緊縮後帶量突破上軌(波動爆發)，📊均線呈現完美多頭排列，聚焦熱門題材【CoWoS AI伺服器】，基本面月營收高速成長(YoY+54.2%)，🔑量化目標區:265.4~271.9，停損防線:251.5。
  #2 2382.TW 廣達       AI評分=88.5 題材=電腦週邊 原因=📈帶量突破月均線(中期波段起漲)，MACD翻紅買訊，🐳千張大戶重度鎖碼(81.35%)，聚焦熱門題材【電腦週邊】，基本面月營收高速成長(YoY+131.3%)，🔑量化目標區:318.6~328.2，停損防線:298.0。
  #3 3653.TW 健策       AI評分=88.3 題材=AI水冷散熱 原因=📊均線呈現完美多頭排列，KD黃金交叉，聚焦熱門題材【AI水冷散熱】，基本面月營收高速成長(YoY+91.0%)，🔑量化目標區:4324.8~4528.1，停損防線:3889.3。
  #4 3017.TW 奇鋐       AI評分=85.6 題材=CoWoS AI伺服器 原因=📊均線呈現完美多頭排列，聚焦熱門題材【CoWoS AI伺服器】，基本面月營收高速成長(YoY+57.4%)，🔑量化目標區:2823.5~2944.6，停損防線:2564.2。
  #5 3443.TW 創意       AI評分=85.2 題材=先進封裝載板 原因=🚀布林通道窄幅緊縮後帶量突破上軌(波動爆發)，📊均線呈現完美多頭排列，RSI多頭增強，聚焦熱門題材【先進封裝載板】，基本面月營收高速成長(YoY+158.4%)，🔑量化目標區:4964.6~5196.2，停損防線:4468.4。
[23:23:24] 🔥 AI 飆股引擎量化計算完成 (掃描 2306 檔，取前 50 名輸出):
  #1 2317.TW 鴻海       AI評分=90.9 題材=CoWoS AI伺服器 原因=🚀布林通道窄幅緊縮後帶量突破上軌(波動爆發)，📊均線呈現完美多頭排列，聚焦熱門題材【CoWoS AI伺服器】，基本面月營收高速成長(YoY+54.2%)，🔑量化目標區:265.4~271.9，停損防線:251.5。
  #2 2382.TW 廣達       AI評分=88.5 題材=電腦週邊 原因=📈帶量突破月均線(中期波段起漲)，MACD翻紅買訊，🐳千張大戶重度鎖碼(81.35%)，聚焦熱門題材【電腦週邊】，基本面月營收高速成長(YoY+131.3%)，🔑量化目標區:318.6~328.2，停損防線:298.0。
  #3 3653.TW 健策       AI評分=88.3 題材=AI水冷散熱 原因=📊均線呈現完美多頭排列，KD黃金交叉，聚焦熱門題材【AI水冷散熱】，基本面月營收高速成長(YoY+91.0%)，🔑量化目標區:4324.8~4528.1，停損防線:3889.3。
  #4 3017.TW 奇鋐       AI評分=85.6 題材=CoWoS AI伺服器 原因=📊均線呈現完美多頭排列，聚焦熱門題材【CoWoS AI伺服器】，基本面月營收高速成長(YoY+57.4%)，🔑量化目標區:2823.5~2944.6，停損防線:2564.2。
  #5 3443.TW 創意       AI評分=85.2 題材=先進封裝載板 原因=🚀布林通道窄幅緊縮後帶量突破上軌(波動爆發)，📊均線呈現完美多頭排列，RSI多頭增強，聚焦熱門題材【先進封裝載板】，基本面月營收高速成長(YoY+158.4%)，🔑量化目標區:4964.6~5196.2，停損防線:4468.4。
[23:23:54] 🔥 AI 飆股引擎量化計算完成 (掃描 2306 檔，取前 50 名輸出):
  #1 2317.TW 鴻海       AI評分=90.9 題材=CoWoS AI伺服器 原因=🚀布林通道窄幅緊縮後帶量突破上軌(波動爆發)，📊均線呈現完美多頭排列，聚焦熱門題材【CoWoS AI伺服器】，基本面月營收高速成長(YoY+54.2%)，🔑量化目標區:265.4~271.9，停損防線:251.5。
  #2 2382.TW 廣達       AI評分=88.5 題材=電腦週邊 原因=📈帶量突破月均線(中期波段起漲)，MACD翻紅買訊，🐳千張大戶重度鎖碼(81.35%)，聚焦熱門題材【電腦週邊】，基本面月營收高速成長(YoY+131.3%)，🔑量化目標區:318.6~328.2，停損防線:298.0。
  #3 3653.TW 健策       AI評分=88.3 題材=AI水冷散熱 原因=📊均線呈現完美多頭排列，KD黃金交叉，聚焦熱門題材【AI水冷散熱】，基本面月營收高速成長(YoY+91.0%)，🔑量化目標區:4324.8~4528.1，停損防線:3889.3。
  #4 3017.TW 奇鋐       AI評分=85.6 題材=CoWoS AI伺服器 原因=📊均線呈現完美多頭排列，聚焦熱門題材【CoWoS AI伺服器】，基本面月營收高速成長(YoY+57.4%)，🔑量化目標區:2823.5~2944.6，停損防線:2564.2。
  #5 3443.TW 創意       AI評分=85.2 題材=先進封裝載板 原因=🚀布林通道窄幅緊縮後帶量突破上軌(波動爆發)，📊均線呈現完美多頭排列，RSI多頭增強，聚焦熱門題材【先進封裝載板】，基本面月營收高速成長(YoY+158.4%)，🔑量化目標區:4964.6~5196.2，停損防線:4468.4。
[23:24:24] 🔥 AI 飆股引擎量化計算完成 (掃描 2306 檔，取前 50 名輸出):
  #1 2317.TW 鴻海       AI評分=90.9 題材=CoWoS AI伺服器 原因=🚀布林通道窄幅緊縮後帶量突破上軌(波動爆發)，📊均線呈現完美多頭排列，聚焦熱門題材【CoWoS AI伺服器】，基本面月營收高速成長(YoY+54.2%)，🔑量化目標區:265.4~271.9，停損防線:251.5。
  #2 2382.TW 廣達       AI評分=88.5 題材=電腦週邊 原因=📈帶量突破月均線(中期波段起漲)，MACD翻紅買訊，🐳千張大戶重度鎖碼(81.35%)，聚焦熱門題材【電腦週邊】，基本面月營收高速成長(YoY+131.3%)，🔑量化目標區:318.6~328.2，停損防線:298.0。
  #3 3653.TW 健策       AI評分=88.3 題材=AI水冷散熱 原因=📊均線呈現完美多頭排列，KD黃金交叉，聚焦熱門題材【AI水冷散熱】，基本面月營收高速成長(YoY+91.0%)，🔑量化目標區:4324.8~4528.1，停損防線:3889.3。
  #4 3017.TW 奇鋐       AI評分=85.6 題材=CoWoS AI伺服器 原因=📊均線呈現完美多頭排列，聚焦熱門題材【CoWoS AI伺服器】，基本面月營收高速成長(YoY+57.4%)，🔑量化目標區:2823.5~2944.6，停損防線:2564.2。
  #5 3443.TW 創意       AI評分=85.2 題材=先進封裝載板 原因=🚀布林通道窄幅緊縮後帶量突破上軌(波動爆發)，📊均線呈現完美多頭排列，RSI多頭增強，聚焦熱門題材【先進封裝載板】，基本面月營收高速成長(YoY+158.4%)，🔑量化目標區:4964.6~5196.2，停損防線:4468.4。
[23:24:54] 🔥 AI 飆股引擎量化計算完成 (掃描 2306 檔，取前 50 名輸出):
  #1 2317.TW 鴻海       AI評分=90.9 題材=CoWoS AI伺服器 原因=🚀布林通道窄幅緊縮後帶量突破上軌(波動爆發)，📊均線呈現完美多頭排列，聚焦熱門題材【CoWoS AI伺服器】，基本面月營收高速成長(YoY+54.2%)，🔑量化目標區:265.4~271.9，停損防線:251.5。
  #2 2382.TW 廣達       AI評分=88.5 題材=電腦週邊 原因=📈帶量突破月均線(中期波段起漲)，MACD翻紅買訊，🐳千張大戶重度鎖碼(81.35%)，聚焦熱門題材【電腦週邊】，基本面月營收高速成長(YoY+131.3%)，🔑量化目標區:318.6~328.2，停損防線:298.0。
  #3 3653.TW 健策       AI評分=88.3 題材=AI水冷散熱 原因=📊均線呈現完美多頭排列，KD黃金交叉，聚焦熱門題材【AI水冷散熱】，基本面月營收高速成長(YoY+91.0%)，🔑量化目標區:4324.8~4528.1，停損防線:3889.3。
  #4 3017.TW 奇鋐       AI評分=85.6 題材=CoWoS AI伺服器 原因=📊均線呈現完美多頭排列，聚焦熱門題材【CoWoS AI伺服器】，基本面月營收高速成長(YoY+57.4%)，🔑量化目標區:2823.5~2944.6，停損防線:2564.2。
  #5 3443.TW 創意       AI評分=85.2 題材=先進封裝載板 原因=🚀布林通道窄幅緊縮後帶量突破上軌(波動爆發)，📊均線呈現完美多頭排列，RSI多頭增強，聚焦熱門題材【先進封裝載板】，基本面月營收高速成長(YoY+158.4%)，🔑量化目標區:4964.6~5196.2，停損防線:4468.4。
[23:25:24] 🔥 AI 飆股引擎量化計算完成 (掃描 2306 檔，取前 50 名輸出):
  #1 2317.TW 鴻海       AI評分=90.9 題材=CoWoS AI伺服器 原因=🚀布林通道窄幅緊縮後帶量突破上軌(波動爆發)，📊均線呈現完美多頭排列，聚焦熱門題材【CoWoS AI伺服器】，基本面月營收高速成長(YoY+54.2%)，🔑量化目標區:265.4~271.9，停損防線:251.5。
  #2 2382.TW 廣達       AI評分=88.5 題材=電腦週邊 原因=📈帶量突破月均線(中期波段起漲)，MACD翻紅買訊，🐳千張大戶重度鎖碼(81.35%)，聚焦熱門題材【電腦週邊】，基本面月營收高速成長(YoY+131.3%)，🔑量化目標區:318.6~328.2，停損防線:298.0。
  #3 3653.TW 健策       AI評分=88.3 題材=AI水冷散熱 原因=📊均線呈現完美多頭排列，KD黃金交叉，聚焦熱門題材【AI水冷散熱】，基本面月營收高速成長(YoY+91.0%)，🔑量化目標區:4324.8~4528.1，停損防線:3889.3。
  #4 3017.TW 奇鋐       AI評分=85.6 題材=CoWoS AI伺服器 原因=📊均線呈現完美多頭排列，聚焦熱門題材【CoWoS AI伺服器】，基本面月營收高速成長(YoY+57.4%)，🔑量化目標區:2823.5~2944.6，停損防線:2564.2。
  #5 3443.TW 創意       AI評分=85.2 題材=先進封裝載板 原因=🚀布林通道窄幅緊縮後帶量突破上軌(波動爆發)，📊均線呈現完美多頭排列，RSI多頭增強，聚焦熱門題材【先進封裝載板】，基本面月營收高速成長(YoY+158.4%)，🔑量化目標區:4964.6~5196.2，停損防線:4468.4。
[23:25:54] 🔥 AI 飆股引擎量化計算完成 (掃描 2306 檔，取前 50 名輸出):
  #1 2317.TW 鴻海       AI評分=90.9 題材=CoWoS AI伺服器 原因=🚀布林通道窄幅緊縮後帶量突破上軌(波動爆發)，📊均線呈現完美多頭排列，聚焦熱門題材【CoWoS AI伺服器】，基本面月營收高速成長(YoY+54.2%)，🔑量化目標區:265.4~271.9，停損防線:251.5。
  #2 2382.TW 廣達       AI評分=88.5 題材=電腦週邊 原因=📈帶量突破月均線(中期波段起漲)，MACD翻紅買訊，🐳千張大戶重度鎖碼(81.35%)，聚焦熱門題材【電腦週邊】，基本面月營收高速成長(YoY+131.3%)，🔑量化目標區:318.6~328.2，停損防線:298.0。
  #3 3653.TW 健策       AI評分=88.3 題材=AI水冷散熱 原因=📊均線呈現完美多頭排列，KD黃金交叉，聚焦熱門題材【AI水冷散熱】，基本面月營收高速成長(YoY+91.0%)，🔑量化目標區:4324.8~4528.1，停損防線:3889.3。
  #4 3017.TW 奇鋐       AI評分=85.6 題材=CoWoS AI伺服器 原因=📊均線呈現完美多頭排列，聚焦熱門題材【CoWoS AI伺服器】，基本面月營收高速成長(YoY+57.4%)，🔑量化目標區:2823.5~2944.6，停損防線:2564.2。
  #5 3443.TW 創意       AI評分=85.2 題材=先進封裝載板 原因=🚀布林通道窄幅緊縮後帶量突破上軌(波動爆發)，📊均線呈現完美多頭排列，RSI多頭增強，聚焦熱門題材【先進封裝載板】，基本面月營收高速成長(YoY+158.4%)，🔑量化目標區:4964.6~5196.2，停損防線:4468.4。
[23:26:24] 🔥 AI 飆股引擎量化計算完成 (掃描 2306 檔，取前 50 名輸出):
  #1 2317.TW 鴻海       AI評分=90.9 題材=CoWoS AI伺服器 原因=🚀布林通道窄幅緊縮後帶量突破上軌(波動爆發)，📊均線呈現完美多頭排列，聚焦熱門題材【CoWoS AI伺服器】，基本面月營收高速成長(YoY+54.2%)，🔑量化目標區:265.4~271.9，停損防線:251.5。
  #2 2382.TW 廣達       AI評分=88.5 題材=電腦週邊 原因=📈帶量突破月均線(中期波段起漲)，MACD翻紅買訊，🐳千張大戶重度鎖碼(81.35%)，聚焦熱門題材【電腦週邊】，基本面月營收高速成長(YoY+131.3%)，🔑量化目標區:318.6~328.2，停損防線:298.0。
  #3 3653.TW 健策       AI評分=88.3 題材=AI水冷散熱 原因=📊均線呈現完美多頭排列，KD黃金交叉，聚焦熱門題材【AI水冷散熱】，基本面月營收高速成長(YoY+91.0%)，🔑量化目標區:4324.8~4528.1，停損防線:3889.3。
  #4 3017.TW 奇鋐       AI評分=85.6 題材=CoWoS AI伺服器 原因=📊均線呈現完美多頭排列，聚焦熱門題材【CoWoS AI伺服器】，基本面月營收高速成長(YoY+57.4%)，🔑量化目標區:2823.5~2944.6，停損防線:2564.2。
  #5 3443.TW 創意       AI評分=85.2 題材=先進封裝載板 原因=🚀布林通道窄幅緊縮後帶量突破上軌(波動爆發)，📊均線呈現完美多頭排列，RSI多頭增強，聚焦熱門題材【先進封裝載板】，基本面月營收高速成長(YoY+158.4%)，🔑量化目標區:4964.6~5196.2，停損防線:4468.4。
[23:26:54] 🔥 AI 飆股引擎量化計算完成 (掃描 2306 檔，取前 50 名輸出):
  #1 2317.TW 鴻海       AI評分=90.9 題材=CoWoS AI伺服器 原因=🚀布林通道窄幅緊縮後帶量突破上軌(波動爆發)，📊均線呈現完美多頭排列，聚焦熱門題材【CoWoS AI伺服器】，基本面月營收高速成長(YoY+54.2%)，🔑量化目標區:265.4~271.9，停損防線:251.5。
  #2 2382.TW 廣達       AI評分=88.5 題材=電腦週邊 原因=📈帶量突破月均線(中期波段起漲)，MACD翻紅買訊，🐳千張大戶重度鎖碼(81.35%)，聚焦熱門題材【電腦週邊】，基本面月營收高速成長(YoY+131.3%)，🔑量化目標區:318.6~328.2，停損防線:298.0。
  #3 3653.TW 健策       AI評分=88.3 題材=AI水冷散熱 原因=📊均線呈現完美多頭排列，KD黃金交叉，聚焦熱門題材【AI水冷散熱】，基本面月營收高速成長(YoY+91.0%)，🔑量化目標區:4324.8~4528.1，停損防線:3889.3。
  #4 3017.TW 奇鋐       AI評分=85.6 題材=CoWoS AI伺服器 原因=📊均線呈現完美多頭排列，聚焦熱門題材【CoWoS AI伺服器】，基本面月營收高速成長(YoY+57.4%)，🔑量化目標區:2823.5~2944.6，停損防線:2564.2。
  #5 3443.TW 創意       AI評分=85.2 題材=先進封裝載板 原因=🚀布林通道窄幅緊縮後帶量突破上軌(波動爆發)，📊均線呈現完美多頭排列，RSI多頭增強，聚焦熱門題材【先進封裝載板】，基本面月營收高速成長(YoY+158.4%)，🔑量化目標區:4964.6~5196.2，停損防線:4468.4。
[23:27:24] 🔥 AI 飆股引擎量化計算完成 (掃描 2306 檔，取前 50 名輸出):
  #1 2317.TW 鴻海       AI評分=90.9 題材=CoWoS AI伺服器 原因=🚀布林通道窄幅緊縮後帶量突破上軌(波動爆發)，📊均線呈現完美多頭排列，聚焦熱門題材【CoWoS AI伺服器】，基本面月營收高速成長(YoY+54.2%)，🔑量化目標區:265.4~271.9，停損防線:251.5。
  #2 2382.TW 廣達       AI評分=88.5 題材=電腦週邊 原因=📈帶量突破月均線(中期波段起漲)，MACD翻紅買訊，🐳千張大戶重度鎖碼(81.35%)，聚焦熱門題材【電腦週邊】，基本面月營收高速成長(YoY+131.3%)，🔑量化目標區:318.6~328.2，停損防線:298.0。
  #3 3653.TW 健策       AI評分=88.3 題材=AI水冷散熱 原因=📊均線呈現完美多頭排列，KD黃金交叉，聚焦熱門題材【AI水冷散熱】，基本面月營收高速成長(YoY+91.0%)，🔑量化目標區:4324.8~4528.1，停損防線:3889.3。
  #4 3017.TW 奇鋐       AI評分=85.6 題材=CoWoS AI伺服器 原因=📊均線呈現完美多頭排列，聚焦熱門題材【CoWoS AI伺服器】，基本面月營收高速成長(YoY+57.4%)，🔑量化目標區:2823.5~2944.6，停損防線:2564.2。
  #5 3443.TW 創意       AI評分=85.2 題材=先進封裝載板 原因=🚀布林通道窄幅緊縮後帶量突破上軌(波動爆發)，📊均線呈現完美多頭排列，RSI多頭增強，聚焦熱門題材【先進封裝載板】，基本面月營收高速成長(YoY+158.4%)，🔑量化目標區:4964.6~5196.2，停損防線:4468.4。
[23:27:55] 🔥 AI 飆股引擎量化計算完成 (掃描 2306 檔，取前 50 名輸出):
  #1 2317.TW 鴻海       AI評分=90.9 題材=CoWoS AI伺服器 原因=🚀布林通道窄幅緊縮後帶量突破上軌(波動爆發)，📊均線呈現完美多頭排列，聚焦熱門題材【CoWoS AI伺服器】，基本面月營收高速成長(YoY+54.2%)，🔑量化目標區:265.4~271.9，停損防線:251.5。
  #2 2382.TW 廣達       AI評分=88.5 題材=電腦週邊 原因=📈帶量突破月均線(中期波段起漲)，MACD翻紅買訊，🐳千張大戶重度鎖碼(81.35%)，聚焦熱門題材【電腦週邊】，基本面月營收高速成長(YoY+131.3%)，🔑量化目標區:318.6~328.2，停損防線:298.0。
  #3 3653.TW 健策       AI評分=88.3 題材=AI水冷散熱 原因=📊均線呈現完美多頭排列，KD黃金交叉，聚焦熱門題材【AI水冷散熱】，基本面月營收高速成長(YoY+91.0%)，🔑量化目標區:4324.8~4528.1，停損防線:3889.3。
  #4 3017.TW 奇鋐       AI評分=85.6 題材=CoWoS AI伺服器 原因=📊均線呈現完美多頭排列，聚焦熱門題材【CoWoS AI伺服器】，基本面月營收高速成長(YoY+57.4%)，🔑量化目標區:2823.5~2944.6，停損防線:2564.2。
  #5 3443.TW 創意       AI評分=85.2 題材=先進封裝載板 原因=🚀布林通道窄幅緊縮後帶量突破上軌(波動爆發)，📊均線呈現完美多頭排列，RSI多頭增強，聚焦熱門題材【先進封裝載板】，基本面月營收高速成長(YoY+158.4%)，🔑量化目標區:4964.6~5196.2，停損防線:4468.4。
[23:28:25] 🔥 AI 飆股引擎量化計算完成 (掃描 2306 檔，取前 50 名輸出):
  #1 2317.TW 鴻海       AI評分=90.9 題材=CoWoS AI伺服器 原因=🚀布林通道窄幅緊縮後帶量突破上軌(波動爆發)，📊均線呈現完美多頭排列，聚焦熱門題材【CoWoS AI伺服器】，基本面月營收高速成長(YoY+54.2%)，🔑量化目標區:265.4~271.9，停損防線:251.5。
  #2 2382.TW 廣達       AI評分=88.5 題材=電腦週邊 原因=📈帶量突破月均線(中期波段起漲)，MACD翻紅買訊，🐳千張大戶重度鎖碼(81.35%)，聚焦熱門題材【電腦週邊】，基本面月營收高速成長(YoY+131.3%)，🔑量化目標區:318.6~328.2，停損防線:298.0。
  #3 3653.TW 健策       AI評分=88.3 題材=AI水冷散熱 原因=📊均線呈現完美多頭排列，KD黃金交叉，聚焦熱門題材【AI水冷散熱】，基本面月營收高速成長(YoY+91.0%)，🔑量化目標區:4324.8~4528.1，停損防線:3889.3。
  #4 3017.TW 奇鋐       AI評分=85.6 題材=CoWoS AI伺服器 原因=📊均線呈現完美多頭排列，聚焦熱門題材【CoWoS AI伺服器】，基本面月營收高速成長(YoY+57.4%)，🔑量化目標區:2823.5~2944.6，停損防線:2564.2。
  #5 3443.TW 創意       AI評分=85.2 題材=先進封裝載板 原因=🚀布林通道窄幅緊縮後帶量突破上軌(波動爆發)，📊均線呈現完美多頭排列，RSI多頭增強，聚焦熱門題材【先進封裝載板】，基本面月營收高速成長(YoY+158.4%)，🔑量化目標區:4964.6~5196.2，停損防線:4468.4。
[23:28:55] 🔥 AI 飆股引擎量化計算完成 (掃描 2306 檔，取前 50 名輸出):
  #1 2317.TW 鴻海       AI評分=90.9 題材=CoWoS AI伺服器 原因=🚀布林通道窄幅緊縮後帶量突破上軌(波動爆發)，📊均線呈現完美多頭排列，聚焦熱門題材【CoWoS AI伺服器】，基本面月營收高速成長(YoY+54.2%)，🔑量化目標區:265.4~271.9，停損防線:251.5。
  #2 2382.TW 廣達       AI評分=88.5 題材=電腦週邊 原因=📈帶量突破月均線(中期波段起漲)，MACD翻紅買訊，🐳千張大戶重度鎖碼(81.35%)，聚焦熱門題材【電腦週邊】，基本面月營收高速成長(YoY+131.3%)，🔑量化目標區:318.6~328.2，停損防線:298.0。
  #3 3653.TW 健策       AI評分=88.3 題材=AI水冷散熱 原因=📊均線呈現完美多頭排列，KD黃金交叉，聚焦熱門題材【AI水冷散熱】，基本面月營收高速成長(YoY+91.0%)，🔑量化目標區:4324.8~4528.1，停損防線:3889.3。
  #4 3017.TW 奇鋐       AI評分=85.6 題材=CoWoS AI伺服器 原因=📊均線呈現完美多頭排列，聚焦熱門題材【CoWoS AI伺服器】，基本面月營收高速成長(YoY+57.4%)，🔑量化目標區:2823.5~2944.6，停損防線:2564.2。
  #5 3443.TW 創意       AI評分=85.2 題材=先進封裝載板 原因=🚀布林通道窄幅緊縮後帶量突破上軌(波動爆發)，📊均線呈現完美多頭排列，RSI多頭增強，聚焦熱門題材【先進封裝載板】，基本面月營收高速成長(YoY+158.4%)，🔑量化目標區:4964.6~5196.2，停損防線:4468.4。
[23:29:25] 🔥 AI 飆股引擎量化計算完成 (掃描 2306 檔，取前 50 名輸出):
  #1 2317.TW 鴻海       AI評分=90.9 題材=CoWoS AI伺服器 原因=🚀布林通道窄幅緊縮後帶量突破上軌(波動爆發)，📊均線呈現完美多頭排列，聚焦熱門題材【CoWoS AI伺服器】，基本面月營收高速成長(YoY+54.2%)，🔑量化目標區:265.4~271.9，停損防線:251.5。
  #2 2382.TW 廣達       AI評分=88.5 題材=電腦週邊 原因=📈帶量突破月均線(中期波段起漲)，MACD翻紅買訊，🐳千張大戶重度鎖碼(81.35%)，聚焦熱門題材【電腦週邊】，基本面月營收高速成長(YoY+131.3%)，🔑量化目標區:318.6~328.2，停損防線:298.0。
  #3 3653.TW 健策       AI評分=88.3 題材=AI水冷散熱 原因=📊均線呈現完美多頭排列，KD黃金交叉，聚焦熱門題材【AI水冷散熱】，基本面月營收高速成長(YoY+91.0%)，🔑量化目標區:4324.8~4528.1，停損防線:3889.3。
  #4 3017.TW 奇鋐       AI評分=85.6 題材=CoWoS AI伺服器 原因=📊均線呈現完美多頭排列，聚焦熱門題材【CoWoS AI伺服器】，基本面月營收高速成長(YoY+57.4%)，🔑量化目標區:2823.5~2944.6，停損防線:2564.2。
  #5 3443.TW 創意       AI評分=85.2 題材=先進封裝載板 原因=🚀布林通道窄幅緊縮後帶量突破上軌(波動爆發)，📊均線呈現完美多頭排列，RSI多頭增強，聚焦熱門題材【先進封裝載板】，基本面月營收高速成長(YoY+158.4%)，🔑量化目標區:4964.6~5196.2，停損防線:4468.4。
[23:29:55] 🔥 AI 飆股引擎量化計算完成 (掃描 2306 檔，取前 50 名輸出):
  #1 2317.TW 鴻海       AI評分=90.9 題材=CoWoS AI伺服器 原因=🚀布林通道窄幅緊縮後帶量突破上軌(波動爆發)，📊均線呈現完美多頭排列，聚焦熱門題材【CoWoS AI伺服器】，基本面月營收高速成長(YoY+54.2%)，🔑量化目標區:265.4~271.9，停損防線:251.5。
  #2 2382.TW 廣達       AI評分=88.5 題材=電腦週邊 原因=📈帶量突破月均線(中期波段起漲)，MACD翻紅買訊，🐳千張大戶重度鎖碼(81.35%)，聚焦熱門題材【電腦週邊】，基本面月營收高速成長(YoY+131.3%)，🔑量化目標區:318.6~328.2，停損防線:298.0。
  #3 3653.TW 健策       AI評分=88.3 題材=AI水冷散熱 原因=📊均線呈現完美多頭排列，KD黃金交叉，聚焦熱門題材【AI水冷散熱】，基本面月營收高速成長(YoY+91.0%)，🔑量化目標區:4324.8~4528.1，停損防線:3889.3。
  #4 3017.TW 奇鋐       AI評分=85.6 題材=CoWoS AI伺服器 原因=📊均線呈現完美多頭排列，聚焦熱門題材【CoWoS AI伺服器】，基本面月營收高速成長(YoY+57.4%)，🔑量化目標區:2823.5~2944.6，停損防線:2564.2。
  #5 3443.TW 創意       AI評分=85.2 題材=先進封裝載板 原因=🚀布林通道窄幅緊縮後帶量突破上軌(波動爆發)，📊均線呈現完美多頭排列，RSI多頭增強，聚焦熱門題材【先進封裝載板】，基本面月營收高速成長(YoY+158.4%)，🔑量化目標區:4964.6~5196.2，停損防線:4468.4。
[23:30:25] 🔥 AI 飆股引擎量化計算完成 (掃描 2306 檔，取前 50 名輸出):
  #1 2317.TW 鴻海       AI評分=90.9 題材=CoWoS AI伺服器 原因=🚀布林通道窄幅緊縮後帶量突破上軌(波動爆發)，📊均線呈現完美多頭排列，聚焦熱門題材【CoWoS AI伺服器】，基本面月營收高速成長(YoY+54.2%)，🔑量化目標區:265.4~271.9，停損防線:251.5。
  #2 2382.TW 廣達       AI評分=88.5 題材=電腦週邊 原因=📈帶量突破月均線(中期波段起漲)，MACD翻紅買訊，🐳千張大戶重度鎖碼(81.35%)，聚焦熱門題材【電腦週邊】，基本面月營收高速成長(YoY+131.3%)，🔑量化目標區:318.6~328.2，停損防線:298.0。
  #3 3653.TW 健策       AI評分=88.3 題材=AI水冷散熱 原因=📊均線呈現完美多頭排列，KD黃金交叉，聚焦熱門題材【AI水冷散熱】，基本面月營收高速成長(YoY+91.0%)，🔑量化目標區:4324.8~4528.1，停損防線:3889.3。
  #4 3017.TW 奇鋐       AI評分=85.6 題材=CoWoS AI伺服器 原因=📊均線呈現完美多頭排列，聚焦熱門題材【CoWoS AI伺服器】，基本面月營收高速成長(YoY+57.4%)，🔑量化目標區:2823.5~2944.6，停損防線:2564.2。
  #5 3443.TW 創意       AI評分=85.2 題材=先進封裝載板 原因=🚀布林通道窄幅緊縮後帶量突破上軌(波動爆發)，📊均線呈現完美多頭排列，RSI多頭增強，聚焦熱門題材【先進封裝載板】，基本面月營收高速成長(YoY+158.4%)，🔑量化目標區:4964.6~5196.2，停損防線:4468.4。
[23:30:55] 🔥 AI 飆股引擎量化計算完成 (掃描 2306 檔，取前 50 名輸出):
  #1 2317.TW 鴻海       AI評分=90.9 題材=CoWoS AI伺服器 原因=🚀布林通道窄幅緊縮後帶量突破上軌(波動爆發)，📊均線呈現完美多頭排列，聚焦熱門題材【CoWoS AI伺服器】，基本面月營收高速成長(YoY+54.2%)，🔑量化目標區:265.4~271.9，停損防線:251.5。
  #2 2382.TW 廣達       AI評分=88.5 題材=電腦週邊 原因=📈帶量突破月均線(中期波段起漲)，MACD翻紅買訊，🐳千張大戶重度鎖碼(81.35%)，聚焦熱門題材【電腦週邊】，基本面月營收高速成長(YoY+131.3%)，🔑量化目標區:318.6~328.2，停損防線:298.0。
  #3 3653.TW 健策       AI評分=88.3 題材=AI水冷散熱 原因=📊均線呈現完美多頭排列，KD黃金交叉，聚焦熱門題材【AI水冷散熱】，基本面月營收高速成長(YoY+91.0%)，🔑量化目標區:4324.8~4528.1，停損防線:3889.3。
  #4 3017.TW 奇鋐       AI評分=85.6 題材=CoWoS AI伺服器 原因=📊均線呈現完美多頭排列，聚焦熱門題材【CoWoS AI伺服器】，基本面月營收高速成長(YoY+57.4%)，🔑量化目標區:2823.5~2944.6，停損防線:2564.2。
  #5 3443.TW 創意       AI評分=85.2 題材=先進封裝載板 原因=🚀布林通道窄幅緊縮後帶量突破上軌(波動爆發)，📊均線呈現完美多頭排列，RSI多頭增強，聚焦熱門題材【先進封裝載板】，基本面月營收高速成長(YoY+158.4%)，🔑量化目標區:4964.6~5196.2，停損防線:4468.4。
[23:31:25] 🔥 AI 飆股引擎量化計算完成 (掃描 2306 檔，取前 50 名輸出):
  #1 2317.TW 鴻海       AI評分=90.9 題材=CoWoS AI伺服器 原因=🚀布林通道窄幅緊縮後帶量突破上軌(波動爆發)，📊均線呈現完美多頭排列，聚焦熱門題材【CoWoS AI伺服器】，基本面月營收高速成長(YoY+54.2%)，🔑量化目標區:265.4~271.9，停損防線:251.5。
  #2 2382.TW 廣達       AI評分=88.5 題材=電腦週邊 原因=📈帶量突破月均線(中期波段起漲)，MACD翻紅買訊，🐳千張大戶重度鎖碼(81.35%)，聚焦熱門題材【電腦週邊】，基本面月營收高速成長(YoY+131.3%)，🔑量化目標區:318.6~328.2，停損防線:298.0。
  #3 3653.TW 健策       AI評分=88.3 題材=AI水冷散熱 原因=📊均線呈現完美多頭排列，KD黃金交叉，聚焦熱門題材【AI水冷散熱】，基本面月營收高速成長(YoY+91.0%)，🔑量化目標區:4324.8~4528.1，停損防線:3889.3。
  #4 3017.TW 奇鋐       AI評分=85.6 題材=CoWoS AI伺服器 原因=📊均線呈現完美多頭排列，聚焦熱門題材【CoWoS AI伺服器】，基本面月營收高速成長(YoY+57.4%)，🔑量化目標區:2823.5~2944.6，停損防線:2564.2。
  #5 3443.TW 創意       AI評分=85.2 題材=先進封裝載板 原因=🚀布林通道窄幅緊縮後帶量突破上軌(波動爆發)，📊均線呈現完美多頭排列，RSI多頭增強，聚焦熱門題材【先進封裝載板】，基本面月營收高速成長(YoY+158.4%)，🔑量化目標區:4964.6~5196.2，停損防線:4468.4。
[23:31:55] 🔥 AI 飆股引擎量化計算完成 (掃描 2306 檔，取前 50 名輸出):
  #1 2317.TW 鴻海       AI評分=90.9 題材=CoWoS AI伺服器 原因=🚀布林通道窄幅緊縮後帶量突破上軌(波動爆發)，📊均線呈現完美多頭排列，聚焦熱門題材【CoWoS AI伺服器】，基本面月營收高速成長(YoY+54.2%)，🔑量化目標區:265.4~271.9，停損防線:251.5。
  #2 2382.TW 廣達       AI評分=88.5 題材=電腦週邊 原因=📈帶量突破月均線(中期波段起漲)，MACD翻紅買訊，🐳千張大戶重度鎖碼(81.35%)，聚焦熱門題材【電腦週邊】，基本面月營收高速成長(YoY+131.3%)，🔑量化目標區:318.6~328.2，停損防線:298.0。
  #3 3653.TW 健策       AI評分=88.3 題材=AI水冷散熱 原因=📊均線呈現完美多頭排列，KD黃金交叉，聚焦熱門題材【AI水冷散熱】，基本面月營收高速成長(YoY+91.0%)，🔑量化目標區:4324.8~4528.1，停損防線:3889.3。
  #4 3017.TW 奇鋐       AI評分=85.6 題材=CoWoS AI伺服器 原因=📊均線呈現完美多頭排列，聚焦熱門題材【CoWoS AI伺服器】，基本面月營收高速成長(YoY+57.4%)，🔑量化目標區:2823.5~2944.6，停損防線:2564.2。
  #5 3443.TW 創意       AI評分=85.2 題材=先進封裝載板 原因=🚀布林通道窄幅緊縮後帶量突破上軌(波動爆發)，📊均線呈現完美多頭排列，RSI多頭增強，聚焦熱門題材【先進封裝載板】，基本面月營收高速成長(YoY+158.4%)，🔑量化目標區:4964.6~5196.2，停損防線:4468.4。
[23:32:25] 🔥 AI 飆股引擎量化計算完成 (掃描 2306 檔，取前 50 名輸出):
  #1 2317.TW 鴻海       AI評分=90.9 題材=CoWoS AI伺服器 原因=🚀布林通道窄幅緊縮後帶量突破上軌(波動爆發)，📊均線呈現完美多頭排列，聚焦熱門題材【CoWoS AI伺服器】，基本面月營收高速成長(YoY+54.2%)，🔑量化目標區:265.4~271.9，停損防線:251.5。
  #2 2382.TW 廣達       AI評分=88.5 題材=電腦週邊 原因=📈帶量突破月均線(中期波段起漲)，MACD翻紅買訊，🐳千張大戶重度鎖碼(81.35%)，聚焦熱門題材【電腦週邊】，基本面月營收高速成長(YoY+131.3%)，🔑量化目標區:318.6~328.2，停損防線:298.0。
  #3 3653.TW 健策       AI評分=88.3 題材=AI水冷散熱 原因=📊均線呈現完美多頭排列，KD黃金交叉，聚焦熱門題材【AI水冷散熱】，基本面月營收高速成長(YoY+91.0%)，🔑量化目標區:4324.8~4528.1，停損防線:3889.3。
  #4 3017.TW 奇鋐       AI評分=85.6 題材=CoWoS AI伺服器 原因=📊均線呈現完美多頭排列，聚焦熱門題材【CoWoS AI伺服器】，基本面月營收高速成長(YoY+57.4%)，🔑量化目標區:2823.5~2944.6，停損防線:2564.2。
  #5 3443.TW 創意       AI評分=85.2 題材=先進封裝載板 原因=🚀布林通道窄幅緊縮後帶量突破上軌(波動爆發)，📊均線呈現完美多頭排列，RSI多頭增強，聚焦熱門題材【先進封裝載板】，基本面月營收高速成長(YoY+158.4%)，🔑量化目標區:4964.6~5196.2，停損防線:4468.4。
[23:32:55] 🔥 AI 飆股引擎量化計算完成 (掃描 2306 檔，取前 50 名輸出):
  #1 2317.TW 鴻海       AI評分=90.9 題材=CoWoS AI伺服器 原因=🚀布林通道窄幅緊縮後帶量突破上軌(波動爆發)，📊均線呈現完美多頭排列，聚焦熱門題材【CoWoS AI伺服器】，基本面月營收高速成長(YoY+54.2%)，🔑量化目標區:265.4~271.9，停損防線:251.5。
  #2 2382.TW 廣達       AI評分=88.5 題材=電腦週邊 原因=📈帶量突破月均線(中期波段起漲)，MACD翻紅買訊，🐳千張大戶重度鎖碼(81.35%)，聚焦熱門題材【電腦週邊】，基本面月營收高速成長(YoY+131.3%)，🔑量化目標區:318.6~328.2，停損防線:298.0。
  #3 3653.TW 健策       AI評分=88.3 題材=AI水冷散熱 原因=📊均線呈現完美多頭排列，KD黃金交叉，聚焦熱門題材【AI水冷散熱】，基本面月營收高速成長(YoY+91.0%)，🔑量化目標區:4324.8~4528.1，停損防線:3889.3。
  #4 3017.TW 奇鋐       AI評分=85.6 題材=CoWoS AI伺服器 原因=📊均線呈現完美多頭排列，聚焦熱門題材【CoWoS AI伺服器】，基本面月營收高速成長(YoY+57.4%)，🔑量化目標區:2823.5~2944.6，停損防線:2564.2。
  #5 3443.TW 創意       AI評分=85.2 題材=先進封裝載板 原因=🚀布林通道窄幅緊縮後帶量突破上軌(波動爆發)，📊均線呈現完美多頭排列，RSI多頭增強，聚焦熱門題材【先進封裝載板】，基本面月營收高速成長(YoY+158.4%)，🔑量化目標區:4964.6~5196.2，停損防線:4468.4。
[23:33:26] 🔥 AI 飆股引擎量化計算完成 (掃描 2306 檔，取前 50 名輸出):
  #1 2317.TW 鴻海       AI評分=90.9 題材=CoWoS AI伺服器 原因=🚀布林通道窄幅緊縮後帶量突破上軌(波動爆發)，📊均線呈現完美多頭排列，聚焦熱門題材【CoWoS AI伺服器】，基本面月營收高速成長(YoY+54.2%)，🔑量化目標區:265.4~271.9，停損防線:251.5。
  #2 2382.TW 廣達       AI評分=88.5 題材=電腦週邊 原因=📈帶量突破月均線(中期波段起漲)，MACD翻紅買訊，🐳千張大戶重度鎖碼(81.35%)，聚焦熱門題材【電腦週邊】，基本面月營收高速成長(YoY+131.3%)，🔑量化目標區:318.6~328.2，停損防線:298.0。
  #3 3653.TW 健策       AI評分=88.3 題材=AI水冷散熱 原因=📊均線呈現完美多頭排列，KD黃金交叉，聚焦熱門題材【AI水冷散熱】，基本面月營收高速成長(YoY+91.0%)，🔑量化目標區:4324.8~4528.1，停損防線:3889.3。
  #4 3017.TW 奇鋐       AI評分=85.6 題材=CoWoS AI伺服器 原因=📊均線呈現完美多頭排列，聚焦熱門題材【CoWoS AI伺服器】，基本面月營收高速成長(YoY+57.4%)，🔑量化目標區:2823.5~2944.6，停損防線:2564.2。
  #5 3443.TW 創意       AI評分=85.2 題材=先進封裝載板 原因=🚀布林通道窄幅緊縮後帶量突破上軌(波動爆發)，📊均線呈現完美多頭排列，RSI多頭增強，聚焦熱門題材【先進封裝載板】，基本面月營收高速成長(YoY+158.4%)，🔑量化目標區:4964.6~5196.2，停損防線:4468.4。
[23:33:56] 🔥 AI 飆股引擎量化計算完成 (掃描 2306 檔，取前 50 名輸出):
  #1 2317.TW 鴻海       AI評分=90.9 題材=CoWoS AI伺服器 原因=🚀布林通道窄幅緊縮後帶量突破上軌(波動爆發)，📊均線呈現完美多頭排列，聚焦熱門題材【CoWoS AI伺服器】，基本面月營收高速成長(YoY+54.2%)，🔑量化目標區:265.4~271.9，停損防線:251.5。
  #2 2382.TW 廣達       AI評分=88.5 題材=電腦週邊 原因=📈帶量突破月均線(中期波段起漲)，MACD翻紅買訊，🐳千張大戶重度鎖碼(81.35%)，聚焦熱門題材【電腦週邊】，基本面月營收高速成長(YoY+131.3%)，🔑量化目標區:318.6~328.2，停損防線:298.0。
  #3 3653.TW 健策       AI評分=88.3 題材=AI水冷散熱 原因=📊均線呈現完美多頭排列，KD黃金交叉，聚焦熱門題材【AI水冷散熱】，基本面月營收高速成長(YoY+91.0%)，🔑量化目標區:4324.8~4528.1，停損防線:3889.3。
  #4 3017.TW 奇鋐       AI評分=85.6 題材=CoWoS AI伺服器 原因=📊均線呈現完美多頭排列，聚焦熱門題材【CoWoS AI伺服器】，基本面月營收高速成長(YoY+57.4%)，🔑量化目標區:2823.5~2944.6，停損防線:2564.2。
  #5 3443.TW 創意       AI評分=85.2 題材=先進封裝載板 原因=🚀布林通道窄幅緊縮後帶量突破上軌(波動爆發)，📊均線呈現完美多頭排列，RSI多頭增強，聚焦熱門題材【先進封裝載板】，基本面月營收高速成長(YoY+158.4%)，🔑量化目標區:4964.6~5196.2，停損防線:4468.4。
[23:34:26] 🔥 AI 飆股引擎量化計算完成 (掃描 2306 檔，取前 50 名輸出):
  #1 2317.TW 鴻海       AI評分=90.9 題材=CoWoS AI伺服器 原因=🚀布林通道窄幅緊縮後帶量突破上軌(波動爆發)，📊均線呈現完美多頭排列，聚焦熱門題材【CoWoS AI伺服器】，基本面月營收高速成長(YoY+54.2%)，🔑量化目標區:265.4~271.9，停損防線:251.5。
  #2 2382.TW 廣達       AI評分=88.5 題材=電腦週邊 原因=📈帶量突破月均線(中期波段起漲)，MACD翻紅買訊，🐳千張大戶重度鎖碼(81.35%)，聚焦熱門題材【電腦週邊】，基本面月營收高速成長(YoY+131.3%)，🔑量化目標區:318.6~328.2，停損防線:298.0。
  #3 3653.TW 健策       AI評分=88.3 題材=AI水冷散熱 原因=📊均線呈現完美多頭排列，KD黃金交叉，聚焦熱門題材【AI水冷散熱】，基本面月營收高速成長(YoY+91.0%)，🔑量化目標區:4324.8~4528.1，停損防線:3889.3。
  #4 3017.TW 奇鋐       AI評分=85.6 題材=CoWoS AI伺服器 原因=📊均線呈現完美多頭排列，聚焦熱門題材【CoWoS AI伺服器】，基本面月營收高速成長(YoY+57.4%)，🔑量化目標區:2823.5~2944.6，停損防線:2564.2。
  #5 3443.TW 創意       AI評分=85.2 題材=先進封裝載板 原因=🚀布林通道窄幅緊縮後帶量突破上軌(波動爆發)，📊均線呈現完美多頭排列，RSI多頭增強，聚焦熱門題材【先進封裝載板】，基本面月營收高速成長(YoY+158.4%)，🔑量化目標區:4964.6~5196.2，停損防線:4468.4。
[23:34:56] 🔥 AI 飆股引擎量化計算完成 (掃描 2306 檔，取前 50 名輸出):
  #1 2317.TW 鴻海       AI評分=90.9 題材=CoWoS AI伺服器 原因=🚀布林通道窄幅緊縮後帶量突破上軌(波動爆發)，📊均線呈現完美多頭排列，聚焦熱門題材【CoWoS AI伺服器】，基本面月營收高速成長(YoY+54.2%)，🔑量化目標區:265.4~271.9，停損防線:251.5。
  #2 2382.TW 廣達       AI評分=88.5 題材=電腦週邊 原因=📈帶量突破月均線(中期波段起漲)，MACD翻紅買訊，🐳千張大戶重度鎖碼(81.35%)，聚焦熱門題材【電腦週邊】，基本面月營收高速成長(YoY+131.3%)，🔑量化目標區:318.6~328.2，停損防線:298.0。
  #3 3653.TW 健策       AI評分=88.3 題材=AI水冷散熱 原因=📊均線呈現完美多頭排列，KD黃金交叉，聚焦熱門題材【AI水冷散熱】，基本面月營收高速成長(YoY+91.0%)，🔑量化目標區:4324.8~4528.1，停損防線:3889.3。
  #4 3017.TW 奇鋐       AI評分=85.6 題材=CoWoS AI伺服器 原因=📊均線呈現完美多頭排列，聚焦熱門題材【CoWoS AI伺服器】，基本面月營收高速成長(YoY+57.4%)，🔑量化目標區:2823.5~2944.6，停損防線:2564.2。
  #5 3443.TW 創意       AI評分=85.2 題材=先進封裝載板 原因=🚀布林通道窄幅緊縮後帶量突破上軌(波動爆發)，📊均線呈現完美多頭排列，RSI多頭增強，聚焦熱門題材【先進封裝載板】，基本面月營收高速成長(YoY+158.4%)，🔑量化目標區:4964.6~5196.2，停損防線:4468.4。
[23:35:26] 🔥 AI 飆股引擎量化計算完成 (掃描 2306 檔，取前 50 名輸出):
  #1 2317.TW 鴻海       AI評分=90.9 題材=CoWoS AI伺服器 原因=🚀布林通道窄幅緊縮後帶量突破上軌(波動爆發)，📊均線呈現完美多頭排列，聚焦熱門題材【CoWoS AI伺服器】，基本面月營收高速成長(YoY+54.2%)，🔑量化目標區:265.4~271.9，停損防線:251.5。
  #2 2382.TW 廣達       AI評分=88.5 題材=電腦週邊 原因=📈帶量突破月均線(中期波段起漲)，MACD翻紅買訊，🐳千張大戶重度鎖碼(81.35%)，聚焦熱門題材【電腦週邊】，基本面月營收高速成長(YoY+131.3%)，🔑量化目標區:318.6~328.2，停損防線:298.0。
  #3 3653.TW 健策       AI評分=88.3 題材=AI水冷散熱 原因=📊均線呈現完美多頭排列，KD黃金交叉，聚焦熱門題材【AI水冷散熱】，基本面月營收高速成長(YoY+91.0%)，🔑量化目標區:4324.8~4528.1，停損防線:3889.3。
  #4 3017.TW 奇鋐       AI評分=85.6 題材=CoWoS AI伺服器 原因=📊均線呈現完美多頭排列，聚焦熱門題材【CoWoS AI伺服器】，基本面月營收高速成長(YoY+57.4%)，🔑量化目標區:2823.5~2944.6，停損防線:2564.2。
  #5 3443.TW 創意       AI評分=85.2 題材=先進封裝載板 原因=🚀布林通道窄幅緊縮後帶量突破上軌(波動爆發)，📊均線呈現完美多頭排列，RSI多頭增強，聚焦熱門題材【先進封裝載板】，基本面月營收高速成長(YoY+158.4%)，🔑量化目標區:4964.6~5196.2，停損防線:4468.4。
[23:35:56] 🔥 AI 飆股引擎量化計算完成 (掃描 2306 檔，取前 50 名輸出):
  #1 2317.TW 鴻海       AI評分=90.9 題材=CoWoS AI伺服器 原因=🚀布林通道窄幅緊縮後帶量突破上軌(波動爆發)，📊均線呈現完美多頭排列，聚焦熱門題材【CoWoS AI伺服器】，基本面月營收高速成長(YoY+54.2%)，🔑量化目標區:265.4~271.9，停損防線:251.5。
  #2 2382.TW 廣達       AI評分=88.5 題材=電腦週邊 原因=📈帶量突破月均線(中期波段起漲)，MACD翻紅買訊，🐳千張大戶重度鎖碼(81.35%)，聚焦熱門題材【電腦週邊】，基本面月營收高速成長(YoY+131.3%)，🔑量化目標區:318.6~328.2，停損防線:298.0。
  #3 3653.TW 健策       AI評分=88.3 題材=AI水冷散熱 原因=📊均線呈現完美多頭排列，KD黃金交叉，聚焦熱門題材【AI水冷散熱】，基本面月營收高速成長(YoY+91.0%)，🔑量化目標區:4324.8~4528.1，停損防線:3889.3。
  #4 3017.TW 奇鋐       AI評分=85.6 題材=CoWoS AI伺服器 原因=📊均線呈現完美多頭排列，聚焦熱門題材【CoWoS AI伺服器】，基本面月營收高速成長(YoY+57.4%)，🔑量化目標區:2823.5~2944.6，停損防線:2564.2。
  #5 3443.TW 創意       AI評分=85.2 題材=先進封裝載板 原因=🚀布林通道窄幅緊縮後帶量突破上軌(波動爆發)，📊均線呈現完美多頭排列，RSI多頭增強，聚焦熱門題材【先進封裝載板】，基本面月營收高速成長(YoY+158.4%)，🔑量化目標區:4964.6~5196.2，停損防線:4468.4。
[23:36:26] 🔥 AI 飆股引擎量化計算完成 (掃描 2306 檔，取前 50 名輸出):
  #1 2317.TW 鴻海       AI評分=90.9 題材=CoWoS AI伺服器 原因=🚀布林通道窄幅緊縮後帶量突破上軌(波動爆發)，📊均線呈現完美多頭排列，聚焦熱門題材【CoWoS AI伺服器】，基本面月營收高速成長(YoY+54.2%)，🔑量化目標區:265.4~271.9，停損防線:251.5。
  #2 2382.TW 廣達       AI評分=88.5 題材=電腦週邊 原因=📈帶量突破月均線(中期波段起漲)，MACD翻紅買訊，🐳千張大戶重度鎖碼(81.35%)，聚焦熱門題材【電腦週邊】，基本面月營收高速成長(YoY+131.3%)，🔑量化目標區:318.6~328.2，停損防線:298.0。
  #3 3653.TW 健策       AI評分=88.3 題材=AI水冷散熱 原因=📊均線呈現完美多頭排列，KD黃金交叉，聚焦熱門題材【AI水冷散熱】，基本面月營收高速成長(YoY+91.0%)，🔑量化目標區:4324.8~4528.1，停損防線:3889.3。
  #4 3017.TW 奇鋐       AI評分=85.6 題材=CoWoS AI伺服器 原因=📊均線呈現完美多頭排列，聚焦熱門題材【CoWoS AI伺服器】，基本面月營收高速成長(YoY+57.4%)，🔑量化目標區:2823.5~2944.6，停損防線:2564.2。
  #5 3443.TW 創意       AI評分=85.2 題材=先進封裝載板 原因=🚀布林通道窄幅緊縮後帶量突破上軌(波動爆發)，📊均線呈現完美多頭排列，RSI多頭增強，聚焦熱門題材【先進封裝載板】，基本面月營收高速成長(YoY+158.4%)，🔑量化目標區:4964.6~5196.2，停損防線:4468.4。
[23:36:56] 🔥 AI 飆股引擎量化計算完成 (掃描 2306 檔，取前 50 名輸出):
  #1 2317.TW 鴻海       AI評分=90.9 題材=CoWoS AI伺服器 原因=🚀布林通道窄幅緊縮後帶量突破上軌(波動爆發)，📊均線呈現完美多頭排列，聚焦熱門題材【CoWoS AI伺服器】，基本面月營收高速成長(YoY+54.2%)，🔑量化目標區:265.4~271.9，停損防線:251.5。
  #2 2382.TW 廣達       AI評分=88.5 題材=電腦週邊 原因=📈帶量突破月均線(中期波段起漲)，MACD翻紅買訊，🐳千張大戶重度鎖碼(81.35%)，聚焦熱門題材【電腦週邊】，基本面月營收高速成長(YoY+131.3%)，🔑量化目標區:318.6~328.2，停損防線:298.0。
  #3 3653.TW 健策       AI評分=88.3 題材=AI水冷散熱 原因=📊均線呈現完美多頭排列，KD黃金交叉，聚焦熱門題材【AI水冷散熱】，基本面月營收高速成長(YoY+91.0%)，🔑量化目標區:4324.8~4528.1，停損防線:3889.3。
  #4 3017.TW 奇鋐       AI評分=85.6 題材=CoWoS AI伺服器 原因=📊均線呈現完美多頭排列，聚焦熱門題材【CoWoS AI伺服器】，基本面月營收高速成長(YoY+57.4%)，🔑量化目標區:2823.5~2944.6，停損防線:2564.2。
  #5 3443.TW 創意       AI評分=85.2 題材=先進封裝載板 原因=🚀布林通道窄幅緊縮後帶量突破上軌(波動爆發)，📊均線呈現完美多頭排列，RSI多頭增強，聚焦熱門題材【先進封裝載板】，基本面月營收高速成長(YoY+158.4%)，🔑量化目標區:4964.6~5196.2，停損防線:4468.4。
[23:37:26] 🔥 AI 飆股引擎量化計算完成 (掃描 2306 檔，取前 50 名輸出):
