======================================
[2026-07-20 07:00:01] 啟動每日快取資料更新作業
[2026-07-20 07:00:01] 執行 pe_yoy_cache_builder.py...
[07:00:01] 🚀 開始建立 PE + YoY 快取...
  [TWSE] 抓取本益比...
    ✅ TWSE PE: 832 筆
  [TWSE] 抓取月營收年增率...
    ✅ TWSE YoY: 1077 筆
  [FinMind] 抓取 237 檔 TPEx 上櫃 PE + YoY...
    進度: 20/237 (16 筆成功)
    進度: 40/237 (30 筆成功)
    進度: 60/237 (39 筆成功)
    進度: 80/237 (51 筆成功)
    進度: 100/237 (61 筆成功)
    進度: 120/237 (71 筆成功)
    進度: 140/237 (71 筆成功)
    進度: 160/237 (71 筆成功)
    進度: 180/237 (71 筆成功)
    進度: 200/237 (71 筆成功)
    進度: 220/237 (71 筆成功)
  ✅ TPEx FinMind: PE 67 筆 | YoY 82 筆
[07:02:47] ✅ 快取建立完成！
  PE: 879 檔 | YoY: 1132 檔 → /home/rychang/taiwan-stock-app/pe_yoy_cache.json
[2026-07-20 07:02:47] 執行 smart_money_updater.py...
[2026-07-20 07:02:47] 🐳 開始抓取集保大戶籌碼(千張以上大戶持股比例)...
[2026-07-20 07:03:25] ✅ 大戶籌碼快取建立完成！共 4010 檔標的
[2026-07-20 07:03:25] 執行 tech_indicator_builder.py...
[2026-07-20 07:03:25] 啟動技術指標(MA/布林)計算...
[2026-07-20 07:03:36] ✅ 技術指標快取建立完成，共 50 筆
[2026-07-20 07:03:36] 每日更新作業完成！
======================================
======================================
[2026-07-21 07:00:01] 啟動每日快取資料更新作業
[2026-07-21 07:00:01] 執行 pe_yoy_cache_builder.py...
[07:00:01] 🚀 開始建立 PE + YoY 快取...
  [TWSE] 抓取本益比...
    ✅ TWSE PE: 832 筆
  [TWSE] 抓取月營收年增率...
    ✅ TWSE YoY: 1077 筆
  [FinMind] 抓取 235 檔 TPEx 上櫃 PE + YoY...
    進度: 20/235 (18 筆成功)
    進度: 40/235 (35 筆成功)
    進度: 60/235 (51 筆成功)
    進度: 80/235 (65 筆成功)
    進度: 100/235 (81 筆成功)
    進度: 120/235 (96 筆成功)
    進度: 140/235 (114 筆成功)
    進度: 160/235 (130 筆成功)
    進度: 180/235 (132 筆成功)
    進度: 200/235 (132 筆成功)
    進度: 220/235 (132 筆成功)
  ✅ TPEx FinMind: PE 110 筆 | YoY 139 筆
[07:02:53] ✅ 快取建立完成！
  PE: 922 檔 | YoY: 1189 檔 → /home/rychang/taiwan-stock-app/pe_yoy_cache.json
[2026-07-21 07:02:53] 執行 smart_money_updater.py...
[2026-07-21 07:02:53] 🐳 開始抓取集保大戶籌碼(千張以上大戶持股比例)...
[2026-07-21 07:03:12] ✅ 大戶籌碼快取建立完成！共 4010 檔標的
[2026-07-21 07:03:12] 執行 tech_indicator_builder.py...
[2026-07-21 07:03:12] 🚀 啟動進階量化指標(MA/布林/RSI/KD/MACD/ATR)平行計算...
  📊 篩選出 849 檔液態個股，進行平行爬取...
[07:03:36] ✅ 技術指標快取建立完成，共 825 筆 (耗時: 24.62 秒) → /home/rychang/taiwan-stock-app/tech_cache.json
[2026-07-21 07:03:36] 每日更新作業完成！
======================================
======================================
[2026-07-21 14:30:01] 啟動每日快取資料更新作業
[2026-07-21 14:30:01] 執行 pe_yoy_cache_builder.py...
[14:30:01] 🚀 開始建立 PE + YoY 快取...
  [TWSE] 抓取本益比...
    ✅ TWSE PE: 832 筆
  [TWSE] 抓取月營收年增率...
    ✅ TWSE YoY: 1077 筆
  [FinMind] 抓取 235 檔 TPEx 上櫃 PE + YoY...
    進度: 20/235 (15 筆成功)
    進度: 40/235 (30 筆成功)
    進度: 60/235 (48 筆成功)
    進度: 80/235 (65 筆成功)
    進度: 100/235 (82 筆成功)
    進度: 120/235 (100 筆成功)
    進度: 140/235 (116 筆成功)
    進度: 160/235 (131 筆成功)
    進度: 180/235 (135 筆成功)
    進度: 200/235 (135 筆成功)
    進度: 220/235 (135 筆成功)
  ✅ TPEx FinMind: PE 121 筆 | YoY 144 筆
[14:33:44] ✅ 快取建立完成！
  PE: 933 檔 | YoY: 1194 檔 → /home/rychang/taiwan-stock-app/pe_yoy_cache.json
[2026-07-21 14:33:44] 執行 smart_money_updater.py...
[2026-07-21 14:33:44] 🐳 開始抓取集保大戶籌碼(千張以上大戶持股比例)...
[2026-07-21 14:34:15] ✅ 大戶籌碼快取建立完成！共 4010 檔標的
[2026-07-21 14:34:15] 執行 tech_indicator_builder.py...
[2026-07-21 14:34:15] 🚀 啟動進階量化指標(MA/布林/RSI/KD/MACD/ATR)平行計算...
  📊 篩選出 781 檔液態個股，進行平行爬取...
[14:34:21] ✅ 技術指標快取建立完成，共 781 筆 (耗時: 5.24 秒) → /home/rychang/taiwan-stock-app/tech_cache.json
[2026-07-21 14:34:21] 每日更新作業完成！
======================================
======================================
[2026-07-22 07:00:01] 啟動每日快取資料更新作業
[2026-07-22 07:00:01] 執行 pe_yoy_cache_builder.py...
[07:00:02] 🚀 開始建立 PE + YoY 快取...
  [TWSE] 抓取本益比...
    ✅ TWSE PE: 832 筆
  [TWSE] 抓取月營收年增率...
    ✅ TWSE YoY: 1077 筆
  [FinMind] 抓取 235 檔 TPEx 上櫃 PE + YoY...
    進度: 20/235 (18 筆成功)
    進度: 40/235 (34 筆成功)
    進度: 60/235 (52 筆成功)
    進度: 80/235 (69 筆成功)
    進度: 100/235 (87 筆成功)
    進度: 120/235 (92 筆成功)
    進度: 140/235 (92 筆成功)
    進度: 160/235 (93 筆成功)
    進度: 180/235 (93 筆成功)
    進度: 200/235 (93 筆成功)
    進度: 220/235 (93 筆成功)
  ✅ TPEx FinMind: PE 90 筆 | YoY 110 筆
[07:02:55] ✅ 快取建立完成！
  PE: 902 檔 | YoY: 1160 檔 → /home/rychang/taiwan-stock-app/pe_yoy_cache.json
[2026-07-22 07:02:55] 執行 smart_money_updater.py...
[2026-07-22 07:02:55] 🐳 開始抓取集保大戶籌碼(千張以上大戶持股比例)...
[2026-07-22 07:03:15] ✅ 大戶籌碼快取建立完成！共 4010 檔標的
[2026-07-22 07:03:15] 執行 tech_indicator_builder.py...
[2026-07-22 07:03:15] 🚀 啟動進階量化指標(MA/布林/RSI/KD/MACD/ATR)平行計算...
  📊 篩選出 725 檔液態個股，進行平行爬取...
[07:03:19] ✅ 技術指標快取建立完成，共 725 筆 (耗時: 4.53 秒) → /home/rychang/taiwan-stock-app/tech_cache.json
[2026-07-22 07:03:19] 每日更新作業完成！
======================================
======================================
[2026-07-22 14:30:01] 啟動每日快取資料更新作業
[2026-07-22 14:30:01] 執行 pe_yoy_cache_builder.py...
[14:30:01] 🚀 開始建立 PE + YoY 快取...
  [TWSE] 抓取本益比...
    ✅ TWSE PE: 832 筆
  [TWSE] 抓取月營收年增率...
    ✅ TWSE YoY: 1077 筆
  [FinMind] 抓取 235 檔 TPEx 上櫃 PE + YoY...
    進度: 20/235 (18 筆成功)
    進度: 40/235 (32 筆成功)
    進度: 60/235 (49 筆成功)
    進度: 80/235 (65 筆成功)
    進度: 100/235 (79 筆成功)
    進度: 120/235 (96 筆成功)
    進度: 140/235 (113 筆成功)
    進度: 160/235 (129 筆成功)
    進度: 180/235 (133 筆成功)
    進度: 200/235 (134 筆成功)
    進度: 220/235 (134 筆成功)
  ✅ TPEx FinMind: PE 113 筆 | YoY 141 筆
[14:33:44] ✅ 快取建立完成！
  PE: 925 檔 | YoY: 1191 檔 → /home/rychang/taiwan-stock-app/pe_yoy_cache.json
[2026-07-22 14:33:44] 執行 smart_money_updater.py...
[2026-07-22 14:33:44] 🐳 開始抓取集保大戶籌碼(千張以上大戶持股比例)...
[2026-07-22 14:34:08] ✅ 大戶籌碼快取建立完成！共 4010 檔標的
[2026-07-22 14:34:08] 執行 tech_indicator_builder.py...
[2026-07-22 14:34:08] 🚀 啟動進階量化指標(MA/布林/RSI/KD/MACD/ATR)平行計算...
  📊 篩選出 759 檔液態個股，進行平行爬取...
[14:34:18] ✅ 技術指標快取建立完成，共 759 筆 (耗時: 10.39 秒) → /home/rychang/taiwan-stock-app/tech_cache.json
[2026-07-22 14:34:18] 每日更新作業完成！
======================================
======================================
[2026-07-23 07:00:01] 啟動每日快取資料更新作業
[2026-07-23 07:00:01] 執行 pe_yoy_cache_builder.py...
[07:00:01] 🚀 開始建立 PE + YoY 快取...
  [TWSE] 抓取本益比...
    ✅ TWSE PE: 832 筆
  [TWSE] 抓取月營收年增率...
    ✅ TWSE YoY: 1077 筆
  [FinMind] 抓取 236 檔 TPEx 上櫃 PE + YoY...
    進度: 20/236 (16 筆成功)
    進度: 40/236 (35 筆成功)
    進度: 60/236 (52 筆成功)
    進度: 80/236 (65 筆成功)
    進度: 100/236 (84 筆成功)
    進度: 120/236 (97 筆成功)
    進度: 140/236 (97 筆成功)
    進度: 160/236 (97 筆成功)
    進度: 180/236 (97 筆成功)
    進度: 200/236 (98 筆成功)
    進度: 220/236 (98 筆成功)
  ✅ TPEx FinMind: PE 94 筆 | YoY 111 筆
[07:02:48] ✅ 快取建立完成！
  PE: 906 檔 | YoY: 1161 檔 → /home/rychang/taiwan-stock-app/pe_yoy_cache.json
[2026-07-23 07:02:48] 執行 smart_money_updater.py...
[2026-07-23 07:02:48] 🐳 開始抓取集保大戶籌碼(千張以上大戶持股比例)...
[2026-07-23 07:03:07] ✅ 大戶籌碼快取建立完成！共 4010 檔標的
[2026-07-23 07:03:07] 執行 tech_indicator_builder.py...
[2026-07-23 07:03:07] 🚀 啟動進階量化指標(MA/布林/RSI/KD/MACD/ATR)平行計算...
  📊 篩選出 762 檔液態個股，進行平行爬取...
[07:03:12] ✅ 技術指標快取建立完成，共 762 筆 (耗時: 4.73 秒) → /home/rychang/taiwan-stock-app/tech_cache.json
[2026-07-23 07:03:12] 每日更新作業完成！
======================================
======================================
[2026-07-23 14:30:01] 啟動每日快取資料更新作業
[2026-07-23 14:30:01] 執行 pe_yoy_cache_builder.py...
[14:30:01] 🚀 開始建立 PE + YoY 快取...
  [TWSE] 抓取本益比...
    ✅ TWSE PE: 832 筆
  [TWSE] 抓取月營收年增率...
    ✅ TWSE YoY: 1077 筆
  [FinMind] 抓取 236 檔 TPEx 上櫃 PE + YoY...
    進度: 20/236 (17 筆成功)
    進度: 40/236 (32 筆成功)
    進度: 60/236 (48 筆成功)
    進度: 80/236 (66 筆成功)
    進度: 100/236 (81 筆成功)
    進度: 120/236 (95 筆成功)
    進度: 140/236 (112 筆成功)
    進度: 160/236 (120 筆成功)
    進度: 180/236 (120 筆成功)
    進度: 200/236 (121 筆成功)
    進度: 220/236 (121 筆成功)
  ✅ TPEx FinMind: PE 110 筆 | YoY 134 筆
[14:35:41] ✅ 快取建立完成！
  PE: 922 檔 | YoY: 1184 檔 → /home/rychang/taiwan-stock-app/pe_yoy_cache.json
[2026-07-23 14:35:41] 執行 smart_money_updater.py...
[2026-07-23 14:35:41] 🐳 開始抓取集保大戶籌碼(千張以上大戶持股比例)...
[2026-07-23 14:36:37] ✅ 大戶籌碼快取建立完成！共 4010 檔標的
[2026-07-23 14:36:37] 執行 tech_indicator_builder.py...
[2026-07-23 14:36:37] 🚀 啟動進階量化指標(MA/布林/RSI/KD/MACD/ATR)平行計算...
  📊 篩選出 515 檔液態個股，進行平行爬取...
[14:36:43] ✅ 技術指標快取建立完成，共 514 筆 (耗時: 6.66 秒) → /home/rychang/taiwan-stock-app/tech_cache.json
[2026-07-23 14:36:43] 每日更新作業完成！
======================================
======================================
[2026-07-24 07:00:01] 啟動每日快取資料更新作業
[2026-07-24 07:00:01] 執行 pe_yoy_cache_builder.py...
[07:00:01] 🚀 開始建立 PE + YoY 快取...
  [TWSE] 抓取本益比...
    ✅ TWSE PE: 832 筆
  [TWSE] 抓取月營收年增率...
    ✅ TWSE YoY: 1077 筆
  [FinMind] 抓取 235 檔 TPEx 上櫃 PE + YoY...
    進度: 20/235 (16 筆成功)
    進度: 40/235 (32 筆成功)
    進度: 60/235 (47 筆成功)
    進度: 80/235 (61 筆成功)
    進度: 100/235 (79 筆成功)
    進度: 120/235 (95 筆成功)
    進度: 140/235 (109 筆成功)
    進度: 160/235 (125 筆成功)
    進度: 180/235 (125 筆成功)
    進度: 200/235 (125 筆成功)
    進度: 220/235 (126 筆成功)
  ✅ TPEx FinMind: PE 109 筆 | YoY 138 筆
[07:02:34] ✅ 快取建立完成！
  PE: 921 檔 | YoY: 1188 檔 → /home/rychang/taiwan-stock-app/pe_yoy_cache.json
[2026-07-24 07:02:34] 執行 smart_money_updater.py...
[2026-07-24 07:02:34] 🐳 開始抓取集保大戶籌碼(千張以上大戶持股比例)...
[2026-07-24 07:02:53] ✅ 大戶籌碼快取建立完成！共 4010 檔標的
[2026-07-24 07:02:53] 執行 tech_indicator_builder.py...
[2026-07-24 07:02:53] 🚀 啟動進階量化指標(MA/布林/RSI/KD/MACD/ATR)平行計算...
  📊 篩選出 701 檔液態個股，進行平行爬取...
[07:02:58] ✅ 技術指標快取建立完成，共 700 筆 (耗時: 4.25 秒) → /home/rychang/taiwan-stock-app/tech_cache.json
[2026-07-24 07:02:58] 每日更新作業完成！
======================================
======================================
[2026-07-24 14:30:01] 啟動每日快取資料更新作業
[2026-07-24 14:30:01] 執行 pe_yoy_cache_builder.py...
[14:30:01] 🚀 開始建立 PE + YoY 快取...
  [TWSE] 抓取本益比...
    ✅ TWSE PE: 832 筆
  [TWSE] 抓取月營收年增率...
    ✅ TWSE YoY: 1077 筆
  [FinMind] 抓取 235 檔 TPEx 上櫃 PE + YoY...
    進度: 20/235 (19 筆成功)
    進度: 40/235 (35 筆成功)
    進度: 60/235 (52 筆成功)
    進度: 80/235 (69 筆成功)
    進度: 100/235 (79 筆成功)
    進度: 120/235 (96 筆成功)
    進度: 140/235 (110 筆成功)
    進度: 160/235 (123 筆成功)
    進度: 180/235 (123 筆成功)
    進度: 200/235 (123 筆成功)
    進度: 220/235 (123 筆成功)
  ✅ TPEx FinMind: PE 105 筆 | YoY 128 筆
[14:36:03] ✅ 快取建立完成！
  PE: 917 檔 | YoY: 1178 檔 → /home/rychang/taiwan-stock-app/pe_yoy_cache.json
[2026-07-24 14:36:03] 執行 smart_money_updater.py...
[2026-07-24 14:36:03] 🐳 開始抓取集保大戶籌碼(千張以上大戶持股比例)...
[2026-07-24 14:36:46] ✅ 大戶籌碼快取建立完成！共 4010 檔標的
[2026-07-24 14:36:46] 執行 tech_indicator_builder.py...
[2026-07-24 14:36:46] 🚀 啟動進階量化指標(MA/布林/RSI/KD/MACD/ATR)平行計算...
  📊 篩選出 708 檔液態個股，進行平行爬取...
[14:36:52] ✅ 技術指標快取建立完成，共 706 筆 (耗時: 5.72 秒) → /home/rychang/taiwan-stock-app/tech_cache.json
[2026-07-24 14:36:52] 每日更新作業完成！
======================================
======================================
[2026-07-27 07:00:01] 啟動每日快取資料更新作業
[2026-07-27 07:00:01] 執行 pe_yoy_cache_builder.py...
[07:00:01] 🚀 開始建立 PE + YoY 快取...
  [TWSE] 抓取本益比...
    ✅ TWSE PE: 832 筆
  [TWSE] 抓取月營收年增率...
    ✅ TWSE YoY: 1077 筆
  [FinMind] 抓取 234 檔 TPEx 上櫃 PE + YoY...
    進度: 20/234 (19 筆成功)
    進度: 40/234 (36 筆成功)
    進度: 60/234 (54 筆成功)
    進度: 80/234 (68 筆成功)
    進度: 100/234 (84 筆成功)
    進度: 120/234 (97 筆成功)
    進度: 140/234 (113 筆成功)
    進度: 160/234 (129 筆成功)
    進度: 180/234 (129 筆成功)
    進度: 200/234 (129 筆成功)
    進度: 220/234 (129 筆成功)
  ✅ TPEx FinMind: PE 106 筆 | YoY 132 筆
[07:02:45] ✅ 快取建立完成！
  PE: 918 檔 | YoY: 1182 檔 → /home/rychang/taiwan-stock-app/pe_yoy_cache.json
[2026-07-27 07:02:45] 執行 smart_money_updater.py...
[2026-07-27 07:02:45] 🐳 開始抓取集保大戶籌碼(千張以上大戶持股比例)...
[2026-07-27 07:03:04] ✅ 大戶籌碼快取建立完成！共 4014 檔標的
[2026-07-27 07:03:04] 執行 tech_indicator_builder.py...
[2026-07-27 07:03:04] 🚀 啟動進階量化指標(MA/布林/RSI/KD/MACD/ATR)平行計算...
  📊 篩選出 709 檔液態個股，進行平行爬取...
[07:03:09] ✅ 技術指標快取建立完成，共 708 筆 (耗時: 5.16 秒) → /home/rychang/taiwan-stock-app/tech_cache.json
[2026-07-27 07:03:09] 每日更新作業完成！
======================================
======================================
[2026-07-27 14:30:01] 啟動每日快取資料更新作業
[2026-07-27 14:30:01] 執行 pe_yoy_cache_builder.py...
[14:30:01] 🚀 開始建立 PE + YoY 快取...
  [TWSE] 抓取本益比...
    ✅ TWSE PE: 832 筆
  [TWSE] 抓取月營收年增率...
    ✅ TWSE YoY: 1077 筆
  [FinMind] 抓取 234 檔 TPEx 上櫃 PE + YoY...
    進度: 20/234 (17 筆成功)
    進度: 40/234 (33 筆成功)
    進度: 60/234 (48 筆成功)
    進度: 80/234 (64 筆成功)
    進度: 100/234 (81 筆成功)
    進度: 120/234 (96 筆成功)
    進度: 140/234 (114 筆成功)
    進度: 160/234 (125 筆成功)
    進度: 180/234 (125 筆成功)
    進度: 200/234 (125 筆成功)
    進度: 220/234 (126 筆成功)
  ✅ TPEx FinMind: PE 101 筆 | YoY 133 筆
[14:35:09] ✅ 快取建立完成！
  PE: 913 檔 | YoY: 1183 檔 → /home/rychang/taiwan-stock-app/pe_yoy_cache.json
[2026-07-27 14:35:09] 執行 smart_money_updater.py...
[2026-07-27 14:35:09] 🐳 開始抓取集保大戶籌碼(千張以上大戶持股比例)...
[2026-07-27 14:35:47] ✅ 大戶籌碼快取建立完成！共 4014 檔標的
[2026-07-27 14:35:47] 執行 tech_indicator_builder.py...
[2026-07-27 14:35:47] 🚀 啟動進階量化指標(MA/布林/RSI/KD/MACD/ATR)平行計算...
  📊 篩選出 700 檔液態個股，進行平行爬取...
[14:35:52] ✅ 技術指標快取建立完成，共 700 筆 (耗時: 5.14 秒) → /home/rychang/taiwan-stock-app/tech_cache.json
[2026-07-27 14:35:52] 每日更新作業完成！
======================================
======================================
[2026-07-28 07:00:01] 啟動每日快取資料更新作業
[2026-07-28 07:00:01] 執行 pe_yoy_cache_builder.py...
[07:00:01] 🚀 開始建立 PE + YoY 快取...
  [TWSE] 抓取本益比...
    ✅ TWSE PE: 832 筆
  [TWSE] 抓取月營收年增率...
    ✅ TWSE YoY: 1077 筆
  [FinMind] 抓取 235 檔 TPEx 上櫃 PE + YoY...
    進度: 20/235 (16 筆成功)
    進度: 40/235 (34 筆成功)
    進度: 60/235 (47 筆成功)
    進度: 80/235 (63 筆成功)
    進度: 100/235 (79 筆成功)
    進度: 120/235 (99 筆成功)
    進度: 140/235 (115 筆成功)
    進度: 160/235 (131 筆成功)
    進度: 180/235 (131 筆成功)
    進度: 200/235 (131 筆成功)
    進度: 220/235 (131 筆成功)
  ✅ TPEx FinMind: PE 109 筆 | YoY 135 筆
[07:04:26] ✅ 快取建立完成！
  PE: 921 檔 | YoY: 1185 檔 → /home/rychang/taiwan-stock-app/pe_yoy_cache.json
[2026-07-28 07:04:26] 執行 smart_money_updater.py...
[2026-07-28 07:04:26] 🐳 開始抓取集保大戶籌碼(千張以上大戶持股比例)...
[2026-07-28 07:04:46] ✅ 大戶籌碼快取建立完成！共 4014 檔標的
[2026-07-28 07:04:46] 執行 tech_indicator_builder.py...
[2026-07-28 07:04:46] 🚀 啟動進階量化指標(MA/布林/RSI/KD/MACD/ATR)平行計算...
  📊 篩選出 682 檔液態個股，進行平行爬取...
[07:04:50] ✅ 技術指標快取建立完成，共 682 筆 (耗時: 4.09 秒) → /home/rychang/taiwan-stock-app/tech_cache.json
[2026-07-28 07:04:50] 每日更新作業完成！
======================================
======================================
[2026-07-28 14:30:01] 啟動每日快取資料更新作業
[2026-07-28 14:30:01] 執行 pe_yoy_cache_builder.py...
[14:30:01] 🚀 開始建立 PE + YoY 快取...
  [TWSE] 抓取本益比...
    ✅ TWSE PE: 832 筆
  [TWSE] 抓取月營收年增率...
    ✅ TWSE YoY: 1077 筆
  [FinMind] 抓取 235 檔 TPEx 上櫃 PE + YoY...
    進度: 20/235 (15 筆成功)
    進度: 40/235 (32 筆成功)
    進度: 60/235 (46 筆成功)
    進度: 80/235 (61 筆成功)
    進度: 100/235 (77 筆成功)
    進度: 120/235 (92 筆成功)
    進度: 140/235 (110 筆成功)
    進度: 160/235 (123 筆成功)
    進度: 180/235 (123 筆成功)
    進度: 200/235 (123 筆成功)
    進度: 220/235 (123 筆成功)
  ✅ TPEx FinMind: PE 101 筆 | YoY 127 筆
[14:36:08] ✅ 快取建立完成！
  PE: 913 檔 | YoY: 1177 檔 → /home/rychang/taiwan-stock-app/pe_yoy_cache.json
[2026-07-28 14:36:08] 執行 smart_money_updater.py...
[2026-07-28 14:36:08] 🐳 開始抓取集保大戶籌碼(千張以上大戶持股比例)...
[2026-07-28 14:36:41] ✅ 大戶籌碼快取建立完成！共 4014 檔標的
[2026-07-28 14:36:41] 執行 tech_indicator_builder.py...
[2026-07-28 14:36:41] 🚀 啟動進階量化指標(MA/布林/RSI/KD/MACD/ATR)平行計算...
  📊 篩選出 761 檔液態個股，進行平行爬取...
[14:36:55] ✅ 技術指標快取建立完成，共 740 筆 (耗時: 14.18 秒) → /home/rychang/taiwan-stock-app/tech_cache.json
[2026-07-28 14:36:55] 每日更新作業完成！
======================================
======================================
[2026-07-29 07:00:02] 啟動每日快取資料更新作業
[2026-07-29 07:00:02] 執行 pe_yoy_cache_builder.py...
[07:00:02] 🚀 開始建立 PE + YoY 快取...
  [TWSE] 抓取本益比...
    ✅ TWSE PE: 833 筆
  [TWSE] 抓取月營收年增率...
    ✅ TWSE YoY: 1077 筆
  [FinMind] 抓取 235 檔 TPEx 上櫃 PE + YoY...
    進度: 20/235 (17 筆成功)
    進度: 40/235 (32 筆成功)
    進度: 60/235 (47 筆成功)
    進度: 80/235 (62 筆成功)
    進度: 100/235 (78 筆成功)
    進度: 120/235 (97 筆成功)
    進度: 140/235 (112 筆成功)
    進度: 160/235 (122 筆成功)
    進度: 180/235 (122 筆成功)
    進度: 200/235 (122 筆成功)
    進度: 220/235 (122 筆成功)
  ✅ TPEx FinMind: PE 106 筆 | YoY 129 筆
[07:05:28] ✅ 快取建立完成！
  PE: 919 檔 | YoY: 1179 檔 → /home/rychang/taiwan-stock-app/pe_yoy_cache.json
[2026-07-29 07:05:29] 執行 smart_money_updater.py...
[2026-07-29 07:05:29] 🐳 開始抓取集保大戶籌碼(千張以上大戶持股比例)...
[2026-07-29 07:05:48] ✅ 大戶籌碼快取建立完成！共 4014 檔標的
[2026-07-29 07:05:48] 執行 tech_indicator_builder.py...
[2026-07-29 07:05:48] 🚀 啟動進階量化指標(MA/布林/RSI/KD/MACD/ATR)平行計算...
  📊 篩選出 812 檔液態個股，進行平行爬取...
[07:06:03] ✅ 技術指標快取建立完成，共 805 筆 (耗時: 14.84 秒) → /home/rychang/taiwan-stock-app/tech_cache.json
[2026-07-29 07:06:03] 每日更新作業完成！
======================================
======================================
[2026-07-29 14:30:02] 啟動每日快取資料更新作業
[2026-07-29 14:30:02] 執行 pe_yoy_cache_builder.py...
[14:30:02] 🚀 開始建立 PE + YoY 快取...
  [TWSE] 抓取本益比...
    ✅ TWSE PE: 833 筆
  [TWSE] 抓取月營收年增率...
    ✅ TWSE YoY: 1077 筆
  [FinMind] 抓取 235 檔 TPEx 上櫃 PE + YoY...
    進度: 20/235 (17 筆成功)
    進度: 40/235 (32 筆成功)
    進度: 60/235 (47 筆成功)
    進度: 80/235 (63 筆成功)
    進度: 100/235 (80 筆成功)
    進度: 120/235 (96 筆成功)
    進度: 140/235 (112 筆成功)
    進度: 160/235 (123 筆成功)
    進度: 180/235 (124 筆成功)
    進度: 200/235 (124 筆成功)
    進度: 220/235 (124 筆成功)
  ✅ TPEx FinMind: PE 108 筆 | YoY 133 筆
[14:34:19] ✅ 快取建立完成！
  PE: 921 檔 | YoY: 1183 檔 → /home/rychang/taiwan-stock-app/pe_yoy_cache.json
[2026-07-29 14:34:19] 執行 smart_money_updater.py...
[2026-07-29 14:34:19] 🐳 開始抓取集保大戶籌碼(千張以上大戶持股比例)...
[2026-07-29 14:34:49] ✅ 大戶籌碼快取建立完成！共 4014 檔標的
[2026-07-29 14:34:49] 執行 tech_indicator_builder.py...
[2026-07-29 14:34:49] 🚀 啟動進階量化指標(MA/布林/RSI/KD/MACD/ATR)平行計算...
  📊 篩選出 931 檔液態個股，進行平行爬取...
[14:35:05] ✅ 技術指標快取建立完成，共 911 筆 (耗時: 16.33 秒) → /home/rychang/taiwan-stock-app/tech_cache.json
[2026-07-29 14:35:05] 每日更新作業完成！
======================================
======================================
[2026-07-30 07:00:01] 啟動每日快取資料更新作業
[2026-07-30 07:00:01] 執行 pe_yoy_cache_builder.py...
[07:00:01] 🚀 開始建立 PE + YoY 快取...
  [TWSE] 抓取本益比...
    ✅ TWSE PE: 833 筆
  [TWSE] 抓取月營收年增率...
    ✅ TWSE YoY: 1077 筆
  [FinMind] 抓取 236 檔 TPEx 上櫃 PE + YoY...
    進度: 20/236 (15 筆成功)
    進度: 40/236 (31 筆成功)
    進度: 60/236 (47 筆成功)
    進度: 80/236 (62 筆成功)
    進度: 100/236 (82 筆成功)
    進度: 120/236 (97 筆成功)
    進度: 140/236 (112 筆成功)
    進度: 160/236 (119 筆成功)
    進度: 180/236 (119 筆成功)
    進度: 200/236 (119 筆成功)
    進度: 220/236 (119 筆成功)
  ✅ TPEx FinMind: PE 103 筆 | YoY 125 筆
[07:04:50] ✅ 快取建立完成！
  PE: 916 檔 | YoY: 1175 檔 → /home/rychang/taiwan-stock-app/pe_yoy_cache.json
[2026-07-30 07:04:50] 執行 smart_money_updater.py...
[2026-07-30 07:04:50] 🐳 開始抓取集保大戶籌碼(千張以上大戶持股比例)...
[2026-07-30 07:05:10] ✅ 大戶籌碼快取建立完成！共 4014 檔標的
[2026-07-30 07:05:10] 執行 tech_indicator_builder.py...
[2026-07-30 07:05:10] 🚀 啟動進階量化指標(MA/布林/RSI/KD/MACD/ATR)平行計算...
  📊 篩選出 984 檔液態個股，進行平行爬取...
[07:05:26] ✅ 技術指標快取建立完成，共 967 筆 (耗時: 16.31 秒) → /home/rychang/taiwan-stock-app/tech_cache.json
[2026-07-30 07:05:26] 每日更新作業完成！
======================================
======================================
[2026-07-30 14:30:01] 啟動每日快取資料更新作業
[2026-07-30 14:30:01] 執行 pe_yoy_cache_builder.py...
[14:30:01] 🚀 開始建立 PE + YoY 快取...
  [TWSE] 抓取本益比...
    ✅ TWSE PE: 833 筆
  [TWSE] 抓取月營收年增率...
    ✅ TWSE YoY: 1077 筆
  [FinMind] 抓取 236 檔 TPEx 上櫃 PE + YoY...
    進度: 20/236 (17 筆成功)
    進度: 40/236 (31 筆成功)
    進度: 60/236 (48 筆成功)
    進度: 80/236 (65 筆成功)
    進度: 100/236 (84 筆成功)
    進度: 120/236 (97 筆成功)
    進度: 140/236 (113 筆成功)
    進度: 160/236 (123 筆成功)
    進度: 180/236 (123 筆成功)
    進度: 200/236 (123 筆成功)
    進度: 220/236 (123 筆成功)
  ✅ TPEx FinMind: PE 104 筆 | YoY 131 筆
[14:34:29] ✅ 快取建立完成！
  PE: 917 檔 | YoY: 1181 檔 → /home/rychang/taiwan-stock-app/pe_yoy_cache.json
[2026-07-30 14:34:29] 執行 smart_money_updater.py...
[2026-07-30 14:34:29] 🐳 開始抓取集保大戶籌碼(千張以上大戶持股比例)...
[2026-07-30 14:35:00] ✅ 大戶籌碼快取建立完成！共 4014 檔標的
[2026-07-30 14:35:00] 執行 tech_indicator_builder.py...
[2026-07-30 14:35:00] 🚀 啟動進階量化指標(MA/布林/RSI/KD/MACD/ATR)平行計算...
  📊 篩選出 867 檔液態個股，進行平行爬取...
[14:35:23] ✅ 技術指標快取建立完成，共 844 筆 (耗時: 22.06 秒) → /home/rychang/taiwan-stock-app/tech_cache.json
[2026-07-30 14:35:23] 每日更新作業完成！
======================================
======================================
[2026-07-31 07:00:01] 啟動每日快取資料更新作業
[2026-07-31 07:00:01] 執行 pe_yoy_cache_builder.py...
[07:00:01] 🚀 開始建立 PE + YoY 快取...
  [TWSE] 抓取本益比...
    ✅ TWSE PE: 834 筆
  [TWSE] 抓取月營收年增率...
    ✅ TWSE YoY: 1077 筆
  [FinMind] 抓取 234 檔 TPEx 上櫃 PE + YoY...
    進度: 20/234 (17 筆成功)
    進度: 40/234 (33 筆成功)
    進度: 60/234 (51 筆成功)
    進度: 80/234 (67 筆成功)
    進度: 100/234 (83 筆成功)
    進度: 120/234 (98 筆成功)
    進度: 140/234 (113 筆成功)
    進度: 160/234 (120 筆成功)
    進度: 180/234 (120 筆成功)
    進度: 200/234 (120 筆成功)
    進度: 220/234 (120 筆成功)
  ✅ TPEx FinMind: PE 103 筆 | YoY 129 筆
[07:04:39] ✅ 快取建立完成！
  PE: 917 檔 | YoY: 1179 檔 → /home/rychang/taiwan-stock-app/pe_yoy_cache.json
[2026-07-31 07:04:39] 執行 smart_money_updater.py...
[2026-07-31 07:04:39] 🐳 開始抓取集保大戶籌碼(千張以上大戶持股比例)...
[2026-07-31 07:04:58] ✅ 大戶籌碼快取建立完成！共 4014 檔標的
[2026-07-31 07:04:58] 執行 tech_indicator_builder.py...
[2026-07-31 07:04:58] 🚀 啟動進階量化指標(MA/布林/RSI/KD/MACD/ATR)平行計算...
  📊 篩選出 794 檔液態個股，進行平行爬取...
[07:05:03] ✅ 技術指標快取建立完成，共 794 筆 (耗時: 4.84 秒) → /home/rychang/taiwan-stock-app/tech_cache.json
[2026-07-31 07:05:03] 每日更新作業完成！
======================================
======================================
[2026-07-31 14:30:01] 啟動每日快取資料更新作業
[2026-07-31 14:30:01] 執行 pe_yoy_cache_builder.py...
[14:30:01] 🚀 開始建立 PE + YoY 快取...
  [TWSE] 抓取本益比...
    ✅ TWSE PE: 834 筆
  [TWSE] 抓取月營收年增率...
    ✅ TWSE YoY: 1077 筆
  [FinMind] 抓取 234 檔 TPEx 上櫃 PE + YoY...
    進度: 20/234 (17 筆成功)
    進度: 40/234 (35 筆成功)
    進度: 60/234 (50 筆成功)
    進度: 80/234 (66 筆成功)
    進度: 100/234 (83 筆成功)
    進度: 120/234 (96 筆成功)
    進度: 140/234 (113 筆成功)
    進度: 160/234 (126 筆成功)
    進度: 180/234 (126 筆成功)
    進度: 200/234 (126 筆成功)
    進度: 220/234 (126 筆成功)
  ✅ TPEx FinMind: PE 109 筆 | YoY 135 筆
[14:34:28] ✅ 快取建立完成！
  PE: 923 檔 | YoY: 1185 檔 → /home/rychang/taiwan-stock-app/pe_yoy_cache.json
[2026-07-31 14:34:28] 執行 smart_money_updater.py...
[2026-07-31 14:34:28] 🐳 開始抓取集保大戶籌碼(千張以上大戶持股比例)...
[2026-07-31 14:35:06] ✅ 大戶籌碼快取建立完成！共 4014 檔標的
[2026-07-31 14:35:06] 執行 tech_indicator_builder.py...
[2026-07-31 14:35:06] 🚀 啟動進階量化指標(MA/布林/RSI/KD/MACD/ATR)平行計算...
  📊 篩選出 797 檔液態個股，進行平行爬取...
[14:35:11] ✅ 技術指標快取建立完成，共 797 筆 (耗時: 5.03 秒) → /home/rychang/taiwan-stock-app/tech_cache.json
[2026-07-31 14:35:11] 每日更新作業完成！
======================================
======================================
[2026-08-03 07:00:01] 啟動每日快取資料更新作業
[2026-08-03 07:00:01] 執行 pe_yoy_cache_builder.py...
[07:00:01] 🚀 開始建立 PE + YoY 快取...
  [TWSE] 抓取本益比...
    ✅ TWSE PE: 835 筆
  [TWSE] 抓取月營收年增率...
    ✅ TWSE YoY: 1077 筆
  [FinMind] 抓取 237 檔 TPEx 上櫃 PE + YoY...
    進度: 20/237 (16 筆成功)
    進度: 40/237 (34 筆成功)
    進度: 60/237 (53 筆成功)
    進度: 80/237 (68 筆成功)
    進度: 100/237 (85 筆成功)
    進度: 120/237 (95 筆成功)
    進度: 140/237 (95 筆成功)
    進度: 160/237 (95 筆成功)
    進度: 180/237 (95 筆成功)
    進度: 200/237 (95 筆成功)
    進度: 220/237 (95 筆成功)
  ✅ TPEx FinMind: PE 93 筆 | YoY 115 筆
[07:02:45] ✅ 快取建立完成！
  PE: 908 檔 | YoY: 1165 檔 → /home/rychang/taiwan-stock-app/pe_yoy_cache.json
[2026-08-03 07:02:45] 執行 smart_money_updater.py...
[2026-08-03 07:02:45] 🐳 開始抓取集保大戶籌碼(千張以上大戶持股比例)...
[2026-08-03 07:03:23] ✅ 大戶籌碼快取建立完成！共 4019 檔標的
[2026-08-03 07:03:23] 執行 tech_indicator_builder.py...
[2026-08-03 07:03:23] 🚀 啟動進階量化指標(MA/布林/RSI/KD/MACD/ATR)平行計算...
  📊 篩選出 564 檔液態個股，進行平行爬取...
[07:03:27] ✅ 技術指標快取建立完成，共 564 筆 (耗時: 3.38 秒) → /home/rychang/taiwan-stock-app/tech_cache.json
[2026-08-03 07:03:27] 每日更新作業完成！
======================================
======================================
[2026-08-03 14:30:01] 啟動每日快取資料更新作業
[2026-08-03 14:30:01] 執行 pe_yoy_cache_builder.py...
[14:30:01] 🚀 開始建立 PE + YoY 快取...
  [TWSE] 抓取本益比...
    ✅ TWSE PE: 835 筆
  [TWSE] 抓取月營收年增率...
    ✅ TWSE YoY: 1077 筆
  [FinMind] 抓取 236 檔 TPEx 上櫃 PE + YoY...
    進度: 20/236 (14 筆成功)
    進度: 40/236 (31 筆成功)
    進度: 60/236 (48 筆成功)
    進度: 80/236 (63 筆成功)
    進度: 100/236 (78 筆成功)
    進度: 120/236 (93 筆成功)
    進度: 140/236 (110 筆成功)
    進度: 160/236 (124 筆成功)
    進度: 180/236 (124 筆成功)
    進度: 200/236 (124 筆成功)
    進度: 220/236 (124 筆成功)
  ✅ TPEx FinMind: PE 108 筆 | YoY 125 筆
[14:33:31] ✅ 快取建立完成！
  PE: 923 檔 | YoY: 1175 檔 → /home/rychang/taiwan-stock-app/pe_yoy_cache.json
[2026-08-03 14:33:31] 執行 smart_money_updater.py...
[2026-08-03 14:33:31] 🐳 開始抓取集保大戶籌碼(千張以上大戶持股比例)...
[2026-08-03 14:34:03] ✅ 大戶籌碼快取建立完成！共 4019 檔標的
[2026-08-03 14:34:03] 執行 tech_indicator_builder.py...
[2026-08-03 14:34:03] 🚀 啟動進階量化指標(MA/布林/RSI/KD/MACD/ATR)平行計算...
  📊 篩選出 701 檔液態個股，進行平行爬取...
[14:34:07] ✅ 技術指標快取建立完成，共 701 筆 (耗時: 4.70 秒) → /home/rychang/taiwan-stock-app/tech_cache.json
[2026-08-03 14:34:07] 每日更新作業完成！
======================================
======================================
[2026-08-04 07:00:01] 啟動每日快取資料更新作業
[2026-08-04 07:00:01] 執行 pe_yoy_cache_builder.py...
[07:00:01] 🚀 開始建立 PE + YoY 快取...
  [TWSE] 抓取本益比...
    ✅ TWSE PE: 837 筆
  [TWSE] 抓取月營收年增率...
    ✅ TWSE YoY: 1077 筆
  [FinMind] 抓取 236 檔 TPEx 上櫃 PE + YoY...
    進度: 20/236 (16 筆成功)
    進度: 40/236 (30 筆成功)
    進度: 60/236 (45 筆成功)
    進度: 80/236 (58 筆成功)
    進度: 100/236 (74 筆成功)
    進度: 120/236 (88 筆成功)
    進度: 140/236 (103 筆成功)
    進度: 160/236 (113 筆成功)
    進度: 180/236 (113 筆成功)
    進度: 200/236 (113 筆成功)
    進度: 220/236 (113 筆成功)
  ✅ TPEx FinMind: PE 105 筆 | YoY 123 筆
[07:03:24] ✅ 快取建立完成！
  PE: 922 檔 | YoY: 1173 檔 → /home/rychang/taiwan-stock-app/pe_yoy_cache.json
[2026-08-04 07:03:24] 執行 smart_money_updater.py...
[2026-08-04 07:03:24] 🐳 開始抓取集保大戶籌碼(千張以上大戶持股比例)...
[2026-08-04 07:03:43] ✅ 大戶籌碼快取建立完成！共 4019 檔標的
[2026-08-04 07:03:43] 執行 tech_indicator_builder.py...
[2026-08-04 07:03:43] 🚀 啟動進階量化指標(MA/布林/RSI/KD/MACD/ATR)平行計算...
  📊 篩選出 700 檔液態個股，進行平行爬取...
[07:03:47] ✅ 技術指標快取建立完成，共 700 筆 (耗時: 4.31 秒) → /home/rychang/taiwan-stock-app/tech_cache.json
[2026-08-04 07:03:47] 每日更新作業完成！
======================================
======================================
[2026-08-04 14:30:01] 啟動每日快取資料更新作業
[2026-08-04 14:30:01] 執行 pe_yoy_cache_builder.py...
[14:30:01] 🚀 開始建立 PE + YoY 快取...
  [TWSE] 抓取本益比...
    ✅ TWSE PE: 837 筆
  [TWSE] 抓取月營收年增率...
    ✅ TWSE YoY: 1077 筆
  [FinMind] 抓取 235 檔 TPEx 上櫃 PE + YoY...
    進度: 20/235 (16 筆成功)
    進度: 40/235 (34 筆成功)
    進度: 60/235 (49 筆成功)
    進度: 80/235 (65 筆成功)
    進度: 100/235 (83 筆成功)
    進度: 120/235 (101 筆成功)
    進度: 140/235 (115 筆成功)
    進度: 160/235 (126 筆成功)
    進度: 180/235 (126 筆成功)
    進度: 200/235 (126 筆成功)
    進度: 220/235 (126 筆成功)
  ✅ TPEx FinMind: PE 110 筆 | YoY 133 筆
[14:33:31] ✅ 快取建立完成！
  PE: 927 檔 | YoY: 1183 檔 → /home/rychang/taiwan-stock-app/pe_yoy_cache.json
[2026-08-04 14:33:31] 執行 smart_money_updater.py...
[2026-08-04 14:33:31] 🐳 開始抓取集保大戶籌碼(千張以上大戶持股比例)...
[2026-08-04 14:34:09] ✅ 大戶籌碼快取建立完成！共 4019 檔標的
[2026-08-04 14:34:09] 執行 tech_indicator_builder.py...
[2026-08-04 14:34:09] 🚀 啟動進階量化指標(MA/布林/RSI/KD/MACD/ATR)平行計算...
  📊 篩選出 710 檔液態個股，進行平行爬取...
[14:34:14] ✅ 技術指標快取建立完成，共 710 筆 (耗時: 4.81 秒) → /home/rychang/taiwan-stock-app/tech_cache.json
[2026-08-04 14:34:14] 每日更新作業完成！
======================================
======================================
[2026-08-05 07:00:01] 啟動每日快取資料更新作業
[2026-08-05 07:00:01] 執行 pe_yoy_cache_builder.py...
[07:00:01] 🚀 開始建立 PE + YoY 快取...
  [TWSE] 抓取本益比...
    ✅ TWSE PE: 838 筆
  [TWSE] 抓取月營收年增率...
    ✅ TWSE YoY: 1077 筆
  [FinMind] 抓取 235 檔 TPEx 上櫃 PE + YoY...
    進度: 20/235 (18 筆成功)
    進度: 40/235 (32 筆成功)
    進度: 60/235 (49 筆成功)
    進度: 80/235 (66 筆成功)
    進度: 100/235 (83 筆成功)
    進度: 120/235 (100 筆成功)
    進度: 140/235 (119 筆成功)
    進度: 160/235 (131 筆成功)
    進度: 180/235 (131 筆成功)
    進度: 200/235 (131 筆成功)
    進度: 220/235 (131 筆成功)
  ✅ TPEx FinMind: PE 112 筆 | YoY 138 筆
[07:03:32] ✅ 快取建立完成！
  PE: 930 檔 | YoY: 1188 檔 → /home/rychang/taiwan-stock-app/pe_yoy_cache.json
[2026-08-05 07:03:32] 執行 smart_money_updater.py...
[2026-08-05 07:03:32] 🐳 開始抓取集保大戶籌碼(千張以上大戶持股比例)...
[2026-08-05 07:03:51] ✅ 大戶籌碼快取建立完成！共 4019 檔標的
[2026-08-05 07:03:51] 執行 tech_indicator_builder.py...
[2026-08-05 07:03:51] 🚀 啟動進階量化指標(MA/布林/RSI/KD/MACD/ATR)平行計算...
  📊 篩選出 711 檔液態個股，進行平行爬取...
[07:03:56] ✅ 技術指標快取建立完成，共 711 筆 (耗時: 4.30 秒) → /home/rychang/taiwan-stock-app/tech_cache.json
[2026-08-05 07:03:56] 每日更新作業完成！
======================================
======================================
[2026-08-05 14:30:01] 啟動每日快取資料更新作業
[2026-08-05 14:30:01] 執行 pe_yoy_cache_builder.py...
[14:30:01] 🚀 開始建立 PE + YoY 快取...
  [TWSE] 抓取本益比...
    ✅ TWSE PE: 838 筆
  [TWSE] 抓取月營收年增率...
    ✅ TWSE YoY: 1077 筆
  [FinMind] 抓取 236 檔 TPEx 上櫃 PE + YoY...
    進度: 20/236 (17 筆成功)
    進度: 40/236 (35 筆成功)
    進度: 60/236 (50 筆成功)
    進度: 80/236 (68 筆成功)
    進度: 100/236 (82 筆成功)
    進度: 120/236 (95 筆成功)
    進度: 140/236 (110 筆成功)
    進度: 160/236 (126 筆成功)
    進度: 180/236 (126 筆成功)
    進度: 200/236 (126 筆成功)
    進度: 220/236 (126 筆成功)
  ✅ TPEx FinMind: PE 109 筆 | YoY 132 筆
[14:35:03] ✅ 快取建立完成！
  PE: 927 檔 | YoY: 1182 檔 → /home/rychang/taiwan-stock-app/pe_yoy_cache.json
[2026-08-05 14:35:03] 執行 smart_money_updater.py...
[2026-08-05 14:35:03] 🐳 開始抓取集保大戶籌碼(千張以上大戶持股比例)...
[2026-08-05 14:35:42] ✅ 大戶籌碼快取建立完成！共 4019 檔標的
[2026-08-05 14:35:42] 執行 tech_indicator_builder.py...
[2026-08-05 14:35:42] 🚀 啟動進階量化指標(MA/布林/RSI/KD/MACD/ATR)平行計算...
  📊 篩選出 765 檔液態個股，進行平行爬取...
[14:36:04] ✅ 技術指標快取建立完成，共 764 筆 (耗時: 21.53 秒) → /home/rychang/taiwan-stock-app/tech_cache.json
[2026-08-05 14:36:04] 每日更新作業完成！
======================================
======================================
[2026-08-06 07:00:01] 啟動每日快取資料更新作業
[2026-08-06 07:00:01] 執行 pe_yoy_cache_builder.py...
[07:00:01] 🚀 開始建立 PE + YoY 快取...
  [TWSE] 抓取本益比...
    ✅ TWSE PE: 838 筆
  [TWSE] 抓取月營收年增率...
    ✅ TWSE YoY: 1077 筆
  [FinMind] 抓取 236 檔 TPEx 上櫃 PE + YoY...
    進度: 20/236 (17 筆成功)
    進度: 40/236 (33 筆成功)
    進度: 60/236 (52 筆成功)
    進度: 80/236 (71 筆成功)
    進度: 100/236 (85 筆成功)
    進度: 120/236 (102 筆成功)
    進度: 140/236 (119 筆成功)
    進度: 160/236 (130 筆成功)
    進度: 180/236 (130 筆成功)
    進度: 200/236 (130 筆成功)
    進度: 220/236 (131 筆成功)
  ✅ TPEx FinMind: PE 114 筆 | YoY 140 筆
[07:03:30] ✅ 快取建立完成！
  PE: 932 檔 | YoY: 1190 檔 → /home/rychang/taiwan-stock-app/pe_yoy_cache.json
[2026-08-06 07:03:30] 執行 smart_money_updater.py...
[2026-08-06 07:03:30] 🐳 開始抓取集保大戶籌碼(千張以上大戶持股比例)...
[2026-08-06 07:03:49] ✅ 大戶籌碼快取建立完成！共 4019 檔標的
[2026-08-06 07:03:49] 執行 tech_indicator_builder.py...
[2026-08-06 07:03:50] 🚀 啟動進階量化指標(MA/布林/RSI/KD/MACD/ATR)平行計算...
  📊 篩選出 766 檔液態個股，進行平行爬取...
[07:03:55] ✅ 技術指標快取建立完成，共 766 筆 (耗時: 5.82 秒) → /home/rychang/taiwan-stock-app/tech_cache.json
[2026-08-06 07:03:55] 每日更新作業完成！
======================================
======================================
[2026-08-06 14:30:01] 啟動每日快取資料更新作業
[2026-08-06 14:30:01] 執行 pe_yoy_cache_builder.py...
[14:30:01] 🚀 開始建立 PE + YoY 快取...
  [TWSE] 抓取本益比...
    ✅ TWSE PE: 838 筆
  [TWSE] 抓取月營收年增率...
    ✅ TWSE YoY: 1077 筆
  [FinMind] 抓取 49 檔 TPEx 上櫃 PE + YoY...
    進度: 20/49 (19 筆成功)
    進度: 40/49 (39 筆成功)
  ✅ TPEx FinMind: PE 38 筆 | YoY 48 筆
[14:31:34] ✅ 快取建立完成！
  PE: 856 檔 | YoY: 1098 檔 → /home/rychang/taiwan-stock-app/pe_yoy_cache.json
[2026-08-06 14:31:34] 執行 smart_money_updater.py...
[2026-08-06 14:31:34] 🐳 開始抓取集保大戶籌碼(千張以上大戶持股比例)...
[2026-08-06 14:32:36] ✅ 大戶籌碼快取建立完成！共 4019 檔標的
[2026-08-06 14:32:36] 執行 tech_indicator_builder.py...
[2026-08-06 14:32:36] 🚀 啟動進階量化指標(MA/布林/RSI/KD/MACD/ATR)平行計算...
  📊 篩選出 536 檔液態個股，進行平行爬取...
[14:32:40] ✅ 技術指標快取建立完成，共 536 筆 (耗時: 4.71 秒) → /home/rychang/taiwan-stock-app/tech_cache.json
[2026-08-06 14:32:40] 每日更新作業完成！
======================================
======================================
[2026-08-07 07:00:01] 啟動每日快取資料更新作業
[2026-08-07 07:00:01] 執行 pe_yoy_cache_builder.py...
[07:00:01] 🚀 開始建立 PE + YoY 快取...
  [TWSE] 抓取本益比...
    ✅ TWSE PE: 840 筆
  [TWSE] 抓取月營收年增率...
    ✅ TWSE YoY: 1077 筆
  [FinMind] 抓取 233 檔 TPEx 上櫃 PE + YoY...
    進度: 20/233 (16 筆成功)
    進度: 40/233 (32 筆成功)
    進度: 60/233 (47 筆成功)
    進度: 80/233 (63 筆成功)
    進度: 100/233 (77 筆成功)
    進度: 120/233 (93 筆成功)
    進度: 140/233 (111 筆成功)
    進度: 160/233 (127 筆成功)
    進度: 180/233 (127 筆成功)
    進度: 200/233 (127 筆成功)
    進度: 220/233 (127 筆成功)
  ✅ TPEx FinMind: PE 107 筆 | YoY 133 筆
[07:03:39] ✅ 快取建立完成！
  PE: 927 檔 | YoY: 1183 檔 → /home/rychang/taiwan-stock-app/pe_yoy_cache.json
[2026-08-07 07:03:39] 執行 smart_money_updater.py...
[2026-08-07 07:03:39] 🐳 開始抓取集保大戶籌碼(千張以上大戶持股比例)...
[2026-08-07 07:03:58] ✅ 大戶籌碼快取建立完成！共 4019 檔標的
[2026-08-07 07:03:58] 執行 tech_indicator_builder.py...
[2026-08-07 07:03:58] 🚀 啟動進階量化指標(MA/布林/RSI/KD/MACD/ATR)平行計算...
  📊 篩選出 731 檔液態個股，進行平行爬取...
[07:04:02] ✅ 技術指標快取建立完成，共 731 筆 (耗時: 4.57 秒) → /home/rychang/taiwan-stock-app/tech_cache.json
[2026-08-07 07:04:02] 每日更新作業完成！
======================================
======================================
[2026-08-07 14:30:01] 啟動每日快取資料更新作業
[2026-08-07 14:30:01] 執行 pe_yoy_cache_builder.py...
[14:30:01] 🚀 開始建立 PE + YoY 快取...
  [TWSE] 抓取本益比...
    ✅ TWSE PE: 840 筆
  [TWSE] 抓取月營收年增率...
    ✅ TWSE YoY: 1077 筆
  [FinMind] 抓取 234 檔 TPEx 上櫃 PE + YoY...
    進度: 20/234 (17 筆成功)
    進度: 40/234 (33 筆成功)
    進度: 60/234 (49 筆成功)
    進度: 80/234 (62 筆成功)
    進度: 100/234 (78 筆成功)
    進度: 120/234 (97 筆成功)
    進度: 140/234 (110 筆成功)
    進度: 160/234 (121 筆成功)
    進度: 180/234 (121 筆成功)
    進度: 200/234 (121 筆成功)
    進度: 220/234 (121 筆成功)
  ✅ TPEx FinMind: PE 109 筆 | YoY 131 筆
[14:35:36] ✅ 快取建立完成！
  PE: 929 檔 | YoY: 1181 檔 → /home/rychang/taiwan-stock-app/pe_yoy_cache.json
[2026-08-07 14:35:36] 執行 smart_money_updater.py...
[2026-08-07 14:35:36] 🐳 開始抓取集保大戶籌碼(千張以上大戶持股比例)...
[2026-08-07 14:36:27] ✅ 大戶籌碼快取建立完成！共 4019 檔標的
[2026-08-07 14:36:27] 執行 tech_indicator_builder.py...
[2026-08-07 14:36:27] 🚀 啟動進階量化指標(MA/布林/RSI/KD/MACD/ATR)平行計算...
  📊 篩選出 740 檔液態個股，進行平行爬取...
[14:36:31] ✅ 技術指標快取建立完成，共 740 筆 (耗時: 4.16 秒) → /home/rychang/taiwan-stock-app/tech_cache.json
[2026-08-07 14:36:31] 每日更新作業完成！
======================================
======================================
[2026-08-10 07:00:01] 啟動每日快取資料更新作業
[2026-08-10 07:00:01] 執行 pe_yoy_cache_builder.py...
[07:00:01] 🚀 開始建立 PE + YoY 快取...
  [TWSE] 抓取本益比...
    ✅ TWSE PE: 844 筆
  [TWSE] 抓取月營收年增率...
    ✅ TWSE YoY: 1077 筆
  [FinMind] 抓取 234 檔 TPEx 上櫃 PE + YoY...
    進度: 20/234 (14 筆成功)
    進度: 40/234 (28 筆成功)
    進度: 60/234 (47 筆成功)
    進度: 80/234 (65 筆成功)
    進度: 100/234 (79 筆成功)
    進度: 120/234 (97 筆成功)
    進度: 140/234 (113 筆成功)
    進度: 160/234 (126 筆成功)
    進度: 180/234 (126 筆成功)
    進度: 200/234 (127 筆成功)
    進度: 220/234 (127 筆成功)
  ✅ TPEx FinMind: PE 110 筆 | YoY 131 筆
[07:03:07] ✅ 快取建立完成！
  PE: 934 檔 | YoY: 1181 檔 → /home/rychang/taiwan-stock-app/pe_yoy_cache.json
[2026-08-10 07:03:07] 執行 smart_money_updater.py...
[2026-08-10 07:03:07] 🐳 開始抓取集保大戶籌碼(千張以上大戶持股比例)...
[2026-08-10 07:03:27] ✅ 大戶籌碼快取建立完成！共 4026 檔標的
[2026-08-10 07:03:27] 執行 tech_indicator_builder.py...
[2026-08-10 07:03:27] 🚀 啟動進階量化指標(MA/布林/RSI/KD/MACD/ATR)平行計算...
  📊 篩選出 741 檔液態個股，進行平行爬取...
[07:03:38] ✅ 技術指標快取建立完成，共 741 筆 (耗時: 11.74 秒) → /home/rychang/taiwan-stock-app/tech_cache.json
[2026-08-10 07:03:38] 每日更新作業完成！
======================================
======================================
[2026-08-10 14:30:01] 啟動每日快取資料更新作業
[2026-08-10 14:30:02] 執行 pe_yoy_cache_builder.py...
[14:30:02] 🚀 開始建立 PE + YoY 快取...
  [TWSE] 抓取本益比...
    ✅ TWSE PE: 844 筆
  [TWSE] 抓取月營收年增率...
    ✅ TWSE YoY: 1077 筆
  [FinMind] 抓取 234 檔 TPEx 上櫃 PE + YoY...
    進度: 20/234 (18 筆成功)
    進度: 40/234 (35 筆成功)
    進度: 60/234 (51 筆成功)
    進度: 80/234 (67 筆成功)
    進度: 100/234 (82 筆成功)
    進度: 120/234 (96 筆成功)
    進度: 140/234 (114 筆成功)
    進度: 160/234 (123 筆成功)
    進度: 180/234 (124 筆成功)
    進度: 200/234 (124 筆成功)
    進度: 220/234 (124 筆成功)
  ✅ TPEx FinMind: PE 108 筆 | YoY 128 筆
[14:34:42] ✅ 快取建立完成！
  PE: 932 檔 | YoY: 1178 檔 → /home/rychang/taiwan-stock-app/pe_yoy_cache.json
[2026-08-10 14:34:42] 執行 smart_money_updater.py...
[2026-08-10 14:34:42] 🐳 開始抓取集保大戶籌碼(千張以上大戶持股比例)...
[2026-08-10 14:35:03] ✅ 大戶籌碼快取建立完成！共 4026 檔標的
[2026-08-10 14:35:03] 執行 tech_indicator_builder.py...
[2026-08-10 14:35:03] 🚀 啟動進階量化指標(MA/布林/RSI/KD/MACD/ATR)平行計算...
  📊 篩選出 787 檔液態個股，進行平行爬取...
[14:35:08] ✅ 技術指標快取建立完成，共 787 筆 (耗時: 5.12 秒) → /home/rychang/taiwan-stock-app/tech_cache.json
[2026-08-10 14:35:08] 每日更新作業完成！
======================================
======================================
[2026-08-11 07:00:01] 啟動每日快取資料更新作業
[2026-08-11 07:00:01] 執行 pe_yoy_cache_builder.py...
[07:00:01] 🚀 開始建立 PE + YoY 快取...
  [TWSE] 抓取本益比...
    ✅ TWSE PE: 848 筆
  [TWSE] 抓取月營收年增率...
    ✅ TWSE YoY: 1077 筆
  [FinMind] 抓取 234 檔 TPEx 上櫃 PE + YoY...
    進度: 20/234 (18 筆成功)
    進度: 40/234 (34 筆成功)
    進度: 60/234 (48 筆成功)
    進度: 80/234 (64 筆成功)
    進度: 100/234 (82 筆成功)
    進度: 120/234 (99 筆成功)
    進度: 140/234 (112 筆成功)
    進度: 160/234 (125 筆成功)
    進度: 180/234 (126 筆成功)
    進度: 200/234 (126 筆成功)
    進度: 220/234 (126 筆成功)
  ✅ TPEx FinMind: PE 117 筆 | YoY 135 筆
[07:03:57] ✅ 快取建立完成！
  PE: 945 檔 | YoY: 1185 檔 → /home/rychang/taiwan-stock-app/pe_yoy_cache.json
[2026-08-11 07:03:57] 執行 smart_money_updater.py...
[2026-08-11 07:03:57] 🐳 開始抓取集保大戶籌碼(千張以上大戶持股比例)...
[2026-08-11 07:04:16] ✅ 大戶籌碼快取建立完成！共 4026 檔標的
[2026-08-11 07:04:16] 執行 tech_indicator_builder.py...
[2026-08-11 07:04:16] 🚀 啟動進階量化指標(MA/布林/RSI/KD/MACD/ATR)平行計算...
  📊 篩選出 788 檔液態個股，進行平行爬取...
[07:04:21] ✅ 技術指標快取建立完成，共 787 筆 (耗時: 4.75 秒) → /home/rychang/taiwan-stock-app/tech_cache.json
[2026-08-11 07:04:21] 每日更新作業完成！
======================================
======================================
[2026-08-11 14:30:01] 啟動每日快取資料更新作業
[2026-08-11 14:30:01] 執行 pe_yoy_cache_builder.py...
[14:30:01] 🚀 開始建立 PE + YoY 快取...
  [TWSE] 抓取本益比...
    ✅ TWSE PE: 848 筆
  [TWSE] 抓取月營收年增率...
    ✅ TWSE YoY: 1077 筆
  [FinMind] 抓取 235 檔 TPEx 上櫃 PE + YoY...
    進度: 20/235 (13 筆成功)
    進度: 40/235 (30 筆成功)
    進度: 60/235 (46 筆成功)
    進度: 80/235 (63 筆成功)
    進度: 100/235 (79 筆成功)
    進度: 120/235 (96 筆成功)
    進度: 140/235 (113 筆成功)
    進度: 160/235 (128 筆成功)
    進度: 180/235 (128 筆成功)
    進度: 200/235 (128 筆成功)
    進度: 220/235 (128 筆成功)
  ✅ TPEx FinMind: PE 114 筆 | YoY 131 筆
[14:34:00] ✅ 快取建立完成！
  PE: 942 檔 | YoY: 1181 檔 → /home/rychang/taiwan-stock-app/pe_yoy_cache.json
[2026-08-11 14:34:00] 執行 smart_money_updater.py...
[2026-08-11 14:34:00] 🐳 開始抓取集保大戶籌碼(千張以上大戶持股比例)...
[2026-08-11 14:34:26] ✅ 大戶籌碼快取建立完成！共 4026 檔標的
[2026-08-11 14:34:26] 執行 tech_indicator_builder.py...
[2026-08-11 14:34:26] 🚀 啟動進階量化指標(MA/布林/RSI/KD/MACD/ATR)平行計算...
  📊 篩選出 740 檔液態個股，進行平行爬取...
[14:34:31] ✅ 技術指標快取建立完成，共 740 筆 (耗時: 4.73 秒) → /home/rychang/taiwan-stock-app/tech_cache.json
[2026-08-11 14:34:31] 每日更新作業完成！
======================================
======================================
[2026-08-12 07:00:01] 啟動每日快取資料更新作業
[2026-08-12 07:00:01] 執行 pe_yoy_cache_builder.py...
[07:00:01] 🚀 開始建立 PE + YoY 快取...
  [TWSE] 抓取本益比...
    ✅ TWSE PE: 857 筆
  [TWSE] 抓取月營收年增率...
    ✅ TWSE YoY: 1065 筆
  [FinMind] 抓取 235 檔 TPEx 上櫃 PE + YoY...
    進度: 20/235 (16 筆成功)
    進度: 40/235 (33 筆成功)
    進度: 60/235 (49 筆成功)
    進度: 80/235 (63 筆成功)
    進度: 100/235 (82 筆成功)
    進度: 120/235 (97 筆成功)
    進度: 140/235 (114 筆成功)
    進度: 160/235 (126 筆成功)
    進度: 180/235 (126 筆成功)
    進度: 200/235 (127 筆成功)
    進度: 220/235 (127 筆成功)
  ✅ TPEx FinMind: PE 107 筆 | YoY 129 筆
[07:03:03] ✅ 快取建立完成！
  PE: 944 檔 | YoY: 1167 檔 → /home/rychang/taiwan-stock-app/pe_yoy_cache.json
[2026-08-12 07:03:03] 執行 smart_money_updater.py...
[2026-08-12 07:03:03] 🐳 開始抓取集保大戶籌碼(千張以上大戶持股比例)...
[2026-08-12 07:03:22] ✅ 大戶籌碼快取建立完成！共 4026 檔標的
[2026-08-12 07:03:22] 執行 tech_indicator_builder.py...
[2026-08-12 07:03:22] 🚀 啟動進階量化指標(MA/布林/RSI/KD/MACD/ATR)平行計算...
  📊 篩選出 743 檔液態個股，進行平行爬取...
[07:03:26] ✅ 技術指標快取建立完成，共 743 筆 (耗時: 4.43 秒) → /home/rychang/taiwan-stock-app/tech_cache.json
[2026-08-12 07:03:26] 每日更新作業完成！
======================================
======================================
[2026-08-12 14:30:01] 啟動每日快取資料更新作業
[2026-08-12 14:30:01] 執行 pe_yoy_cache_builder.py...
[14:30:01] 🚀 開始建立 PE + YoY 快取...
  [TWSE] 抓取本益比...
    ✅ TWSE PE: 857 筆
  [TWSE] 抓取月營收年增率...
    ✅ TWSE YoY: 1065 筆
  [FinMind] 抓取 236 檔 TPEx 上櫃 PE + YoY...
    進度: 20/236 (16 筆成功)
    進度: 40/236 (30 筆成功)
    進度: 60/236 (46 筆成功)
    進度: 80/236 (59 筆成功)
    進度: 100/236 (75 筆成功)
    進度: 120/236 (93 筆成功)
    進度: 140/236 (108 筆成功)
    進度: 160/236 (120 筆成功)
    進度: 180/236 (120 筆成功)
    進度: 200/236 (120 筆成功)
    進度: 220/236 (121 筆成功)
  ✅ TPEx FinMind: PE 110 筆 | YoY 125 筆
[14:33:05] ✅ 快取建立完成！
  PE: 947 檔 | YoY: 1163 檔 → /home/rychang/taiwan-stock-app/pe_yoy_cache.json
[2026-08-12 14:33:05] 執行 smart_money_updater.py...
[2026-08-12 14:33:05] 🐳 開始抓取集保大戶籌碼(千張以上大戶持股比例)...
[2026-08-12 14:33:53] ✅ 大戶籌碼快取建立完成！共 4026 檔標的
[2026-08-12 14:33:53] 執行 tech_indicator_builder.py...
[2026-08-12 14:33:53] 🚀 啟動進階量化指標(MA/布林/RSI/KD/MACD/ATR)平行計算...
  📊 篩選出 742 檔液態個股，進行平行爬取...
[14:34:02] ✅ 技術指標快取建立完成，共 741 筆 (耗時: 9.02 秒) → /home/rychang/taiwan-stock-app/tech_cache.json
[2026-08-12 14:34:02] 每日更新作業完成！
======================================
